Component: ARM Compiler 5.06 update 5 (build 528) Tool: armlink [4d35e2]

==============================================================================

Section Cross References

    startup_stm32f407xx.o(RESET) refers to startup_stm32f407xx.o(STACK) for __initial_sp
    startup_stm32f407xx.o(RESET) refers to startup_stm32f407xx.o(.text) for Reset_Handler
    startup_stm32f407xx.o(RESET) refers to stm32f4xx_it.o(i.NMI_Handler) for NMI_Handler
    startup_stm32f407xx.o(RESET) refers to stm32f4xx_it.o(i.HardFault_Handler) for HardFault_Handler
    startup_stm32f407xx.o(RESET) refers to stm32f4xx_it.o(i.MemManage_Handler) for MemManage_Handler
    startup_stm32f407xx.o(RESET) refers to stm32f4xx_it.o(i.BusFault_Handler) for BusFault_Handler
    startup_stm32f407xx.o(RESET) refers to stm32f4xx_it.o(i.UsageFault_Handler) for UsageFault_Handler
    startup_stm32f407xx.o(RESET) refers to port.o(.emb_text) for SVC_Handler
    startup_stm32f407xx.o(RESET) refers to stm32f4xx_it.o(i.DebugMon_Handler) for DebugMon_Handler
    startup_stm32f407xx.o(RESET) refers to port.o(i.SysTick_Handler) for SysTick_Handler
    startup_stm32f407xx.o(RESET) refers to stm32f4xx_it.o(i.EXTI3_IRQHandler) for EXTI3_IRQHandler
    startup_stm32f407xx.o(RESET) refers to stm32f4xx_it.o(i.EXTI4_IRQHandler) for EXTI4_IRQHandler
    startup_stm32f407xx.o(RESET) refers to stm32f4xx_it.o(i.DMA1_Stream1_IRQHandler) for DMA1_Stream1_IRQHandler
    startup_stm32f407xx.o(RESET) refers to stm32f4xx_it.o(i.CAN1_RX0_IRQHandler) for CAN1_RX0_IRQHandler
    startup_stm32f407xx.o(RESET) refers to stm32f4xx_it.o(i.EXTI9_5_IRQHandler) for EXTI9_5_IRQHandler
    startup_stm32f407xx.o(RESET) refers to stm32f4xx_it.o(i.SPI1_IRQHandler) for SPI1_IRQHandler
    startup_stm32f407xx.o(RESET) refers to stm32f4xx_it.o(i.USART1_IRQHandler) for USART1_IRQHandler
    startup_stm32f407xx.o(RESET) refers to stm32f4xx_it.o(i.USART3_IRQHandler) for USART3_IRQHandler
    startup_stm32f407xx.o(RESET) refers to stm32f4xx_it.o(i.TIM6_DAC_IRQHandler) for TIM6_DAC_IRQHandler
    startup_stm32f407xx.o(RESET) refers to stm32f4xx_it.o(i.DMA2_Stream1_IRQHandler) for DMA2_Stream1_IRQHandler
    startup_stm32f407xx.o(RESET) refers to stm32f4xx_it.o(i.CAN2_RX0_IRQHandler) for CAN2_RX0_IRQHandler
    startup_stm32f407xx.o(RESET) refers to stm32f4xx_it.o(i.DMA2_Stream5_IRQHandler) for DMA2_Stream5_IRQHandler
    startup_stm32f407xx.o(RESET) refers to stm32f4xx_it.o(i.DMA2_Stream7_IRQHandler) for DMA2_Stream7_IRQHandler
    startup_stm32f407xx.o(RESET) refers to stm32f4xx_it.o(i.USART6_IRQHandler) for USART6_IRQHandler
    startup_stm32f407xx.o(.text) refers to system_stm32f4xx.o(i.SystemInit) for SystemInit
    startup_stm32f407xx.o(.text) refers to entry.o(.ARM.Collect$$$$00000000) for __main
    main.o(i.HAL_TIM_PeriodElapsedCallback) refers to stm32f4xx_hal.o(i.HAL_IncTick) for HAL_IncTick
    main.o(i.SystemClock_Config) refers to memseta.o(.text) for __aeabi_memclr4
    main.o(i.SystemClock_Config) refers to stm32f4xx_hal_rcc.o(i.HAL_RCC_OscConfig) for HAL_RCC_OscConfig
    main.o(i.SystemClock_Config) refers to main.o(i.Error_Handler) for Error_Handler
    main.o(i.SystemClock_Config) refers to stm32f4xx_hal_rcc.o(i.HAL_RCC_ClockConfig) for HAL_RCC_ClockConfig
    main.o(i.main) refers to stm32f4xx_hal.o(i.HAL_Init) for HAL_Init
    main.o(i.main) refers to main.o(i.SystemClock_Config) for SystemClock_Config
    main.o(i.main) refers to gpio.o(i.MX_GPIO_Init) for MX_GPIO_Init
    main.o(i.main) refers to dma.o(i.MX_DMA_Init) for MX_DMA_Init
    main.o(i.main) refers to can.o(i.MX_CAN1_Init) for MX_CAN1_Init
    main.o(i.main) refers to can.o(i.MX_CAN2_Init) for MX_CAN2_Init
    main.o(i.main) refers to spi.o(i.MX_SPI1_Init) for MX_SPI1_Init
    main.o(i.main) refers to tim.o(i.MX_TIM1_Init) for MX_TIM1_Init
    main.o(i.main) refers to usart.o(i.MX_USART3_UART_Init) for MX_USART3_UART_Init
    main.o(i.main) refers to tim.o(i.MX_TIM8_Init) for MX_TIM8_Init
    main.o(i.main) refers to tim.o(i.MX_TIM12_Init) for MX_TIM12_Init
    main.o(i.main) refers to usart.o(i.MX_USART6_UART_Init) for MX_USART6_UART_Init
    main.o(i.main) refers to usart.o(i.MX_USART1_UART_Init) for MX_USART1_UART_Init
    main.o(i.main) refers to app_init.o(i.Init_InitAll) for Init_InitAll
    main.o(i.main) refers to freertos.o(i.MX_FREERTOS_Init) for MX_FREERTOS_Init
    main.o(i.main) refers to cmsis_os.o(i.osKernelStart) for osKernelStart
    gpio.o(i.MX_GPIO_Init) refers to memseta.o(.text) for __aeabi_memclr4
    gpio.o(i.MX_GPIO_Init) refers to stm32f4xx_hal_gpio.o(i.HAL_GPIO_WritePin) for HAL_GPIO_WritePin
    gpio.o(i.MX_GPIO_Init) refers to stm32f4xx_hal_gpio.o(i.HAL_GPIO_Init) for HAL_GPIO_Init
    gpio.o(i.MX_GPIO_Init) refers to stm32f4xx_hal_cortex.o(i.HAL_NVIC_SetPriority) for HAL_NVIC_SetPriority
    gpio.o(i.MX_GPIO_Init) refers to stm32f4xx_hal_cortex.o(i.HAL_NVIC_EnableIRQ) for HAL_NVIC_EnableIRQ
    freertos.o(i.Chassis_Task) refers to cmsis_os.o(i.osDelay) for osDelay
[...]
    last_shoot_speed                         0x20000140   Data           4  app_autoaim.o(.data)
    real_shoot_speed_save                    0x2000014c   Data          20  app_autoaim.o(.data)
    AIM_TEXT                                 0x20000164   Data           4  module_referee.o(.data)
    STR_TEXT_Shoot1                          0x20000168   Data           4  module_referee.o(.data)
    STR_TEXT_Shoot2                          0x2000016c   Data           4  module_referee.o(.data)
    error                                    0x20000188   Data           1  periph_bmi088.o(.data)
    BMI088_ACCEL_SEN                         0x2000018c   Data           4  periph_bmi088.o(.data)
    BMI088_GYRO_SEN                          0x20000190   Data           4  periph_bmi088.o(.data)
    Const_BMI088_SPI_HANDLER                 0x20000194   Data           4  periph_bmi088.o(.data)
    testm                                    0x200001bc   Data           1  periph_referee.o(.data)
    Const_Referee_UART_HANDLER               0x200001c0   Data           4  periph_referee.o(.data)
    Const_Remote_UART_HANDLER                0x200001c4   Data           4  periph_remote.o(.data)
    LASER_START                              0x200001c8   Data          20  util_gpio.o(.data)
    CS_ACCEL_START                           0x200001dc   Data          20  util_gpio.o(.data)
    CS_GYRO_START                            0x200001f0   Data          20  util_gpio.o(.data)
    CS_ACCEL                                 0x20000204   Data           4  util_gpio.o(.data)
    CS_GYRO                                  0x20000208   Data           4  util_gpio.o(.data)
    LASER                                    0x2000020c   Data           4  util_gpio.o(.data)
    Const_SERVO_INIT_OFFSET                  0x20000210   Data           4  sys_const.o(.data)
    MOUSE_PITCH_ANGLE_TO_FACT                0x20000214   Data           4  sys_const.o(.data)
    MOUSE_YAW_ANGLE_TO_FACT                  0x20000218   Data           4  sys_const.o(.data)
    CHASSIS_YAW_ANGLE_OFFSET                 0x2000021c   Data           4  sys_const.o(.data)
    Const_PITCH_UMAXANGLE                    0x20000220   Data           4  sys_const.o(.data)
    Const_PITCH_UMAXANGLE_GRYO               0x20000224   Data           4  sys_const.o(.data)
    Const_PITCH_DMAXANGLE                    0x20000228   Data           4  sys_const.o(.data)
    Const_YAW_MAXANGLE                       0x2000022c   Data           4  sys_const.o(.data)
    Const_PITCH_MOTOR_INIT_OFFSETf           0x20000230   Data           4  sys_const.o(.data)
    Const_ShootLeftParam                     0x20000234   Data          80  sys_const.o(.data)
    Const_ShootRightParam                    0x20000284   Data          80  sys_const.o(.data)
    QuaternionEKF_P                          0x200002d4   Data         144  sys_const.o(.data)
    SysTime                                  0x20000398   Data           8  sys_dwt.o(.data)
    CYCCNT64                                 0x200003a0   Data           8  sys_dwt.o(.data)
    CRC8_INIT                                0x200003a8   Data           1  alg_crc.o(.data)
    CRC16_INIT                               0x200003aa   Data           2  alg_crc.o(.data)
    block                                    0x200003f8   Data           4  protocol_common.o(.data)
    ProtocolCmd_Send                         0x200003fc   Data          32  protocol_transmit.o(.data)
    dt_tick3                                 0x2000041c   Data           4  protocol_transmit.o(.data)
    dt_3                                     0x20000420   Data           4  protocol_transmit.o(.data)
    dt_tick4                                 0x20000424   Data           4  protocol_transmit.o(.data)
    dt_4                                     0x20000428   Data           4  protocol_transmit.o(.data)
    dt_tick5                                 0x2000042c   Data           4  protocol_transmit.o(.data)
    dt_5                                     0x20000430   Data           4  protocol_transmit.o(.data)
    dt_tick6                                 0x20000434   Data           4  protocol_transmit.o(.data)
    dt_6                                     0x20000438   Data           4  protocol_transmit.o(.data)
    __microlib_freelist                      0x2000043c   Data           4  mvars.o(.data)
    __microlib_freelist_initialised          0x20000440   Data           4  mvars.o(.data)
    hcan1                                    0x20000af0   Data          40  can.o(.bss)
    hcan2                                    0x20000b18   Data          40  can.o(.bss)
    hspi1                                    0x20000b40   Data          88  spi.o(.bss)
    hdma_spi1_rx                             0x20000b98   Data          96  spi.o(.bss)
    hdma_spi1_tx                             0x20000bf8   Data          96  spi.o(.bss)
    htim1                                    0x20000c58   Data          72  tim.o(.bss)
    htim8                                    0x20000ca0   Data          72  tim.o(.bss)
    htim12                                   0x20000ce8   Data          72  tim.o(.bss)
    huart1                                   0x20000d30   Data          72  usart.o(.bss)
    huart3                                   0x20000d78   Data          72  usart.o(.bss)
    huart6                                   0x20000dc0   Data          72  usart.o(.bss)
    hdma_usart1_rx                           0x20000e08   Data          96  usart.o(.bss)
    hdma_usart1_tx                           0x20000e68   Data          96  usart.o(.bss)
    hdma_usart3_rx                           0x20000ec8   Data          96  usart.o(.bss)
    hdma_usart6_rx                           0x20000f28   Data          96  usart.o(.bss)
    htim6                                    0x20000f88   Data          72  stm32f4xx_hal_timebase_tim.o(.bss)
    xQueueRegistry                           0x20000fd0   Data          64  queue.o(.bss)
    INS                                      0x20007210   Data         128  app_ins.o(.bss)
    Param                                    0x20007290   Data          28  app_ins.o(.bss)
    ChariqotRecognition_data                 0x200072ac   Data          60  app_autoaim.o(.bss)
    visionDataSend                           0x200072e8   Data          16  app_autoaim.o(.bss)
    visionDataGet                            0x200072f8   Data          16  app_autoaim.o(.bss)
    Referee_dummyGraphicCmd                  0x20007308   Data          15  module_referee.o(.bss)
    Referee_DrawData                         0x20007318   Data          16  module_referee.o(.bss)
    graphicData                              0x20007328   Data         451  module_referee.o(.bss)
    GimbalPitch_gimbalPitchControlData       0x200074ec   Data         276  module_gimbal.o(.bss)
    GimbalYaw_gimbalYawControlData           0x20007600   Data         284  module_gimbal.o(.bss)
    Shooter_ShooterControl                   0x2000771c   Data         600  module_shoot.o(.bss)
    Chassis_ControlData                      0x20007974   Data        1136  module_chassis.o(.bss)
    Chassis_StatusData                       0x20007de4   Data          40  module_chassis.o(.bss)
    CapHeader                                0x20007e0c   Data          24  module_supercap.o(.bss)
    SuperCap                                 0x20007e24   Data          16  module_supercap.o(.bss)
    BMI088_BMI088Data                        0x20007e34   Data         100  periph_bmi088.o(.bss)
    Motor_groupHandle                        0x20007e98   Data          16  periph_motor.o(.bss)
    Motor_ChassisMotors                      0x20007ea8   Data          52  periph_motor.o(.bss)
    Motor_PitchMotors                        0x20007edc   Data          52  periph_motor.o(.bss)
    Motor_ShootMotors                        0x20007f10   Data          52  periph_motor.o(.bss)
    Motor_ChassisFontRightMotor              0x20007f44   Data          80  periph_motor.o(.bss)
    Motor_ChassisFontLeftMotor               0x20007f94   Data          80  periph_motor.o(.bss)
    Motor_ChassisBackLeftMotor               0x20007fe4   Data          80  periph_motor.o(.bss)
    Motor_ChassisBackRightMotor              0x20008034   Data          80  periph_motor.o(.bss)
    Motor_PitchMotor                         0x20008084   Data          80  periph_motor.o(.bss)
    Motor_YawMotor                           0x200080d4   Data          80  periph_motor.o(.bss)
    Motor_ShootLeftMotor                     0x20008124   Data          80  periph_motor.o(.bss)
    Motor_ShootRightMotor                    0x20008174   Data          80  periph_motor.o(.bss)
    Motor_FeedMotor                          0x200081c4   Data          80  periph_motor.o(.bss)
    Referee_TxData                           0x20008218   Data         300  periph_referee.o(.bss)
    Referee_RxData                           0x20008344   Data         300  periph_referee.o(.bss)
    Referee_RefereeData                      0x20008470   Data          72  periph_referee.o(.bss)
    Remote_RxData                            0x200084b8   Data          54  periph_remote.o(.bss)
    Remote_RemoteData                        0x200084f0   Data          44  periph_remote.o(.bss)
    Servo_ammoContainerCapServo              0x2000851c   Data          64  periph_servo.o(.bss)
    Can_RxHeader                             0x2000855c   Data          28  util_can.o(.bss)
    Can_RxData                               0x20008578   Data         200  util_can.o(.bss)
    QuaternionEKF_K                          0x20008640   Data          72  alg_quaternionekf.o(.bss)
    QuaternionEKF_H                          0x20008688   Data          72  alg_quaternionekf.o(.bss)
    QEKF_INS                                 0x200086d0   Data         480  alg_quaternionekf.o(.bss)
    chassisTyre                              0x200088b0   Data         160  alg_power_limit.o(.bss)
    chassisPowerLimit                        0x20008950   Data          48  alg_power_limit.o(.bss)
    BusComm_TxData                           0x20008980   Data         100  protocol_common.o(.bss)
    BusComm_RxData                           0x200089e4   Data         100  protocol_common.o(.bss)
    Protocol_Data                            0x20008a48   Data          28  protocol_common.o(.bss)
    Protocol_CAN_TxhEADER                    0x20008a64   Data          24  protocol_transmit.o(.bss)
    __heap_base                              0x20008a80   Data           0  startup_stm32f407xx.o(HEAP)
    __heap_limit                             0x2000aa80   Data           0  startup_stm32f407xx.o(HEAP)
    __initial_sp                             0x2000ea80   Data           0  startup_stm32f407xx.o(STACK)



==============================================================================

Memory Map of the image

  Image Entry point : 0x08000189

  Load Region LR_IROM1 (Base: 0x08000000, Size: 0x0000e7c0, Max: 0x00100000, ABSOLUTE, COMPRESSED[0x0000e46c])

    Execution Region ER_IROM1 (Exec base: 0x08000000, Load base: 0x08000000, Size: 0x0000e378, Max: 0x00100000, ABSOLUTE)

    Exec Addr    Load Addr    Size         Type   Attr      Idx    E Section Name        Object

    0x08000000   0x08000000   0x00000188   Data   RO            3    RESET               startup_stm32f407xx.o
    0x08000188   0x08000188   0x00000000   Code   RO         9298  * .ARM.Collect$$$$00000000  mc_w.l(entry.o)
    0x08000188   0x08000188   0x00000004   Code   RO         9405    .ARM.Collect$$$$00000001  mc_w.l(entry2.o)
    0x0800018c   0x0800018c   0x00000004   Code   RO         9408    .ARM.Collect$$$$00000004  mc_w.l(entry5.o)
    0x08000190   0x08000190   0x00000000   Code   RO         9410    .ARM.Collect$$$$00000008  mc_w.l(entry7b.o)
    0x08000190   0x08000190   0x00000000   Code   RO         9412    .ARM.Collect$$$$0000000A  mc_w.l(entry8b.o)
    0x08000190   0x08000190   0x00000008   Code   RO         9413    .ARM.Collect$$$$0000000B  mc_w.l(entry9a.o)
    0x08000198   0x08000198   0x00000000   Code   RO         9415    .ARM.Collect$$$$0000000D  mc_w.l(entry10a.o)
    0x08000198   0x08000198   0x00000000   Code   RO         9417    .ARM.Collect$$$$0000000F  mc_w.l(entry11a.o)
    0x08000198   0x08000198   0x00000004   Code   RO         9406    .ARM.Collect$$$$00002712  mc_w.l(entry2.o)
    0x0800019c   0x0800019c   0x000000be   Code   RO         5465    .emb_text           port.o
    0x0800025a   0x0800025a   0x00000002   PAD
    0x0800025c   0x0800025c   0x00000024   Code   RO            4    .text               startup_stm32f407xx.o
    0x08000280   0x08000280   0x00000062   Code   RO         9301    .text               mc_w.l(uldiv.o)
    0x080002e2   0x080002e2   0x00000024   Code   RO         9303    .text               mc_w.l(memcpya.o)
    0x08000306   0x08000306   0x00000024   Code   RO         9307    .text               mc_w.l(memseta.o)
    0x0800032a   0x0800032a   0x0000000e   Code   RO         9309    .text               mc_w.l(strlen.o)
    0x08000338   0x08000338   0x0000014e   Code   RO         9369    .text               mf_w.l(dadd.o)
    0x08000486   0x08000486   0x000000e4   Code   RO         9371    .text               mf_w.l(dmul.o)
    0x0800056a   0x0800056a   0x0000001a   Code   RO         9377    .text               mf_w.l(dfltui.o)
    0x08000584   0x08000584   0x00000032   Code   RO         9379    .text               mf_w.l(dfixui.o)
    0x080005b6   0x080005b6   0x00000026   Code   RO         9381    .text               mf_w.l(f2d.o)
    0x080005dc   0x080005dc   0x00000030   Code   RO         9383    .text               mf_w.l(cdcmple.o)
    0x0800060c   0x0800060c   0x00000030   Code   RO         9385    .text               mf_w.l(cdrcmple.o)
    0x0800063c   0x0800063c   0x00000038   Code   RO         9387    .text               mf_w.l(d2f.o)
    0x08000674   0x08000674   0x0000001e   Code   RO         9424    .text               mc_w.l(llshl.o)
    0x08000692   0x08000692   0x00000020   Code   RO         9426    .text               mc_w.l(llushr.o)
    0x080006b2   0x080006b2   0x00000024   Code   RO         9428    .text               mc_w.l(llsshr.o)
    0x080006d6   0x080006d6   0x00000000   Code   RO         9439    .text               mc_w.l(iusefp.o)
    0x080006d6   0x080006d6   0x0000006e   Code   RO         9440    .text               mf_w.l(fepilogue.o)
    0x08000744   0x08000744   0x000000ba   Code   RO         9442    .text               mf_w.l(depilogue.o)
    0x080007fe   0x080007fe   0x00000002   PAD
    0x08000800   0x08000800   0x00000024   Code   RO         9450    .text               mc_w.l(init.o)
    0x08000824   0x08000824   0x00000056   Code   RO         9462    .text               mc_w.l(__dczerorl2.o)
    0x0800087a   0x0800087a   0x00000002   PAD
    0x0800087c   0x0800087c   0x000000a0   Code   RO         9075    .text.arm_cos_f32   arm_cortexM4lf_math.lib(arm_cos_f32.o)
    0x0800091c   0x0800091c   0x000000be   Code   RO         9095    .text.arm_mat_add_f32  arm_cortexM4lf_math.lib(arm_mat_add_f32.o)
    0x080009da   0x080009da   0x00000008   Code   RO         9105    .text.arm_mat_init_f32  arm_cortexM4lf_math.lib(arm_mat_init_f32.o)
    0x080009e2   0x080009e2   0x00000002   PAD
    0x080009e4   0x080009e4   0x000002d0   Code   RO         9114    .text.arm_mat_inverse_f32  arm_cortexM4lf_math.lib(arm_mat_inverse_f32.o)
    0x08000cb4   0x08000cb4   0x0000013c   Code   RO         9124    .text.arm_mat_mult_f32  arm_cortexM4lf_math.lib(arm_mat_mult_f32.o)
    0x08000df0   0x08000df0   0x000000be   Code   RO         9134    .text.arm_mat_sub_f32  arm_cortexM4lf_math.lib(arm_mat_sub_f32.o)
    0x08000eae   0x08000eae   0x00000002   PAD
    0x08000eb0   0x08000eb0   0x000000b2   Code   RO         9144    .text.arm_mat_trans_f32  arm_cortexM4lf_math.lib(arm_mat_trans_f32.o)
    0x08000f62   0x08000f62   0x00000002   PAD
    0x08000f64   0x08000f64   0x00000098   Code   RO         9085    .text.arm_sin_f32   arm_cortexM4lf_math.lib(arm_sin_f32.o)
    0x08000ffc   0x08000ffc   0x00000180   Code   RO         6944    i.BMI088_BMI088AccelInit  periph_bmi088.o
    0x0800117c   0x0800117c   0x00000360   Code   RO         6946    i.BMI088_BMI088AccelTest  periph_bmi088.o
    0x080014dc   0x080014dc   0x00000218   Code   RO         6947    i.BMI088_BMI088DecodeData  periph_bmi088.o
    0x080016f4   0x080016f4   0x00000148   Code   RO         6948    i.BMI088_BMI088GyroInit  periph_bmi088.o
    0x0800183c   0x0800183c   0x00000124   Code   RO         6950    i.BMI088_BMI088GyroTest  periph_bmi088.o
    0x08001960   0x08001960   0x00000008   Code   RO         6952    i.BMI088_GetBMI088DataPtr  periph_bmi088.o
    0x08001968   0x08001968   0x000000cc   Code   RO         6953    i.BMI088_GetOffset  periph_bmi088.o
    0x08001a34   0x08001a34   0x00000050   Code   RO         6954    i.BMI088_Init       periph_bmi088.o
    0x08001a84   0x08001a84   0x00000022   Code   RO         6955    i.BMI088_IsBMI088Offline  periph_bmi088.o
    0x08001aa6   0x08001aa6   0x00000002   PAD
    0x08001aa8   0x08001aa8   0x0000003c   Code   RO         6956    i.BMI088_ResetBMI088Data  periph_bmi088.o
    0x08001ae4   0x08001ae4   0x000003e8   Code   RO         6957    i.BMI088_SetOffset  periph_bmi088.o
    0x08001ecc   0x08001ecc   0x000000ea   Code   RO         5805    i.BodyFrameToEarthFrame  app_ins.o
    0x08001fb6   0x08001fb6   0x00000002   Code   RO          621    i.BusFault_Handler  stm32f4xx_it.o
    0x08001fb8   0x08001fb8   0x0000000c   Code   RO          622    i.CAN1_RX0_IRQHandler  stm32f4xx_it.o
    0x08001fc4   0x08001fc4   0x0000000c   Code   RO          623    i.CAN2_RX0_IRQHandler  stm32f4xx_it.o
    0x08001fd0   0x08001fd0   0x00000030   Code   RO         8314    i.CRC_GetCRC16CheckSum  alg_crc.o
    0x08002000   0x08002000   0x0000001c   Code   RO         8315    i.CRC_GetCRC8CheckSum  alg_crc.o
    0x0800201c   0x0800201c   0x00000040   Code   RO         8316    i.CRC_VerifyCRC16CheckSum  alg_crc.o
    0x0800205c   0x0800205c   0x00000034   Code   RO         8317    i.CRC_VerifyCRC8CheckSum  alg_crc.o
    0x08002090   0x08002090   0x00000002   Code   RO         7690    i.Can_ErrorHandler  util_can.o
    0x08002092   0x08002092   0x00000002   PAD
    0x08002094   0x08002094   0x0000005c   Code   RO         7691    i.Can_InitFilterAndStart  util_can.o
    0x080020f0   0x080020f0   0x00000010   Code   RO         7692    i.Can_InitTxHeader  util_can.o
    0x08002100   0x08002100   0x0000003c   Code   RO         7693    i.Can_RxMessageCallback  util_can.o
    0x0800213c   0x0800213c   0x00000012   Code   RO         7694    i.Can_SendMessage   util_can.o
    0x0800214e   0x0800214e   0x00000002   PAD
    0x08002150   0x08002150   0x00000008   Code   RO         6803    i.Chassis_ChassisPtr  module_chassis.o
    0x08002158   0x08002158   0x00000100   Code   RO         6804    i.Chassis_Control   module_chassis.o
    0x08002258   0x08002258   0x0000004c   Code   RO         5945    i.Chassis_Follow    app_remote.o
    0x080022a4   0x080022a4   0x00000218   Code   RO         6805    i.Chassis_InitChassis  module_chassis.o
    0x080024bc   0x080024bc   0x00000030   Code   RO         6806    i.Chassis_Output    module_chassis.o
    0x080024ec   0x080024ec   0x00000054   Code   RO         6807    i.Chassis_ResetYawAngle  module_chassis.o
    0x08002540   0x08002540   0x0000000c   Code   RO         6809    i.Chassis_SetChassisMode  module_chassis.o
    0x0800254c   0x0800254c   0x00000300   Code   RO         6811    i.Chassis_SetChassisRef  module_chassis.o
    0x0800284c   0x0800284c   0x0000007c   Code   RO         6812    i.Chassis_SetChassisYawAngle  module_chassis.o
    0x080028c8   0x080028c8   0x00000008   Code   RO         6813    i.Chassis_StatusPtr  module_chassis.o
    0x080028d0   0x080028d0   0x0000001c   Code   RO         6241    i.Chassis_Task      app_chassis.o
    0x080028ec   0x080028ec   0x0000000c   Code   RO         5545    i.Comm_Task         app_communicate.o
    0x080028f8   0x080028f8   0x0000000c   Code   RO          624    i.DMA1_Stream1_IRQHandler  stm32f4xx_it.o
    0x08002904   0x08002904   0x0000000c   Code   RO          625    i.DMA2_Stream1_IRQHandler  stm32f4xx_it.o
    0x08002910   0x08002910   0x0000000c   Code   RO          626    i.DMA2_Stream5_IRQHandler  stm32f4xx_it.o
    0x0800291c   0x0800291c   0x0000000c   Code   RO          627    i.DMA2_Stream7_IRQHandler  stm32f4xx_it.o
    0x08002928   0x08002928   0x0000002c   Code   RO         2581    i.DMA_CalcBaseAndBitshift  stm32f4xx_hal_dma.o
    0x08002954   0x08002954   0x00000078   Code   RO         2582    i.DMA_CheckFifoParam  stm32f4xx_hal_dma.o
    0x080029cc   0x080029cc   0x0000002a   Code   RO         2583    i.DMA_SetConfig     stm32f4xx_hal_dma.o
    0x080029f6   0x080029f6   0x00000002   PAD
    0x080029f8   0x080029f8   0x00000028   Code   RO         8205    i.DWT_CNT_Update    sys_dwt.o
    0x08002a20   0x08002a20   0x00000034   Code   RO         8206    i.DWT_Delay         sys_dwt.o
    0x08002a54   0x08002a54   0x00000048   Code   RO         8207    i.DWT_GetDeltaT     sys_dwt.o
    0x08002a9c   0x08002a9c   0x00000044   Code   RO         8210    i.DWT_GetTimeline_s  sys_dwt.o
    0x08002ae0   0x08002ae0   0x00000048   Code   RO         8212    i.DWT_Init          sys_dwt.o
    0x08002b28   0x08002b28   0x00000090   Code   RO         8213    i.DWT_SysTimeUpdate  sys_dwt.o
    0x08002bb8   0x08002bb8   0x00000002   Code   RO          628    i.DebugMon_Handler  stm32f4xx_it.o
    0x08002bba   0x08002bba   0x00000002   PAD
    0x08002bbc   0x08002bbc   0x00000044   Code   RO         6296    i.Draw_AddLine      module_referee.o
    0x08002c00   0x08002c00   0x00000030   Code   RO         6297    i.Draw_ClearAll     module_referee.o
    0x08002c30   0x08002c30   0x00000028   Code   RO         6298    i.Draw_ClearLayer   module_referee.o
    0x08002c58   0x08002c58   0x00000060   Code   RO         6300    i.Draw_String       module_referee.o
    0x08002cb8   0x08002cb8   0x00000006   Code   RO          629    i.EXTI3_IRQHandler  stm32f4xx_it.o
    0x08002cbe   0x08002cbe   0x00000006   Code   RO          630    i.EXTI4_IRQHandler  stm32f4xx_it.o
    0x08002cc4   0x08002cc4   0x00000006   Code   RO          631    i.EXTI9_5_IRQHandler  stm32f4xx_it.o
    0x08002cca   0x08002cca   0x000000ea   Code   RO         5806    i.EarthFrameToBodyFrame  app_ins.o
    0x08002db4   0x08002db4   0x00000004   Code   RO           13    i.Error_Handler     main.o
    0x08002db8   0x08002db8   0x00000040   Code   RO         8389    i.Filter_LowPass    alg_filter.o
    0x08002df8   0x08002df8   0x00000006   Code   RO         8390    i.Filter_LowPassInit  alg_filter.o
    0x08002dfe   0x08002dfe   0x00000010   Code   RO         7812    i.GPIO_ReadPin      util_gpio.o
    0x08002e0e   0x08002e0e   0x0000001e   Code   RO         7813    i.GPIO_Reset        util_gpio.o
    0x08002e2c   0x08002e2c   0x0000001e   Code   RO         7814    i.GPIO_Set          util_gpio.o
    0x08002e4a   0x08002e4a   0x0000009e   Code   RO         6121    i.GetVisionData     app_autoaim.o
    0x08002ee8   0x08002ee8   0x00000084   Code   RO         6487    i.GimbalPitch_Control  module_gimbal.o
    0x08002f6c   0x08002f6c   0x00000008   Code   RO         6488    i.GimbalPitch_GetGimbalPitchPtr  module_gimbal.o
    0x08002f74   0x08002f74   0x0000009c   Code   RO         6489    i.GimbalPitch_InitGimbalPitch  module_gimbal.o
    0x08003010   0x08003010   0x00000030   Code   RO         6490    i.GimbalPitch_Output  module_gimbal.o
    0x08003040   0x08003040   0x00000014   Code   RO         6493    i.GimbalPitch_SetPitchRef  module_gimbal.o
    0x08003054   0x08003054   0x00000070   Code   RO         6494    i.GimbalYaw_Control  module_gimbal.o
    0x080030c4   0x080030c4   0x00000008   Code   RO         6495    i.GimbalYaw_GetGimbalYawPtr  module_gimbal.o
    0x080030cc   0x080030cc   0x0000009c   Code   RO         6496    i.GimbalYaw_InitGimbalYaw  module_gimbal.o
    0x08003168   0x08003168   0x0000000c   Code   RO         6501    i.GimbalYaw_SetYawRef  module_gimbal.o
    0x08003174   0x08003174   0x00000084   Code   RO         6502    i.Gimbal_LimitPitch  module_gimbal.o
    0x080031f8   0x080031f8   0x00000078   Code   RO         6503    i.Gimbal_LimitYaw   module_gimbal.o
    0x08003270   0x08003270   0x0000002c   Code   RO         5771    i.Gimbal_Task       app_gimbal.o
    0x0800329c   0x0800329c   0x00000024   Code   RO         1844    i.HAL_CAN_ActivateNotification  stm32f4xx_hal_can.o
    0x080032c0   0x080032c0   0x000000e2   Code   RO         1845    i.HAL_CAN_AddTxMessage  stm32f4xx_hal_can.o
    0x080033a2   0x080033a2   0x00000002   PAD
    0x080033a4   0x080033a4   0x00000110   Code   RO         1846    i.HAL_CAN_ConfigFilter  stm32f4xx_hal_can.o
    0x080034b4   0x080034b4   0x00000002   Code   RO         1849    i.HAL_CAN_ErrorCallback  stm32f4xx_hal_can.o
    0x080034b6   0x080034b6   0x00000112   Code   RO         1852    i.HAL_CAN_GetRxMessage  stm32f4xx_hal_can.o
    0x080035c8   0x080035c8   0x0000002c   Code   RO         1854    i.HAL_CAN_GetTxMailboxesFreeLevel  stm32f4xx_hal_can.o
    0x080035f4   0x080035f4   0x000001fc   Code   RO         1856    i.HAL_CAN_IRQHandler  stm32f4xx_hal_can.o
    0x080037f0   0x080037f0   0x00000152   Code   RO         1857    i.HAL_CAN_Init      stm32f4xx_hal_can.o
    0x08003942   0x08003942   0x00000002   PAD
    0x08003944   0x08003944   0x00000100   Code   RO          381    i.HAL_CAN_MspInit   can.o
    0x08003a44   0x08003a44   0x00000002   Code   RO         1864    i.HAL_CAN_RxFifo0FullCallback  stm32f4xx_hal_can.o
    0x08003a46   0x08003a46   0x00000002   PAD
    0x08003a48   0x08003a48   0x0000002c   Code   RO         7695    i.HAL_CAN_RxFifo0MsgPendingCallback  util_can.o
    0x08003a74   0x08003a74   0x00000002   Code   RO         1866    i.HAL_CAN_RxFifo1FullCallback  stm32f4xx_hal_can.o
    0x08003a76   0x08003a76   0x00000002   PAD
    0x08003a78   0x08003a78   0x0000002c   Code   RO         7696    i.HAL_CAN_RxFifo1MsgPendingCallback  util_can.o
    0x08003aa4   0x08003aa4   0x00000002   Code   RO         1868    i.HAL_CAN_SleepCallback  stm32f4xx_hal_can.o
    0x08003aa6   0x08003aa6   0x00000058   Code   RO         1869    i.HAL_CAN_Start     stm32f4xx_hal_can.o
    0x08003afe   0x08003afe   0x00000002   Code   RO         1871    i.HAL_CAN_TxMailbox0AbortCallback  stm32f4xx_hal_can.o
    0x08003b00   0x08003b00   0x00000002   Code   RO         1872    i.HAL_CAN_TxMailbox0CompleteCallback  stm32f4xx_hal_can.o
    0x08003b02   0x08003b02   0x00000002   Code   RO         1873    i.HAL_CAN_TxMailbox1AbortCallback  stm32f4xx_hal_can.o
    0x08003b04   0x08003b04   0x00000002   Code   RO         1874    i.HAL_CAN_TxMailbox1CompleteCallback  stm32f4xx_hal_can.o
    0x08003b06   0x08003b06   0x00000002   Code   RO         1875    i.HAL_CAN_TxMailbox2AbortCallback  stm32f4xx_hal_can.o
    0x08003b08   0x08003b08   0x00000002   Code   RO         1876    i.HAL_CAN_TxMailbox2CompleteCallback  stm32f4xx_hal_can.o
    0x08003b0a   0x08003b0a   0x00000002   Code   RO         1878    i.HAL_CAN_WakeUpFromRxMsgCallback  stm32f4xx_hal_can.o
    0x08003b0c   0x08003b0c   0x0000008e   Code   RO         2584    i.HAL_DMA_Abort     stm32f4xx_hal_dma.o
    0x08003b9a   0x08003b9a   0x00000024   Code   RO         2585    i.HAL_DMA_Abort_IT  stm32f4xx_hal_dma.o
    0x08003bbe   0x08003bbe   0x00000002   PAD
    0x08003bc0   0x08003bc0   0x000001d0   Code   RO         2589    i.HAL_DMA_IRQHandler  stm32f4xx_hal_dma.o
    0x08003d90   0x08003d90   0x000000d4   Code   RO         2590    i.HAL_DMA_Init      stm32f4xx_hal_dma.o
    0x08003e64   0x08003e64   0x00000046   Code   RO         2593    i.HAL_DMA_Start     stm32f4xx_hal_dma.o
    0x08003eaa   0x08003eaa   0x00000002   PAD
    0x08003eac   0x08003eac   0x00000024   Code   RO         3021    i.HAL_Delay         stm32f4xx_hal.o
    0x08003ed0   0x08003ed0   0x00000002   Code   RO         2475    i.HAL_GPIO_EXTI_Callback  stm32f4xx_hal_gpio.o
    0x08003ed2   0x08003ed2   0x00000002   PAD
    0x08003ed4   0x08003ed4   0x00000018   Code   RO         2476    i.HAL_GPIO_EXTI_IRQHandler  stm32f4xx_hal_gpio.o
    0x08003eec   0x08003eec   0x000001d0   Code   RO         2477    i.HAL_GPIO_Init     stm32f4xx_hal_gpio.o
    0x080040bc   0x080040bc   0x0000000e   Code   RO         2479    i.HAL_GPIO_ReadPin  stm32f4xx_hal_gpio.o
    0x080040ca   0x080040ca   0x0000000e   Code   RO         2481    i.HAL_GPIO_WritePin  stm32f4xx_hal_gpio.o
    0x080040d8   0x080040d8   0x0000000c   Code   RO         3027    i.HAL_GetTick       stm32f4xx_hal.o
    0x080040e4   0x080040e4   0x00000010   Code   RO         3033    i.HAL_IncTick       stm32f4xx_hal.o
    0x080040f4   0x080040f4   0x00000034   Code   RO         3034    i.HAL_Init          stm32f4xx_hal.o
    0x08004128   0x08004128   0x00000098   Code   RO          820    i.HAL_InitTick      stm32f4xx_hal_timebase_tim.o
    0x080041c0   0x080041c0   0x00000038   Code   RO          796    i.HAL_MspInit       stm32f4xx_hal_msp.o
    0x080041f8   0x080041f8   0x0000001a   Code   RO         2869    i.HAL_NVIC_EnableIRQ  stm32f4xx_hal_cortex.o
    0x08004212   0x08004212   0x00000002   PAD
    0x08004214   0x08004214   0x00000040   Code   RO         2875    i.HAL_NVIC_SetPriority  stm32f4xx_hal_cortex.o
    0x08004254   0x08004254   0x00000024   Code   RO         2876    i.HAL_NVIC_SetPriorityGrouping  stm32f4xx_hal_cortex.o
    0x08004278   0x08004278   0x0000014c   Code   RO         2078    i.HAL_RCC_ClockConfig  stm32f4xx_hal_rcc.o
    0x080043c4   0x080043c4   0x0000003c   Code   RO         2082    i.HAL_RCC_GetClockConfig  stm32f4xx_hal_rcc.o
    0x08004400   0x08004400   0x0000000c   Code   RO         2083    i.HAL_RCC_GetHCLKFreq  stm32f4xx_hal_rcc.o
    0x0800440c   0x0800440c   0x00000020   Code   RO         2085    i.HAL_RCC_GetPCLK1Freq  stm32f4xx_hal_rcc.o
    0x0800442c   0x0800442c   0x00000020   Code   RO         2086    i.HAL_RCC_GetPCLK2Freq  stm32f4xx_hal_rcc.o
    0x0800444c   0x0800444c   0x0000006c   Code   RO         2087    i.HAL_RCC_GetSysClockFreq  stm32f4xx_hal_rcc.o
    0x080044b8   0x080044b8   0x000003c0   Code   RO         2090    i.HAL_RCC_OscConfig  stm32f4xx_hal_rcc.o
    0x08004878   0x08004878   0x00000002   Code   RO         3279    i.HAL_SPI_ErrorCallback  stm32f4xx_hal_spi.o
    0x0800487a   0x0800487a   0x00000002   PAD
    0x0800487c   0x0800487c   0x00000104   Code   RO         3282    i.HAL_SPI_IRQHandler  stm32f4xx_hal_spi.o
    0x08004980   0x08004980   0x000000be   Code   RO         3283    i.HAL_SPI_Init      stm32f4xx_hal_spi.o
    0x08004a3e   0x08004a3e   0x00000002   PAD
    0x08004a40   0x08004a40   0x00000120   Code   RO          454    i.HAL_SPI_MspInit   spi.o
    0x08004b60   0x08004b60   0x000001fa   Code   RO         3292    i.HAL_SPI_TransmitReceive  stm32f4xx_hal_spi.o
    0x08004d5a   0x08004d5a   0x00000002   Code   RO         1576    i.HAL_TIMEx_BreakCallback  stm32f4xx_hal_tim_ex.o
    0x08004d5c   0x08004d5c   0x00000002   Code   RO         1577    i.HAL_TIMEx_CommutCallback  stm32f4xx_hal_tim_ex.o
    0x08004d5e   0x08004d5e   0x00000054   Code   RO         1579    i.HAL_TIMEx_ConfigBreakDeadTime  stm32f4xx_hal_tim_ex.o
    0x08004db2   0x08004db2   0x00000002   PAD
    0x08004db4   0x08004db4   0x00000090   Code   RO         1595    i.HAL_TIMEx_MasterConfigSynchronization  stm32f4xx_hal_tim_ex.o
    0x08004e44   0x08004e44   0x0000004a   Code   RO          861    i.HAL_TIM_Base_Init  stm32f4xx_hal_tim.o
    0x08004e8e   0x08004e8e   0x00000002   PAD
    0x08004e90   0x08004e90   0x00000048   Code   RO          496    i.HAL_TIM_Base_MspInit  tim.o
    0x08004ed8   0x08004ed8   0x0000008c   Code   RO          866    i.HAL_TIM_Base_Start_IT  stm32f4xx_hal_tim.o
    0x08004f64   0x08004f64   0x000000e8   Code   RO          870    i.HAL_TIM_ConfigClockSource  stm32f4xx_hal_tim.o
    0x0800504c   0x0800504c   0x00000002   Code   RO          895    i.HAL_TIM_IC_CaptureCallback  stm32f4xx_hal_tim.o
    0x0800504e   0x0800504e   0x00000138   Code   RO          909    i.HAL_TIM_IRQHandler  stm32f4xx_hal_tim.o
    0x08005186   0x08005186   0x00000002   PAD
    0x08005188   0x08005188   0x00000054   Code   RO          497    i.HAL_TIM_MspPostInit  tim.o
    0x080051dc   0x080051dc   0x00000002   Code   RO          912    i.HAL_TIM_OC_DelayElapsedCallback  stm32f4xx_hal_tim.o
    0x080051de   0x080051de   0x000000d8   Code   RO          933    i.HAL_TIM_PWM_ConfigChannel  stm32f4xx_hal_tim.o
    0x080052b6   0x080052b6   0x0000004a   Code   RO          936    i.HAL_TIM_PWM_Init  stm32f4xx_hal_tim.o
    0x08005300   0x08005300   0x00000028   Code   RO          499    i.HAL_TIM_PWM_MspInit  tim.o
    0x08005328   0x08005328   0x00000002   Code   RO          939    i.HAL_TIM_PWM_PulseFinishedCallback  stm32f4xx_hal_tim.o
    0x0800532a   0x0800532a   0x00000002   PAD
    0x0800532c   0x0800532c   0x000000dc   Code   RO          941    i.HAL_TIM_PWM_Start  stm32f4xx_hal_tim.o
    0x08005408   0x08005408   0x0000007c   Code   RO          944    i.HAL_TIM_PWM_Stop  stm32f4xx_hal_tim.o
    0x08005484   0x08005484   0x00000014   Code   RO           14    i.HAL_TIM_PeriodElapsedCallback  main.o
    0x08005498   0x08005498   0x00000002   Code   RO          952    i.HAL_TIM_TriggerCallback  stm32f4xx_hal_tim.o
    0x0800549a   0x0800549a   0x00000002   Code   RO         3606    i.HAL_UARTEx_RxEventCallback  stm32f4xx_hal_uart.o
    0x0800549c   0x0800549c   0x00000002   Code   RO         3620    i.HAL_UART_ErrorCallback  stm32f4xx_hal_uart.o
    0x0800549e   0x0800549e   0x00000002   PAD
    0x080054a0   0x080054a0   0x00000248   Code   RO         3623    i.HAL_UART_IRQHandler  stm32f4xx_hal_uart.o
    0x080056e8   0x080056e8   0x00000066   Code   RO         3624    i.HAL_UART_Init     stm32f4xx_hal_uart.o
    0x0800574e   0x0800574e   0x00000002   PAD
    0x08005750   0x08005750   0x00000240   Code   RO          568    i.HAL_UART_MspInit  usart.o
    0x08005990   0x08005990   0x00000002   Code   RO         3630    i.HAL_UART_RxCpltCallback  stm32f4xx_hal_uart.o
    0x08005992   0x08005992   0x000000ae   Code   RO         3632    i.HAL_UART_Transmit  stm32f4xx_hal_uart.o
    0x08005a40   0x08005a40   0x00000002   Code   RO         3635    i.HAL_UART_TxCpltCallback  stm32f4xx_hal_uart.o
    0x08005a42   0x08005a42   0x00000002   Code   RO          632    i.HardFault_Handler  stm32f4xx_it.o
    0x08005a44   0x08005a44   0x0000013c   Code   RO         7076    i.Hero_FeedMotor_rm3508_encoder_callback  periph_motor.o
    0x08005b80   0x08005b80   0x00000008   Code   RO         5808    i.INS_GetINSPtr     app_ins.o
    0x08005b88   0x08005b88   0x0000006c   Code   RO         5809    i.INS_Init          app_ins.o
    0x08005bf4   0x08005bf4   0x00000070   Code   RO         5583    i.Init_InitAll      app_init.o
    0x08005c64   0x08005c64   0x00000018   Code   RO         5584    i.Init_Task         app_init.o
    0x08005c7c   0x08005c7c   0x000001e8   Code   RO         5810    i.Ins_Task          app_ins.o
    0x08005e64   0x08005e64   0x0000002e   Code   RO         5946    i.Is_Key_Triggered  app_remote.o
    0x08005e92   0x08005e92   0x000000ec   Code   RO         8435    i.Kalman_Adjustment_H_K_R  alg_kalman.o
    0x08005f7e   0x08005f7e   0x00000332   Code   RO         8436    i.Kalman_FilterInit  alg_kalman.o
    0x080062b0   0x080062b0   0x0000003c   Code   RO         8437    i.Kalman_FilterMeasure  alg_kalman.o
    0x080062ec   0x080062ec   0x00000062   Code   RO         8438    i.Kalman_FilterPUpdate  alg_kalman.o
    0x0800634e   0x0800634e   0x0000006c   Code   RO         8439    i.Kalman_FilterPminusUpdate  alg_kalman.o
    0x080063ba   0x080063ba   0x000000be   Code   RO         8440    i.Kalman_FilterSetK  alg_kalman.o
    0x08006478   0x08006478   0x000000dc   Code   RO         8441    i.Kalman_FilterUpdate  alg_kalman.o
    0x08006554   0x08006554   0x00000074   Code   RO         8442    i.Kalman_FilterxhatMinusUpdate  alg_kalman.o
    0x080065c8   0x080065c8   0x00000080   Code   RO         8443    i.Kalman_FilterxhatUpdate  alg_kalman.o
    0x08006648   0x08006648   0x00000044   Code   RO          382    i.MX_CAN1_Init      can.o
    0x0800668c   0x0800668c   0x00000044   Code   RO          383    i.MX_CAN2_Init      can.o
    0x080066d0   0x080066d0   0x0000008c   Code   RO          429    i.MX_DMA_Init       dma.o
    0x0800675c   0x0800675c   0x000000ec   Code   RO          262    i.MX_FREERTOS_Init  freertos.o
    0x08006848   0x08006848   0x00000170   Code   RO          226    i.MX_GPIO_Init      gpio.o
    0x080069b8   0x080069b8   0x00000048   Code   RO          455    i.MX_SPI1_Init      spi.o
    0x08006a00   0x08006a00   0x0000004c   Code   RO          500    i.MX_TIM12_Init     tim.o
    0x08006a4c   0x08006a4c   0x000000a0   Code   RO          501    i.MX_TIM1_Init      tim.o
    0x08006aec   0x08006aec   0x00000068   Code   RO          502    i.MX_TIM8_Init      tim.o
    0x08006b54   0x08006b54   0x00000038   Code   RO          569    i.MX_USART1_UART_Init  usart.o
    0x08006b8c   0x08006b8c   0x00000040   Code   RO          570    i.MX_USART3_UART_Init  usart.o
    0x08006bcc   0x08006bcc   0x00000038   Code   RO          571    i.MX_USART6_UART_Init  usart.o
    0x08006c04   0x08006c04   0x0000001c   Code   RO         8510    i.Math_Angle2Rad    alg_math.o
    0x08006c20   0x08006c20   0x00000048   Code   RO         8513    i.Math_Differential  alg_math.o
    0x08006c68   0x08006c68   0x0000002c   Code   RO         8517    i.Math_InvSqrt      alg_math.o
    0x08006c94   0x08006c94   0x00000002   Code   RO          633    i.MemManage_Handler  stm32f4xx_it.o
    0x08006c96   0x08006c96   0x00000002   PAD
    0x08006c98   0x08006c98   0x00000064   Code   RO         7077    i.Motor_EncoderDecodeCallback  periph_motor.o
    0x08006cfc   0x08006cfc   0x00000040   Code   RO         7078    i.Motor_GetMotorOutput  periph_motor.o
    0x08006d3c   0x08006d3c   0x00000150   Code   RO         7079    i.Motor_InitAllMotors  periph_motor.o
    0x08006e8c   0x08006e8c   0x00000030   Code   RO         7080    i.Motor_InitMotor   periph_motor.o
    0x08006ebc   0x08006ebc   0x00000034   Code   RO         7081    i.Motor_InitMotorGroup  periph_motor.o
    0x08006ef0   0x08006ef0   0x00000038   Code   RO         7082    i.Motor_IsAnyMotorOffline  periph_motor.o
    0x08006f28   0x08006f28   0x0000002a   Code   RO         7083    i.Motor_IsMotorOffline  periph_motor.o
    0x08006f52   0x08006f52   0x0000007a   Code   RO         7084    i.Motor_SendMotorGroupOutput  periph_motor.o
    0x08006fcc   0x08006fcc   0x00000006   Code   RO         7086    i.Motor_SetMotorOutput  periph_motor.o
    0x08006fd2   0x08006fd2   0x00000002   PAD
    0x08006fd4   0x08006fd4   0x00000058   Code   RO         7087    i.Motor_SetMotorOutputPowerLimit  periph_motor.o
    0x0800702c   0x0800702c   0x00000004   Code   RO         6122    i.MyUART_Init       app_autoaim.o
    0x08007030   0x08007030   0x00000002   Code   RO          634    i.NMI_Handler       stm32f4xx_it.o
    0x08007032   0x08007032   0x0000000e   Code   RO         8588    i.PID_AddPIDRef     alg_pid.o
    0x08007040   0x08007040   0x000002f0   Code   RO         8589    i.PID_CalcPID       alg_pid.o
    0x08007330   0x08007330   0x00000006   Code   RO         8591    i.PID_GetPIDFdb     alg_pid.o
    0x08007336   0x08007336   0x00000006   Code   RO         8592    i.PID_GetPIDOutput  alg_pid.o
    0x0800733c   0x0800733c   0x00000006   Code   RO         8593    i.PID_GetPIDRef     alg_pid.o
    0x08007342   0x08007342   0x00000072   Code   RO         8594    i.PID_InitPIDParam  alg_pid.o
    0x080073b4   0x080073b4   0x00000006   Code   RO         8595    i.PID_SetPIDFdb     alg_pid.o
    0x080073ba   0x080073ba   0x00000006   Code   RO         8596    i.PID_SetPIDRef     alg_pid.o
    0x080073c0   0x080073c0   0x00000050   Code   RO         7869    i.PWM_InitPWM       util_pwm.o
    0x08007410   0x08007410   0x00000064   Code   RO         7870    i.PWM_SetPWMDuty    util_pwm.o
    0x08007474   0x08007474   0x00000064   Code   RO         7871    i.PWM_SetPWMFreq    util_pwm.o
    0x080074d8   0x080074d8   0x0000001c   Code   RO         7872    i.PWM_StartPWM      util_pwm.o
    0x080074f4   0x080074f4   0x0000001c   Code   RO         7873    i.PWM_StopPWM       util_pwm.o
    0x08007510   0x08007510   0x00000008   Code   RO         7209    i.P_ext_game_result  periph_referee.o
    0x08007518   0x08007518   0x0000000c   Code   RO         7210    i.P_ext_game_robot_HP  periph_referee.o
    0x08007524   0x08007524   0x00000010   Code   RO         7211    i.P_ext_game_robot_pos  periph_referee.o
    0x08007534   0x08007534   0x00000054   Code   RO         7212    i.P_ext_game_robot_status  periph_referee.o
    0x08007588   0x08007588   0x00000024   Code   RO         7213    i.P_ext_game_status  periph_referee.o
    0x080075ac   0x080075ac   0x0000000c   Code   RO         7214    i.P_ext_power_heat_data  periph_referee.o
    0x080075b8   0x080075b8   0x00000012   Code   RO         7215    i.P_ext_referee_warning  periph_referee.o
    0x080075ca   0x080075ca   0x0000001a   Code   RO         7216    i.P_ext_robot_hurt  periph_referee.o
    0x080075e4   0x080075e4   0x00000024   Code   RO         7217    i.P_ext_shoot_data  periph_referee.o
    0x08007608   0x08007608   0x0000023c   Code   RO         5811    i.Param_Correction  app_ins.o
    0x08007844   0x08007844   0x0000005c   Code   RO         6894    i.Parse_SuperCap_Feedback  module_supercap.o
    0x080078a0   0x080078a0   0x00000008   Code   RO         8885    i.Protocol_GetBusDataPtr  protocol_common.o
    0x080078a8   0x080078a8   0x00000004   Code   RO         8886    i.Protocol_InitProtocol  protocol_common.o
    0x080078ac   0x080078ac   0x00000020   Code   RO         8887    i.Protocol_IsProtocolOffline  protocol_common.o
    0x080078cc   0x080078cc   0x00000010   Code   RO         8888    i.Protocol_ResetProtocolData  protocol_common.o
    0x080078dc   0x080078dc   0x00000010   Code   RO         8889    i.Protocol_SendBlockError  protocol_common.o
    0x080078ec   0x080078ec   0x0000008c   Code   RO         8890    i.Protocol_SendProtocolData  protocol_common.o
    0x08007978   0x08007978   0x00000168   Code   RO         8660    i.QuaternionEKF_F_Linearization_P_Fading  alg_quaternionekf.o
    0x08007ae0   0x08007ae0   0x000000e4   Code   RO         8661    i.QuaternionEKF_Init  alg_quaternionekf.o
    0x08007bc4   0x08007bc4   0x00000034   Code   RO         8662    i.QuaternionEKF_Observe  alg_quaternionekf.o
    0x08007bf8   0x08007bf8   0x000000bc   Code   RO         8663    i.QuaternionEKF_SetH  alg_quaternionekf.o
    0x08007cb4   0x08007cb4   0x00000420   Code   RO         8664    i.QuaternionEKF_Update  alg_quaternionekf.o
    0x080080d4   0x080080d4   0x000003b0   Code   RO         8665    i.QuaternionEKF_xhatUpdate  alg_quaternionekf.o
    0x08008484   0x08008484   0x00000078   Code   RO         7218    i.Referee_DecodeRefereeData  periph_referee.o
    0x080084fc   0x080084fc   0x0000009c   Code   RO         6301    i.Referee_DrawingBufferFlush  module_referee.o
    0x08008598   0x08008598   0x00000034   Code   RO         6302    i.Referee_DrawingBufferPush  module_referee.o
    0x080085cc   0x080085cc   0x00000028   Code   RO         6303    i.Referee_DrawingBufferPushDummy  module_referee.o
    0x080085f4   0x080085f4   0x00000024   Code   RO         7219    i.Referee_GetClientIDByRobotID  periph_referee.o
    0x08008618   0x08008618   0x00000008   Code   RO         7220    i.Referee_GetRefereeDataPtr  periph_referee.o
    0x08008620   0x08008620   0x00000034   Code   RO         7221    i.Referee_InitReferee  periph_referee.o
    0x08008654   0x08008654   0x00000018   Code   RO         6304    i.Referee_IsDrawingBufferEmpty  module_referee.o
    0x0800866c   0x0800866c   0x00000068   Code   RO         6305    i.Referee_MaintainDisplay  module_referee.o
    0x080086d4   0x080086d4   0x000000e8   Code   RO         6306    i.Referee_PackGraphicData  module_referee.o
    0x080087bc   0x080087bc   0x00000040   Code   RO         6307    i.Referee_PackStringGraphicData  module_referee.o
    0x080087fc   0x080087fc   0x00000050   Code   RO         7223    i.Referee_ParseRefereeCmd  periph_referee.o
    0x0800884c   0x0800884c   0x00000028   Code   RO         7224    i.Referee_ParseRobotCustomData  periph_referee.o
    0x08008874   0x08008874   0x00000070   Code   RO         7225    i.Referee_RXCallback  periph_referee.o
    0x080088e4   0x080088e4   0x0000001c   Code   RO         7226    i.Referee_ResetRefereeData  periph_referee.o
    0x08008900   0x08008900   0x0000009c   Code   RO         6308    i.Referee_SendDrawingCmd  module_referee.o
    0x0800899c   0x0800899c   0x00000034   Code   RO         6309    i.Referee_SendDrawingStringCmd  module_referee.o
    0x080089d0   0x080089d0   0x000000a0   Code   RO         7227    i.Referee_SendInteractiveData  periph_referee.o
    0x08008a70   0x08008a70   0x00000010   Code   RO         6310    i.Referee_SetAimMode  module_referee.o
    0x08008a80   0x08008a80   0x00000010   Code   RO         6311    i.Referee_SetMode   module_referee.o
    0x08008a90   0x08008a90   0x00000024   Code   RO         6312    i.Referee_Setup     module_referee.o
    0x08008ab4   0x08008ab4   0x00000050   Code   RO         6313    i.Referee_SetupAimLine  module_referee.o
    0x08008b04   0x08008b04   0x0000003c   Code   RO         6314    i.Referee_SetupModeDisplay  module_referee.o
    0x08008b40   0x08008b40   0x0000000c   Code   RO         6090    i.Referee_Task      app_referee.o
    0x08008b4c   0x08008b4c   0x00000016   Code   RO         6315    i.Referee_Update    module_referee.o
    0x08008b62   0x08008b62   0x00000002   PAD
    0x08008b64   0x08008b64   0x00000058   Code   RO         6316    i.Referee_UpdateAimLine  module_referee.o
    0x08008bbc   0x08008bbc   0x0000005c   Code   RO         6317    i.Referee_UpdateModeDisplay  module_referee.o
    0x08008c18   0x08008c18   0x00000010   Code   RO         7366    i.Remote_CancelChannelOffset  periph_remote.o
    0x08008c28   0x08008c28   0x0000003e   Code   RO         5947    i.Remote_ControlCom  app_remote.o
    0x08008c66   0x08008c66   0x00000060   Code   RO         7367    i.Remote_DecodeKeyboardData  periph_remote.o
    0x08008cc6   0x08008cc6   0x000000f2   Code   RO         7368    i.Remote_DecodeRemoteData  periph_remote.o
    0x08008db8   0x08008db8   0x0000002e   Code   RO         5948    i.Remote_FeedStateJudge  app_remote.o
    0x08008de6   0x08008de6   0x00000002   PAD
    0x08008de8   0x08008de8   0x00000008   Code   RO         5949    i.Remote_GetControlDataPtr  app_remote.o
    0x08008df0   0x08008df0   0x00000008   Code   RO         7369    i.Remote_GetRemoteDataPtr  periph_remote.o
    0x08008df8   0x08008df8   0x00000030   Code   RO         7370    i.Remote_InitRemote  periph_remote.o
    0x08008e28   0x08008e28   0x00000038   Code   RO         7371    i.Remote_IsRemoteError  periph_remote.o
    0x08008e60   0x08008e60   0x00000028   Code   RO         7372    i.Remote_IsRemoteOffline  periph_remote.o
    0x08008e88   0x08008e88   0x000002f8   Code   RO         5950    i.Remote_KeyMouseProcess  app_remote.o
    0x08009180   0x08009180   0x00000098   Code   RO         5951    i.Remote_MouseShooterModeSet  app_remote.o
    0x08009218   0x08009218   0x0000003c   Code   RO         7373    i.Remote_RXCallback  periph_remote.o
    0x08009254   0x08009254   0x0000016c   Code   RO         5952    i.Remote_RemoteProcess  app_remote.o
    0x080093c0   0x080093c0   0x00000104   Code   RO         5953    i.Remote_RemoteShooterModeSet  app_remote.o
    0x080094c4   0x080094c4   0x00000040   Code   RO         7374    i.Remote_ResetRemoteData  periph_remote.o
    0x08009504   0x08009504   0x0000000c   Code   RO         5955    i.Remote_Task       app_remote.o
    0x08009510   0x08009510   0x00000002   Code   RO         7375    i.Remote_ToSwitchState  periph_remote.o
    0x08009512   0x08009512   0x0000002e   Code   RO         5956    i.Remote_YawStateJudge  app_remote.o
    0x08009540   0x08009540   0x0000000c   Code   RO          635    i.SPI1_IRQHandler   stm32f4xx_it.o
    0x0800954c   0x0800954c   0x00000010   Code   RO         3310    i.SPI_DMAAbortOnError  stm32f4xx_hal_spi.o
    0x0800955c   0x0800955c   0x0000007c   Code   RO         3321    i.SPI_EndRxTxTransaction  stm32f4xx_hal_spi.o
    0x080095d8   0x080095d8   0x000000c0   Code   RO         3326    i.SPI_WaitFlagStateUntilTimeout  stm32f4xx_hal_spi.o
    0x08009698   0x08009698   0x00000084   Code   RO         6123    i.SendVisionData    app_autoaim.o
    0x0800971c   0x0800971c   0x00000030   Code   RO         6124    i.SendVisionData_Init  app_autoaim.o
    0x0800974c   0x0800974c   0x00000014   Code   RO         7459    i.Servo_InitAllServos  periph_servo.o
    0x08009760   0x08009760   0x00000040   Code   RO         7460    i.Servo_InitServo   periph_servo.o
    0x080097a0   0x080097a0   0x0000002c   Code   RO         7461    i.Servo_SetServoAngle  periph_servo.o
    0x080097cc   0x080097cc   0x0000000a   Code   RO         7462    i.Servo_StartServo  periph_servo.o
    0x080097d6   0x080097d6   0x0000000c   Code   RO         6062    i.Shoot_Task        app_shoot.o
    0x080097e2   0x080097e2   0x0000001a   Code   RO         6625    i.Shooter_AngleCorrect  module_shoot.o
    0x080097fc   0x080097fc   0x00000014   Code   RO         6626    i.Shooter_ChangeFeederMode  module_shoot.o
    0x08009810   0x08009810   0x0000000c   Code   RO         6627    i.Shooter_ChangeShooterMode  module_shoot.o
    0x0800981c   0x0800981c   0x00000012   Code   RO         6628    i.Shooter_Control   module_shoot.o
    0x0800982e   0x0800982e   0x00000002   PAD
    0x08009830   0x08009830   0x000000fc   Code   RO         6629    i.Shooter_FeederControl  module_shoot.o
    0x0800992c   0x0800992c   0x000000b0   Code   RO         6630    i.Shooter_FeederMotorLockedJudge  module_shoot.o
    0x080099dc   0x080099dc   0x00000028   Code   RO         6631    i.Shooter_FeederReady  module_shoot.o
    0x08009a04   0x08009a04   0x0000000c   Code   RO         6632    i.Shooter_ForceChangeFeederMode  module_shoot.o
    0x08009a10   0x08009a10   0x00000008   Code   RO         6635    i.Shooter_GetShooterControlPtr  module_shoot.o
    0x08009a18   0x08009a18   0x000000d0   Code   RO         6636    i.Shooter_HeatCtrl  module_shoot.o
    0x08009ae8   0x08009ae8   0x00000158   Code   RO         6637    i.Shooter_InitShooter  module_shoot.o
    0x08009c40   0x08009c40   0x0000000c   Code   RO         6640    i.Shooter_SetFeederSpeed  module_shoot.o
    0x08009c4c   0x08009c4c   0x00000014   Code   RO         6641    i.Shooter_SetShooterSpeed  module_shoot.o
    0x08009c60   0x08009c60   0x000000c8   Code   RO         6642    i.Shooter_ShootControl  module_shoot.o
    0x08009d28   0x08009d28   0x0000001c   Code   RO         6643    i.Shooter_ShooterMotorOutput  module_shoot.o
    0x08009d44   0x08009d44   0x00000044   Code   RO         6644    i.Shooter_SingleShootCtrl  module_shoot.o
    0x08009d88   0x08009d88   0x0000000c   Code   RO         6645    i.Shooter_SingleShootReset  module_shoot.o
    0x08009d94   0x08009d94   0x00000022   Code   RO         6646    i.Shooter_UpdataControlData  module_shoot.o
    0x08009db6   0x08009db6   0x00000002   Code   RO         8282    i.SoftTimerCallback  sys_softtimer.o
    0x08009db8   0x08009db8   0x00000010   Code   RO         8283    i.SoftTimer_StartAll  sys_softtimer.o
    0x08009dc8   0x08009dc8   0x00000002   Code   RO         7919    i.Spi_ErrorHandler  util_spi.o
    0x08009dca   0x08009dca   0x00000020   Code   RO         7921    i.Spi_ReadMuliReg   util_spi.o
    0x08009dea   0x08009dea   0x00000020   Code   RO         7924    i.Spi_SwapAbyteData  util_spi.o
    0x08009e0a   0x08009e0a   0x00000002   PAD
    0x08009e0c   0x08009e0c   0x00000084   Code   RO         6895    i.SuperCap_CheckPower  module_supercap.o
    0x08009e90   0x08009e90   0x00000012   Code   RO         6896    i.SuperCap_InitHeader  module_supercap.o
    0x08009ea2   0x08009ea2   0x00000002   PAD
    0x08009ea4   0x08009ea4   0x00000058   Code   RO         6897    i.SuperCap_SetPower  module_supercap.o
    0x08009efc   0x08009efc   0x0000002c   Code   RO         5466    i.SysTick_Handler   port.o
    0x08009f28   0x08009f28   0x00000094   Code   RO           15    i.SystemClock_Config  main.o
    0x08009fbc   0x08009fbc   0x00000010   Code   RO         3968    i.SystemInit        system_stm32f4xx.o
    0x08009fcc   0x08009fcc   0x0000000c   Code   RO          636    i.TIM6_DAC_IRQHandler  stm32f4xx_it.o
    0x08009fd8   0x08009fd8   0x000000d4   Code   RO          954    i.TIM_Base_SetConfig  stm32f4xx_hal_tim.o
    0x0800a0ac   0x0800a0ac   0x0000001a   Code   RO          955    i.TIM_CCxChannelCmd  stm32f4xx_hal_tim.o
    0x0800a0c6   0x0800a0c6   0x00000014   Code   RO          965    i.TIM_ETR_SetConfig  stm32f4xx_hal_tim.o
    0x0800a0da   0x0800a0da   0x00000010   Code   RO          966    i.TIM_ITRx_SetConfig  stm32f4xx_hal_tim.o
    0x0800a0ea   0x0800a0ea   0x00000002   PAD
    0x0800a0ec   0x0800a0ec   0x00000068   Code   RO          967    i.TIM_OC1_SetConfig  stm32f4xx_hal_tim.o
    0x0800a154   0x0800a154   0x00000074   Code   RO          968    i.TIM_OC2_SetConfig  stm32f4xx_hal_tim.o
    0x0800a1c8   0x0800a1c8   0x00000070   Code   RO          969    i.TIM_OC3_SetConfig  stm32f4xx_hal_tim.o
    0x0800a238   0x0800a238   0x00000054   Code   RO          970    i.TIM_OC4_SetConfig  stm32f4xx_hal_tim.o
    0x0800a28c   0x0800a28c   0x00000022   Code   RO          972    i.TIM_TI1_ConfigInputStage  stm32f4xx_hal_tim.o
    0x0800a2ae   0x0800a2ae   0x00000024   Code   RO          974    i.TIM_TI2_ConfigInputStage  stm32f4xx_hal_tim.o
    0x0800a2d2   0x0800a2d2   0x00000002   PAD
    0x0800a2d4   0x0800a2d4   0x000000a8   Code   RO         6125    i.Tidy_send_vision  app_autoaim.o
    0x0800a37c   0x0800a37c   0x0000000e   Code   RO         3637    i.UART_DMAAbortOnError  stm32f4xx_hal_uart.o
    0x0800a38a   0x0800a38a   0x0000004e   Code   RO         3647    i.UART_EndRxTransfer  stm32f4xx_hal_uart.o
    0x0800a3d8   0x0800a3d8   0x0000001a   Code   RO         3648    i.UART_EndTransmit_IT  stm32f4xx_hal_uart.o
    0x0800a3f2   0x0800a3f2   0x000000c8   Code   RO         3650    i.UART_Receive_IT   stm32f4xx_hal_uart.o
    0x0800a4ba   0x0800a4ba   0x00000002   PAD
    0x0800a4bc   0x0800a4bc   0x00000114   Code   RO         3651    i.UART_SetConfig    stm32f4xx_hal_uart.o
    0x0800a5d0   0x0800a5d0   0x0000005e   Code   RO         3654    i.UART_Transmit_IT  stm32f4xx_hal_uart.o
    0x0800a62e   0x0800a62e   0x00000074   Code   RO         3655    i.UART_WaitOnFlagUntilTimeout  stm32f4xx_hal_uart.o
    0x0800a6a2   0x0800a6a2   0x00000002   PAD
    0x0800a6a4   0x0800a6a4   0x000000c4   Code   RO          637    i.USART1_IRQHandler  stm32f4xx_it.o
    0x0800a768   0x0800a768   0x00000018   Code   RO          638    i.USART3_IRQHandler  stm32f4xx_it.o
    0x0800a780   0x0800a780   0x00000018   Code   RO          639    i.USART6_IRQHandler  stm32f4xx_it.o
    0x0800a798   0x0800a798   0x00000006   Code   RO         8008    i.Uart_DMACurrentDataCounter  util_uart.o
    0x0800a79e   0x0800a79e   0x00000002   Code   RO         8009    i.Uart_ErrorHandler  util_uart.o
    0x0800a7a0   0x0800a7a0   0x00000014   Code   RO         8010    i.Uart_InitUartDMA  util_uart.o
    0x0800a7b4   0x0800a7b4   0x0000003a   Code   RO         8011    i.Uart_ReceiveDMA   util_uart.o
    0x0800a7ee   0x0800a7ee   0x00000026   Code   RO         8012    i.Uart_ReceiveHandler  util_uart.o
    0x0800a814   0x0800a814   0x00000030   Code   RO         8013    i.Uart_RxIdleCallback  util_uart.o
    0x0800a844   0x0800a844   0x00000014   Code   RO         8014    i.Uart_SendMessage  util_uart.o
    0x0800a858   0x0800a858   0x00000002   Code   RO          640    i.UsageFault_Handler  stm32f4xx_it.o
    0x0800a85a   0x0800a85a   0x00000002   PAD
    0x0800a85c   0x0800a85c   0x00000048   Code   RO         5903    i.WatchDog_Feed     app_watchdog.o
    0x0800a8a4   0x0800a8a4   0x00000016   Code   RO         5904    i.WatchDog_Task     app_watchdog.o
    0x0800a8ba   0x0800a8ba   0x00000026   Code   RO         9389    i.__ARM_fpclassifyf  m_wm.l(fpclassifyf.o)
    0x0800a8e0   0x0800a8e0   0x00000020   Code   RO         2882    i.__NVIC_SetPriority  stm32f4xx_hal_cortex.o
    0x0800a900   0x0800a900   0x00000118   Code   RO         9218    i.__hardfp_acosf    m_wm.l(acosf.o)
    0x0800aa18   0x0800aa18   0x0000012c   Code   RO         9230    i.__hardfp_asinf    m_wm.l(asinf.o)
    0x0800ab44   0x0800ab44   0x00000250   Code   RO         9242    i.__hardfp_atan2f   m_wm.l(atan2f.o)
    0x0800ad94   0x0800ad94   0x00000014   Code   RO         9254    i.__hardfp_fabs     m_wm.l(fabs.o)
    0x0800ada8   0x0800ada8   0x0000003a   Code   RO         9286    i.__hardfp_sqrtf    m_wm.l(sqrtf.o)
    0x0800ade2   0x0800ade2   0x00000006   Code   RO         9392    i.__mathlib_flt_infnan  m_wm.l(funder.o)
    0x0800ade8   0x0800ade8   0x00000006   Code   RO         9393    i.__mathlib_flt_infnan2  m_wm.l(funder.o)
    0x0800adee   0x0800adee   0x00000002   PAD
    0x0800adf0   0x0800adf0   0x00000010   Code   RO         9394    i.__mathlib_flt_invalid  m_wm.l(funder.o)
    0x0800ae00   0x0800ae00   0x00000010   Code   RO         9397    i.__mathlib_flt_underflow  m_wm.l(funder.o)
    0x0800ae10   0x0800ae10   0x0000000e   Code   RO         9456    i.__scatterload_copy  mc_w.l(handlers.o)
    0x0800ae1e   0x0800ae1e   0x00000002   Code   RO         9457    i.__scatterload_null  mc_w.l(handlers.o)
    0x0800ae20   0x0800ae20   0x0000000e   Code   RO         9458    i.__scatterload_zeroinit  mc_w.l(handlers.o)
    0x0800ae2e   0x0800ae2e   0x00000002   PAD
    0x0800ae30   0x0800ae30   0x0000000c   Code   RO         9434    i.__set_errno       mc_w.l(errno.o)
    0x0800ae3c   0x0800ae3c   0x00000050   Code   RO         9026    i._send_chassis_ref  protocol_transmit.o
    0x0800ae8c   0x0800ae8c   0x00000050   Code   RO         9027    i._send_imu_data    protocol_transmit.o
    0x0800aedc   0x0800aedc   0x00000048   Code   RO         9028    i._send_leg_ref     protocol_transmit.o
    0x0800af24   0x0800af24   0x00000054   Code   RO         9029    i._send_mode        protocol_transmit.o
    0x0800af78   0x0800af78   0x0000000c   Code   RO         8786    i.buff2float        lib_buff.o
    0x0800af84   0x0800af84   0x0000000c   Code   RO         8790    i.float2buff        lib_buff.o
    0x0800af90   0x0800af90   0x000000d4   Code   RO         7089    i.gm6020_encoder_callback  periph_motor.o
    0x0800b064   0x0800b064   0x00000010   Code   RO         5029    i.inHandlerMode     cmsis_os.o
    0x0800b074   0x0800b074   0x00000042   Code   RO           16    i.main              main.o
    0x0800b0b6   0x0800b0b6   0x0000000c   Code   RO         5031    i.makeFreeRtosPriority  cmsis_os.o
    0x0800b0c2   0x0800b0c2   0x00000002   PAD
    0x0800b0c4   0x0800b0c4   0x0000006c   Code   RO         9342    i.malloc            mc_w.l(malloc.o)
    0x0800b130   0x0800b130   0x00000010   Code   RO         5033    i.osDelay           cmsis_os.o
    0x0800b140   0x0800b140   0x0000000a   Code   RO         5036    i.osKernelStart     cmsis_os.o
    0x0800b14a   0x0800b14a   0x00000058   Code   RO         5070    i.osThreadCreate    cmsis_os.o
    0x0800b1a2   0x0800b1a2   0x00000002   PAD
    0x0800b1a4   0x0800b1a4   0x0000003c   Code   RO         5083    i.osTimerCreate     cmsis_os.o
    0x0800b1e0   0x0800b1e0   0x00000064   Code   RO         5085    i.osTimerStart      cmsis_os.o
    0x0800b244   0x0800b244   0x00000078   Code   RO         4499    i.prvAddCurrentTaskToDelayedList  tasks.o
    0x0800b2bc   0x0800b2bc   0x00000088   Code   RO         4500    i.prvAddNewTaskToReadyList  tasks.o
    0x0800b344   0x0800b344   0x00000058   Code   RO         4863    i.prvCheckForValidListAndQueue  timers.o
    0x0800b39c   0x0800b39c   0x0000003c   Code   RO         4501    i.prvCheckTasksWaitingTermination  tasks.o
    0x0800b3d8   0x0800b3d8   0x00000028   Code   RO         4146    i.prvCopyDataFromQueue  queue.o
    0x0800b400   0x0800b400   0x0000006e   Code   RO         4147    i.prvCopyDataToQueue  queue.o
    0x0800b46e   0x0800b46e   0x00000040   Code   RO         4502    i.prvDeleteTCB      tasks.o
    0x0800b4ae   0x0800b4ae   0x00000002   PAD
    0x0800b4b0   0x0800b4b0   0x00000024   Code   RO         4864    i.prvGetNextExpireTime  timers.o
    0x0800b4d4   0x0800b4d4   0x0000004c   Code   RO         5410    i.prvHeapInit       heap_4.o
    0x0800b520   0x0800b520   0x00000028   Code   RO         4503    i.prvIdleTask       tasks.o
    0x0800b548   0x0800b548   0x00000018   Code   RO         4150    i.prvInitialiseNewQueue  queue.o
    0x0800b560   0x0800b560   0x000000ac   Code   RO         4504    i.prvInitialiseNewTask  tasks.o
    0x0800b60c   0x0800b60c   0x00000050   Code   RO         4865    i.prvInitialiseNewTimer  timers.o
    0x0800b65c   0x0800b65c   0x00000058   Code   RO         4505    i.prvInitialiseTaskLists  tasks.o
    0x0800b6b4   0x0800b6b4   0x00000054   Code   RO         5411    i.prvInsertBlockIntoFreeList  heap_4.o
    0x0800b708   0x0800b708   0x00000040   Code   RO         4866    i.prvInsertTimerInActiveList  timers.o
    0x0800b748   0x0800b748   0x0000001a   Code   RO         4151    i.prvIsQueueEmpty   queue.o
    0x0800b762   0x0800b762   0x0000001e   Code   RO         4152    i.prvIsQueueFull    queue.o
    0x0800b780   0x0800b780   0x00000068   Code   RO         4867    i.prvProcessExpiredTimer  timers.o
    0x0800b7e8   0x0800b7e8   0x000000fc   Code   RO         4868    i.prvProcessReceivedCommands  timers.o
    0x0800b8e4   0x0800b8e4   0x0000006c   Code   RO         4869    i.prvProcessTimerOrBlockTask  timers.o
    0x0800b950   0x0800b950   0x00000024   Code   RO         4506    i.prvResetNextTaskUnblockTime  tasks.o
    0x0800b974   0x0800b974   0x0000002c   Code   RO         4870    i.prvSampleTimeNow  timers.o
    0x0800b9a0   0x0800b9a0   0x00000070   Code   RO         4871    i.prvSwitchTimerLists  timers.o
    0x0800ba10   0x0800ba10   0x0000002c   Code   RO         5467    i.prvTaskExitError  port.o
    0x0800ba3c   0x0800ba3c   0x00000014   Code   RO         4872    i.prvTimerTask      timers.o
    0x0800ba50   0x0800ba50   0x0000006a   Code   RO         4153    i.prvUnlockQueue    queue.o
    0x0800baba   0x0800baba   0x00000002   PAD
    0x0800babc   0x0800babc   0x000000dc   Code   RO         5412    i.pvPortMalloc      heap_4.o
    0x0800bb98   0x0800bb98   0x00000024   Code   RO         5468    i.pxPortInitialiseStack  port.o
    0x0800bbbc   0x0800bbbc   0x0000018c   Code   RO         7091    i.rm3508_encoder_callback  periph_motor.o
    0x0800bd48   0x0800bd48   0x00000020   Code   RO         5957    i.shooter_control   app_remote.o
    0x0800bd68   0x0800bd68   0x0000003e   Code   RO         9288    i.sqrtf             m_wm.l(sqrtf.o)
    0x0800bda6   0x0800bda6   0x00000004   Code   RO         8792    i.ui322buff         lib_buff.o
    0x0800bdaa   0x0800bdaa   0x00000002   PAD
    0x0800bdac   0x0800bdac   0x000000b8   Code   RO         7527    i.usart1_rx_dma_init  periph_autoaim.o
    0x0800be64   0x0800be64   0x00000054   Code   RO         7529    i.usart1_tx_dma_init  periph_autoaim.o
    0x0800beb8   0x0800beb8   0x00000026   Code   RO         4106    i.uxListRemove      list.o
    0x0800bede   0x0800bede   0x00000002   PAD
    0x0800bee0   0x0800bee0   0x00000014   Code   RO          269    i.vApplicationGetIdleTaskMemory  freertos.o
    0x0800bef4   0x0800bef4   0x00000018   Code   RO          270    i.vApplicationGetTimerTaskMemory  freertos.o
    0x0800bf0c   0x0800bf0c   0x00000016   Code   RO         4107    i.vListInitialise   list.o
    0x0800bf22   0x0800bf22   0x00000006   Code   RO         4108    i.vListInitialiseItem  list.o
    0x0800bf28   0x0800bf28   0x00000030   Code   RO         4109    i.vListInsert       list.o
    0x0800bf58   0x0800bf58   0x00000018   Code   RO         4110    i.vListInsertEnd    list.o
    0x0800bf70   0x0800bf70   0x00000040   Code   RO         5470    i.vPortEnterCritical  port.o
    0x0800bfb0   0x0800bfb0   0x0000002c   Code   RO         5471    i.vPortExitCritical  port.o
    0x0800bfdc   0x0800bfdc   0x00000064   Code   RO         5413    i.vPortFree         heap_4.o
    0x0800c040   0x0800c040   0x00000024   Code   RO         5472    i.vPortSetupTimerInterrupt  port.o
    0x0800c064   0x0800c064   0x00000054   Code   RO         5473    i.vPortValidateInterruptPriority  port.o
    0x0800c0b8   0x0800c0b8   0x00000024   Code   RO         4157    i.vQueueAddToRegistry  queue.o
    0x0800c0dc   0x0800c0dc   0x00000046   Code   RO         4160    i.vQueueWaitForMessageRestricted  queue.o
    0x0800c122   0x0800c122   0x00000002   PAD
    0x0800c124   0x0800c124   0x00000050   Code   RO         4518    i.vTaskDelay        tasks.o
    0x0800c174   0x0800c174   0x00000010   Code   RO         4522    i.vTaskInternalSetTimeOutState  tasks.o
    0x0800c184   0x0800c184   0x0000000c   Code   RO         4523    i.vTaskMissedYield  tasks.o
    0x0800c190   0x0800c190   0x00000034   Code   RO         4525    i.vTaskPlaceOnEventList  tasks.o
    0x0800c1c4   0x0800c1c4   0x0000003c   Code   RO         4526    i.vTaskPlaceOnEventListRestricted  tasks.o
    0x0800c200   0x0800c200   0x00000090   Code   RO         4533    i.vTaskStartScheduler  tasks.o
    0x0800c290   0x0800c290   0x000000bc   Code   RO         4534    i.vTaskSuspend      tasks.o
    0x0800c34c   0x0800c34c   0x00000010   Code   RO         4535    i.vTaskSuspendAll   tasks.o
    0x0800c35c   0x0800c35c   0x00000060   Code   RO         4536    i.vTaskSwitchContext  tasks.o
    0x0800c3bc   0x0800c3bc   0x000000f4   Code   RO         5474    i.xPortStartScheduler  port.o
    0x0800c4b0   0x0800c4b0   0x0000006c   Code   RO         4164    i.xQueueGenericCreateStatic  queue.o
    0x0800c51c   0x0800c51c   0x0000008c   Code   RO         4165    i.xQueueGenericReset  queue.o
    0x0800c5a8   0x0800c5a8   0x00000164   Code   RO         4166    i.xQueueGenericSend  queue.o
    0x0800c70c   0x0800c70c   0x000000c0   Code   RO         4167    i.xQueueGenericSendFromISR  queue.o
    0x0800c7cc   0x0800c7cc   0x0000013c   Code   RO         4175    i.xQueueReceive     queue.o
    0x0800c908   0x0800c908   0x00000090   Code   RO         4539    i.xTaskCheckForTimeOut  tasks.o
    0x0800c998   0x0800c998   0x00000064   Code   RO         4540    i.xTaskCreate       tasks.o
    0x0800c9fc   0x0800c9fc   0x0000005c   Code   RO         4541    i.xTaskCreateStatic  tasks.o
    0x0800ca58   0x0800ca58   0x0000001c   Code   RO         4546    i.xTaskGetSchedulerState  tasks.o
    0x0800ca74   0x0800ca74   0x0000000c   Code   RO         4547    i.xTaskGetTickCount  tasks.o
    0x0800ca80   0x0800ca80   0x000000d0   Code   RO         4549    i.xTaskIncrementTick  tasks.o
    0x0800cb50   0x0800cb50   0x00000098   Code   RO         4552    i.xTaskPriorityDisinherit  tasks.o
    0x0800cbe8   0x0800cbe8   0x0000007c   Code   RO         4554    i.xTaskRemoveFromEventList  tasks.o
    0x0800cc64   0x0800cc64   0x000000cc   Code   RO         4555    i.xTaskResumeAll    tasks.o
    0x0800cd30   0x0800cd30   0x00000034   Code   RO         4877    i.xTimerCreate      timers.o
    0x0800cd64   0x0800cd64   0x00000034   Code   RO         4878    i.xTimerCreateStatic  timers.o
    0x0800cd98   0x0800cd98   0x00000068   Code   RO         4879    i.xTimerCreateTimerTask  timers.o
    0x0800ce00   0x0800ce00   0x0000006c   Code   RO         4880    i.xTimerGenericCommand  timers.o
    0x0800ce6c   0x0800ce6c   0x0000008c   Code   RO         6505    i.yaw_reset_offset  module_gimbal.o
    0x0800cef8   0x0800cef8   0x00000104   Data   RO          272    .constdata          freertos.o
    0x0800cffc   0x0800cffc   0x00000008   Data   RO         2596    .constdata          stm32f4xx_hal_dma.o
    0x0800d004   0x0800d004   0x00000010   Data   RO         3969    .constdata          system_stm32f4xx.o
    0x0800d014   0x0800d014   0x00000008   Data   RO         3970    .constdata          system_stm32f4xx.o
    0x0800d01c   0x0800d01c   0x00000030   Data   RO         5815    .constdata          app_ins.o
    0x0800d04c   0x0800d04c   0x00000108   Data   RO         6320    .constdata          module_referee.o
    0x0800d154   0x0800d154   0x00000012   Data   RO         6959    .constdata          periph_bmi088.o
    0x0800d166   0x0800d166   0x00000001   Data   RO         7233    .constdata          periph_referee.o
    0x0800d167   0x0800d167   0x00000001   Data   RO         7234    .constdata          periph_referee.o
    0x0800d168   0x0800d168   0x000000d8   Data   RO         7236    .constdata          periph_referee.o
    0x0800d240   0x0800d240   0x00000004   Data   RO         8119    .constdata          sys_const.o
    0x0800d244   0x0800d244   0x00000004   Data   RO         8120    .constdata          sys_const.o
    0x0800d248   0x0800d248   0x00000004   Data   RO         8121    .constdata          sys_const.o
    0x0800d24c   0x0800d24c   0x00000004   Data   RO         8122    .constdata          sys_const.o
    0x0800d250   0x0800d250   0x00000004   Data   RO         8123    .constdata          sys_const.o
    0x0800d254   0x0800d254   0x00000004   Data   RO         8124    .constdata          sys_const.o
    0x0800d258   0x0800d258   0x00000004   Data   RO         8125    .constdata          sys_const.o
    0x0800d25c   0x0800d25c   0x00000004   Data   RO         8128    .constdata          sys_const.o
    0x0800d260   0x0800d260   0x00000004   Data   RO         8129    .constdata          sys_const.o
    0x0800d264   0x0800d264   0x00000004   Data   RO         8130    .constdata          sys_const.o
    0x0800d268   0x0800d268   0x00000004   Data   RO         8131    .constdata          sys_const.o
    0x0800d26c   0x0800d26c   0x00000004   Data   RO         8132    .constdata          sys_const.o
    0x0800d270   0x0800d270   0x00000004   Data   RO         8133    .constdata          sys_const.o
    0x0800d274   0x0800d274   0x00000004   Data   RO         8135    .constdata          sys_const.o
    0x0800d278   0x0800d278   0x00000004   Data   RO         8136    .constdata          sys_const.o
    0x0800d27c   0x0800d27c   0x00000004   Data   RO         8137    .constdata          sys_const.o
    0x0800d280   0x0800d280   0x00000004   Data   RO         8141    .constdata          sys_const.o
    0x0800d284   0x0800d284   0x00000004   Data   RO         8144    .constdata          sys_const.o
    0x0800d288   0x0800d288   0x00000004   Data   RO         8145    .constdata          sys_const.o
    0x0800d28c   0x0800d28c   0x00000004   Data   RO         8146    .constdata          sys_const.o
    0x0800d290   0x0800d290   0x00000004   Data   RO         8147    .constdata          sys_const.o
    0x0800d294   0x0800d294   0x00000004   Data   RO         8148    .constdata          sys_const.o
    0x0800d298   0x0800d298   0x00000004   Data   RO         8149    .constdata          sys_const.o
    0x0800d29c   0x0800d29c   0x00000004   Data   RO         8150    .constdata          sys_const.o
    0x0800d2a0   0x0800d2a0   0x00000050   Data   RO         8151    .constdata          sys_const.o
    0x0800d2f0   0x0800d2f0   0x00000050   Data   RO         8152    .constdata          sys_const.o
    0x0800d340   0x0800d340   0x00000050   Data   RO         8153    .constdata          sys_const.o
    0x0800d390   0x0800d390   0x00000050   Data   RO         8154    .constdata          sys_const.o
    0x0800d3e0   0x0800d3e0   0x00000050   Data   RO         8155    .constdata          sys_const.o
    0x0800d430   0x0800d430   0x00000050   Data   RO         8156    .constdata          sys_const.o
    0x0800d480   0x0800d480   0x00000050   Data   RO         8157    .constdata          sys_const.o
    0x0800d4d0   0x0800d4d0   0x00000050   Data   RO         8158    .constdata          sys_const.o
    0x0800d520   0x0800d520   0x00000050   Data   RO         8159    .constdata          sys_const.o
    0x0800d570   0x0800d570   0x00000050   Data   RO         8160    .constdata          sys_const.o
    0x0800d5c0   0x0800d5c0   0x00000050   Data   RO         8161    .constdata          sys_const.o
    0x0800d610   0x0800d610   0x00000050   Data   RO         8162    .constdata          sys_const.o
    0x0800d660   0x0800d660   0x00000050   Data   RO         8163    .constdata          sys_const.o
    0x0800d6b0   0x0800d6b0   0x00000050   Data   RO         8164    .constdata          sys_const.o
    0x0800d700   0x0800d700   0x00000004   Data   RO         8165    .constdata          sys_const.o
    0x0800d704   0x0800d704   0x00000090   Data   RO         8167    .constdata          sys_const.o
    0x0800d794   0x0800d794   0x00000300   Data   RO         8320    .constdata          alg_crc.o
    0x0800da94   0x0800da94   0x00000090   Data   RO          273    .conststring        freertos.o
    0x0800db24   0x0800db24   0x0000002d   Data   RO         6331    .conststring        module_referee.o
    0x0800db51   0x0800db51   0x00000003   PAD
    0x0800db54   0x0800db54   0x00000804   Data   RO         9210    .rodata.sinTable_f32  arm_cortexM4lf_math.lib(arm_common_tables.o)
    0x0800e358   0x0800e358   0x00000020   Data   RO         9454    Region$$Table       anon$$obj.o


    Execution Region RW_IRAM1 (Exec base: 0x20000000, Load base: 0x0800e378, Size: 0x0000ea80, Max: 0x0001c000, ABSOLUTE, COMPRESSED[0x000000f4])

    Exec Addr    Load Addr    Size         Type   Attr      Idx    E Section Name        Object

    0x20000000   COMPRESSED   0x00000028   Data   RW          275    .data               freertos.o
    0x20000028   COMPRESSED   0x00000004   Data   RW          385    .data               can.o
    0x2000002c   COMPRESSED   0x00000001   Data   RW          641    .data               stm32f4xx_it.o
    0x2000002d   COMPRESSED   0x00000003   PAD
    0x20000030   COMPRESSED   0x0000000c   Data   RW         3041    .data               stm32f4xx_hal.o
    0x2000003c   COMPRESSED   0x00000004   Data   RW         3971    .data               system_stm32f4xx.o
    0x20000040   COMPRESSED   0x0000003c   Data   RW         4558    .data               tasks.o
    0x2000007c   COMPRESSED   0x00000014   Data   RW         4888    .data               timers.o
    0x20000090   COMPRESSED   0x00000020   Data   RW         5419    .data               heap_4.o
    0x200000b0   COMPRESSED   0x0000000c   Data   RW         5475    .data               port.o
    0x200000bc   COMPRESSED   0x0000003c   Data   RW         5816    .data               app_ins.o
    0x200000f8   COMPRESSED   0x00000002   Data   RW         5906    .data               app_watchdog.o
    0x200000fa   COMPRESSED   0x00000002   PAD
    0x200000fc   COMPRESSED   0x00000004   Data   RW         5958    .data               app_remote.o
    0x20000100   COMPRESSED   0x0000002c   Data   RW         5959    .data               app_remote.o
    0x2000012c   COMPRESSED   0x00000034   Data   RW         6177    .data               app_autoaim.o
    0x20000160   COMPRESSED   0x00000010   Data   RW         6332    .data               module_referee.o
    0x20000170   COMPRESSED   0x00000010   Data   RW         6648    .data               module_shoot.o
    0x20000180   COMPRESSED   0x00000004   Data   RW         6815    .data               module_chassis.o
    0x20000184   COMPRESSED   0x00000004   Data   RW         6900    .data               module_supercap.o
    0x20000188   COMPRESSED   0x00000034   Data   RW         6961    .data               periph_bmi088.o
    0x200001bc   COMPRESSED   0x00000008   Data   RW         7242    .data               periph_referee.o
    0x200001c4   COMPRESSED   0x00000004   Data   RW         7382    .data               periph_remote.o
    0x200001c8   COMPRESSED   0x00000014   Data   RW         7815    .data               util_gpio.o
    0x200001dc   COMPRESSED   0x00000014   Data   RW         7816    .data               util_gpio.o
    0x200001f0   COMPRESSED   0x00000014   Data   RW         7817    .data               util_gpio.o
    0x20000204   COMPRESSED   0x00000004   Data   RW         7820    .data               util_gpio.o
    0x20000208   COMPRESSED   0x00000004   Data   RW         7821    .data               util_gpio.o
    0x2000020c   COMPRESSED   0x00000004   Data   RW         7824    .data               util_gpio.o
    0x20000210   COMPRESSED   0x00000004   Data   RW         8168    .data               sys_const.o
    0x20000214   COMPRESSED   0x00000004   Data   RW         8169    .data               sys_const.o
    0x20000218   COMPRESSED   0x00000004   Data   RW         8170    .data               sys_const.o
    0x2000021c   COMPRESSED   0x00000004   Data   RW         8172    .data               sys_const.o
    0x20000220   COMPRESSED   0x00000004   Data   RW         8173    .data               sys_const.o
    0x20000224   COMPRESSED   0x00000004   Data   RW         8174    .data               sys_const.o
    0x20000228   COMPRESSED   0x00000004   Data   RW         8175    .data               sys_const.o
    0x2000022c   COMPRESSED   0x00000004   Data   RW         8176    .data               sys_const.o
    0x20000230   COMPRESSED   0x00000004   Data   RW         8177    .data               sys_const.o
    0x20000234   COMPRESSED   0x00000050   Data   RW         8178    .data               sys_const.o
    0x20000284   COMPRESSED   0x00000050   Data   RW         8179    .data               sys_const.o
    0x200002d4   COMPRESSED   0x00000090   Data   RW         8180    .data               sys_const.o
    0x20000364   COMPRESSED   0x00000004   PAD
    0x20000368   COMPRESSED   0x00000040   Data   RW         8214    .data               sys_dwt.o
    0x200003a8   COMPRESSED   0x00000004   Data   RW         8321    .data               alg_crc.o
    0x200003ac   COMPRESSED   0x00000044   Data   RW         8667    .data               alg_quaternionekf.o
    0x200003f0   COMPRESSED   0x0000000c   Data   RW         8897    .data               protocol_common.o
    0x200003fc   COMPRESSED   0x00000020   Data   RW         9036    .data               protocol_transmit.o
    0x2000041c   COMPRESSED   0x00000020   Data   RW         9037    .data               protocol_transmit.o
    0x2000043c   COMPRESSED   0x00000004   Data   RW         9430    .data               mc_w.l(mvars.o)
    0x20000440   COMPRESSED   0x00000004   Data   RW         9431    .data               mc_w.l(mvars.o)
    0x20000444   COMPRESSED   0x00000004   Data   RW         9435    .data               mc_w.l(errno.o)
    0x20000448        -       0x000006a8   Zero   RW          271    .bss                freertos.o
    0x20000af0        -       0x00000050   Zero   RW          384    .bss                can.o
    0x20000b40        -       0x00000118   Zero   RW          456    .bss                spi.o
    0x20000c58        -       0x000000d8   Zero   RW          503    .bss                tim.o
    0x20000d30        -       0x00000258   Zero   RW          572    .bss                usart.o
    0x20000f88        -       0x00000048   Zero   RW          823    .bss                stm32f4xx_hal_timebase_tim.o
    0x20000fd0        -       0x00000040   Zero   RW         4178    .bss                queue.o
    0x20001010        -       0x000000f0   Zero   RW         4557    .bss                tasks.o
    0x20001100        -       0x00000110   Zero   RW         4887    .bss                timers.o
    0x20001210        -       0x00006000   Zero   RW         5418    .bss                heap_4.o
    0x20007210        -       0x0000009c   Zero   RW         5814    .bss                app_ins.o
    0x200072ac        -       0x0000003c   Zero   RW         6130    .bss                app_autoaim.o
    0x200072e8        -       0x00000010   Zero   RW         6135    .bss                app_autoaim.o
    0x200072f8        -       0x00000010   Zero   RW         6136    .bss                app_autoaim.o
    0x20007308        -       0x000001e3   Zero   RW         6318    .bss                module_referee.o
    0x200074eb   COMPRESSED   0x00000001   PAD
    0x200074ec        -       0x00000230   Zero   RW         6506    .bss                module_gimbal.o
    0x2000771c        -       0x00000258   Zero   RW         6647    .bss                module_shoot.o
    0x20007974        -       0x00000498   Zero   RW         6814    .bss                module_chassis.o
    0x20007e0c        -       0x00000018   Zero   RW         6898    .bss                module_supercap.o
    0x20007e24        -       0x00000010   Zero   RW         6899    .bss                module_supercap.o
    0x20007e34        -       0x00000064   Zero   RW         6958    .bss                periph_bmi088.o
    0x20007e98        -       0x0000037c   Zero   RW         7093    .bss                periph_motor.o
    0x20008214   COMPRESSED   0x00000004   PAD
    0x20008218        -       0x000002a0   Zero   RW         7229    .bss                periph_referee.o
    0x200084b8        -       0x00000064   Zero   RW         7376    .bss                periph_remote.o
    0x2000851c        -       0x00000040   Zero   RW         7464    .bss                periph_servo.o
    0x2000855c        -       0x000000e4   Zero   RW         7697    .bss                util_can.o
    0x20008640        -       0x00000270   Zero   RW         8666    .bss                alg_quaternionekf.o
    0x200088b0        -       0x000000d0   Zero   RW         8724    .bss                alg_power_limit.o
    0x20008980        -       0x000000e4   Zero   RW         8895    .bss                protocol_common.o
    0x20008a64        -       0x00000018   Zero   RW         9030    .bss                protocol_transmit.o
    0x20008a7c   COMPRESSED   0x00000004   PAD
    0x20008a80        -       0x00002000   Zero   RW            2    HEAP                startup_stm32f407xx.o
    0x2000aa80        -       0x00004000   Zero   RW            1    STACK               startup_stm32f407xx.o


    Execution Region RW_IRAM2 (Exec base: 0x2001c000, Load base: 0x0800e46c, Size: 0x00000000, Max: 0x00004000, ABSOLUTE)

    **** No section assigned to this execution region ****


==============================================================================

Image component sizes


      Code (inc. data)   RO Data    RW Data    ZI Data      Debug   Object Name

       192         16        768          4          0       3691   alg_crc.o
        70          0          0          0          0       2230   alg_filter.o
      1974          0          0          0          0       8322   alg_kalman.o
       144         14          0          0          0       1856   alg_math.o
       910          0          0          0          0       6028   alg_pid.o
         0          0          0          0        208       1356   alg_power_limit.o
      2828        164          0         68        624       7426   alg_quaternionekf.o
       510         36          0         52         92       9757   app_autoaim.o
        28          6          0          0          0        515   app_chassis.o
        12          0          0          0          0       1480   app_communicate.o
        44          4          0          0          0        558   app_gimbal.o
       136         20          0          0          0      14592   app_init.o
      1644         72         48         60        156       6362   app_ins.o
        12          0          0          0          0        507   app_referee.o
      1864        178          0         48          0      10972   app_remote.o
        12          0          0          0          0        497   app_shoot.o
        94          4          0          2          0       1311   app_watchdog.o
       392         42          0          4         80       2446   can.o
       302          8          0          0          0      30434   cmsis_os.o
       140          4          0          0          0        818   dma.o
         0          0          0          0          0      19652   event_groups.o
       280         18        404         40       1704       8356   freertos.o
       368         20          0          0          0       1131   gpio.o
       480         26          0         32      24576       4975   heap_4.o
        28          0          0          0          0       1982   lib_buff.o
       138          0          0          0          0       3538   list.o
       238         14          0          0          0     737960   main.o
      1844        142          0          4       1176       8001   module_chassis.o
      1044        108          0          0        560       9648   module_gimbal.o
      1542        130        309         16        483      20913   module_referee.o
      1490        148          0         16        600      15373   module_shoot.o
       330         54          0          4         40       3923   module_supercap.o
       268         38          0          0          0       1130   periph_autoaim.o
      3790        156         18         52        100      21261   periph_bmi088.o
      1838        106          0          0        892      12548   periph_motor.o
       884         76        218          8        672      18611   periph_referee.o
       632         24          0          4        100       8811   periph_remote.o
       138         34          0          0         64       3747   periph_servo.o
       786         84          0         12          0      11893   port.o
       216         28          0         12        228       5425   protocol_common.o
         0          0          0          0          0       1008   protocol_receive.o
       316         52          0         64         24       4317   protocol_transmit.o
      1554         20          0          0         64      17568   queue.o
       360         32          0          0        280       1879   spi.o
        36          8        392          0      24576        832   startup_stm32f407xx.o
       116         18          0         12          0       8690   stm32f4xx_hal.o
      1808          6          0          0          0      14769   stm32f4xx_hal_can.o
       158         14          0          0          0      33098   stm32f4xx_hal_cortex.o
      1130         14          8          0          0       7359   stm32f4xx_hal_dma.o
       518         50          0          0          0       4179   stm32f4xx_hal_gpio.o
        56          4          0          0          0        822   stm32f4xx_hal_msp.o
      1536         88          0          0          0       6989   stm32f4xx_hal_rcc.o
      1290         22          0          0          0       7194   stm32f4xx_hal_spi.o
      2160        148          0          0          0      17201   stm32f4xx_hal_tim.o
       232         30          0          0          0       3385   stm32f4xx_hal_tim_ex.o
       152         20          0          0         72       1515   stm32f4xx_hal_timebase_tim.o
      1672         16          0          0          0      11812   stm32f4xx_hal_uart.o
       370         86          0          1          0      15778   stm32f4xx_it.o
         0          0          0          0          0        384   stream_buffer.o
         0          0       1364        340          0       4774   sys_const.o
       448         70          0         64          0       4398   sys_dwt.o
        18          6          0          0          0        989   sys_softtimer.o
        16          4         24          4          0       1095   system_stm32f4xx.o
      2444        186          0         60        240      28965   tasks.o
       536         64          0          0        216       4122   tim.o
      1224         88          0         20        272      33887   timers.o
       752         78          0          0        600       3484   usart.o
       276         22          0          0        228       5135   util_can.o
        76          0          0         72          0       3223   util_gpio.o
       336         24          0          0          0       3485   util_pwm.o
        66          0          0          0          0       2181   util_spi.o
       192         10          0          0          0       4589   util_uart.o

    ----------------------------------------------------------------------
     47572       2954       3588       1084      58936    1289142   Object Totals
         0          0         32          0          0          0   (incl. Generated)
        82          0          3          9          9          0   (incl. Padding)

    ----------------------------------------------------------------------

      Code (inc. data)   RO Data    RW Data    ZI Data      Debug   Library Member Name

         0          0       2052          0          0       3698   arm_common_tables.o
       160         12          0          0          0       1107   arm_cos_f32.o
       190          0          0          0          0       1726   arm_mat_add_f32.o
         8          0          0          0          0        845   arm_mat_init_f32.o
       720          4          0          0          0       3399   arm_mat_inverse_f32.o
       316          4          0          0          0       2307   arm_mat_mult_f32.o
       190          0          0          0          0       1726   arm_mat_sub_f32.o
       178          0          0          0          0       1817   arm_mat_trans_f32.o
       152         12          0          0          0       1102   arm_sin_f32.o
       280         46          0          0          0        176   acosf.o
       300         42          0          0          0        176   asinf.o
       592         90          0          0          0        184   atan2f.o
        20          0          0          0          0        124   fabs.o
        38          0          0          0          0        116   fpclassifyf.o
        44         12          0          0          0        464   funder.o
       120          0          0          0          0        272   sqrtf.o
        86          0          0          0          0          0   __dczerorl2.o
         0          0          0          0          0          0   entry.o
         0          0          0          0          0          0   entry10a.o
         0          0          0          0          0          0   entry11a.o
         8          4          0          0          0          0   entry2.o
         4          0          0          0          0          0   entry5.o
         0          0          0          0          0          0   entry7b.o
         0          0          0          0          0          0   entry8b.o
         8          4          0          0          0          0   entry9a.o
        12          6          0          4          0         68   errno.o
        30          0          0          0          0          0   handlers.o
        36          8          0          0          0         68   init.o
         0          0          0          0          0          0   iusefp.o
        30          0          0          0          0         68   llshl.o
        36          0          0          0          0         68   llsshr.o
        32          0          0          0          0         68   llushr.o
       108         16          0          0          0         84   malloc.o
        36          0          0          0          0         68   memcpya.o
        36          0          0          0          0        108   memseta.o
         0          0          0          8          0          0   mvars.o
        14          0          0          0          0         68   strlen.o
        98          0          0          0          0         92   uldiv.o
        48          0          0          0          0         68   cdcmple.o
        48          0          0          0          0         68   cdrcmple.o
        56          0          0          0          0         88   d2f.o
       334          0          0          0          0        148   dadd.o
       186          0          0          0          0        176   depilogue.o
        50          0          0          0          0         76   dfixui.o
        26          0          0          0          0         76   dfltui.o
       228          0          0          0          0         96   dmul.o
        38          0          0          0          0         68   f2d.o
       110          0          0          0          0        168   fepilogue.o

    ----------------------------------------------------------------------
      5020        260       2052         12          0      21031   Library Totals
        14          0          0          0          0          0   (incl. Padding)

    ----------------------------------------------------------------------

      Code (inc. data)   RO Data    RW Data    ZI Data      Debug   Library Name

      1914         32       2052          0          0      17727   arm_cortexM4lf_math.lib
      1394        190          0          0          0       1512   m_wm.l
       574         38          0         12          0        760   mc_w.l
      1124          0          0          0          0       1032   mf_w.l

    ----------------------------------------------------------------------
      5020        260       2052         12          0      21031   Library Totals

    ----------------------------------------------------------------------

==============================================================================


      Code (inc. data)   RO Data    RW Data    ZI Data      Debug   

     52592       3214       5640       1096      58936    1265061   Grand Totals
     52592       3214       5640        244      58936    1265061   ELF Image Totals (compressed)
     52592       3214       5640        244          0          0   ROM Totals

==============================================================================

    Total RO  Size (Code + RO Data)                58232 (  56.87kB)
    Total RW  Size (RW Data + ZI Data)             60032 (  58.63kB)
    Total ROM Size (Code + RO Data + RW Data)      58476 (  57.11kB)

==============================================================================

