Component: ARM Compiler 5.06 update 5 (build 528) Tool: armlink [4d35e2]

==============================================================================

Section Cross References

    startup_stm32f407xx.o(RESET) refers to startup_stm32f407xx.o(STACK) for __initial_sp
    startup_stm32f407xx.o(RESET) refers to startup_stm32f407xx.o(.text) for Reset_Handler
    startup_stm32f407xx.o(RESET) refers to stm32f4xx_it.o(i.NMI_Handler) for NMI_Handler
    startup_stm32f407xx.o(RESET) refers to stm32f4xx_it.o(i.HardFault_Handler) for HardFault_Handler
    startup_stm32f407xx.o(RESET) refers to stm32f4xx_it.o(i.MemManage_Handler) for MemManage_Handler
    startup_stm32f407xx.o(RESET) refers to stm32f4xx_it.o(i.BusFault_Handler) for BusFault_Handler
    startup_stm32f407xx.o(RESET) refers to stm32f4xx_it.o(i.UsageFault_Handler) for UsageFault_Handler
    startup_stm32f407xx.o(RESET) refers to port.o(.emb_text) for SVC_Handler
    startup_stm32f407xx.o(RESET) refers to stm32f4xx_it.o(i.DebugMon_Handler) for DebugMon_Handler
    startup_stm32f407xx.o(RESET) refers to port.o(i.SysTick_Handler) for SysTick_Handler
    startup_stm32f407xx.o(RESET) refers to stm32f4xx_it.o(i.EXTI3_IRQHandler) for EXTI3_IRQHandler
    startup_stm32f407xx.o(RESET) refers to stm32f4xx_it.o(i.EXTI4_IRQHandler) for EXTI4_IRQHandler
    startup_stm32f407xx.o(RESET) refers to stm32f4xx_it.o(i.DMA1_Stream1_IRQHandler) for DMA1_Stream1_IRQHandler
    startup_stm32f407xx.o(RESET) refers to stm32f4xx_it.o(i.CAN1_RX0_IRQHandler) for CAN1_RX0_IRQHandler
    startup_stm32f407xx.o(RESET) refers to stm32f4xx_it.o(i.EXTI9_5_IRQHandler) for EXTI9_5_IRQHandler
    startup_stm32f407xx.o(RESET) refers to stm32f4xx_it.o(i.SPI1_IRQHandler) for SPI1_IRQHandler
    startup_stm32f407xx.o(RESET) refers to stm32f4xx_it.o(i.USART1_IRQHandler) for USART1_IRQHandler
    startup_stm32f407xx.o(RESET) refers to stm32f4xx_it.o(i.USART3_IRQHandler) for USART3_IRQHandler
    startup_stm32f407xx.o(RESET) refers to stm32f4xx_it.o(i.TIM6_DAC_IRQHandler) for TIM6_DAC_IRQHandler
    startup_stm32f407xx.o(RESET) refers to stm32f4xx_it.o(i.DMA2_Stream1_IRQHandler) for DMA2_Stream1_IRQHandler
    startup_stm32f407xx.o(RESET) refers to stm32f4xx_it.o(i.CAN2_RX0_IRQHandler) for CAN2_RX0_IRQHandler
    startup_stm32f407xx.o(RESET) refers to stm32f4xx_it.o(i.DMA2_Stream5_IRQHandler) for DMA2_Stream5_IRQHandler
    startup_stm32f407xx.o(RESET) refers to stm32f4xx_it.o(i.DMA2_Stream7_IRQHandler) for DMA2_Stream7_IRQHandler
    startup_stm32f407xx.o(RESET) refers to stm32f4xx_it.o(i.USART6_IRQHandler) for USART6_IRQHandler
    startup_stm32f407xx.o(.text) refers to system_stm32f4xx.o(i.SystemInit) for SystemInit
    startup_stm32f407xx.o(.text) refers to entry.o(.ARM.Collect$$$$00000000) for __main
    main.o(i.HAL_TIM_PeriodElapsedCallback) refers to stm32f4xx_hal.o(i.HAL_IncTick) for HAL_IncTick
    main.o(i.SystemClock_Config) refers to memseta.o(.text) for __aeabi_memclr4
    main.o(i.SystemClock_Config) refers to stm32f4xx_hal_rcc.o(i.HAL_RCC_OscConfig) for HAL_RCC_OscConfig
    main.o(i.SystemClock_Config) refers to main.o(i.Error_Handler) for Error_Handler
    main.o(i.SystemClock_Config) refers to stm32f4xx_hal_rcc.o(i.HAL_RCC_ClockConfig) for HAL_RCC_ClockConfig
    main.o(i.main) refers to stm32f4xx_hal.o(i.HAL_Init) for HAL_Init
    main.o(i.main) refers to main.o(i.SystemClock_Config) for SystemClock_Config
    main.o(i.main) refers to gpio.o(i.MX_GPIO_Init) for MX_GPIO_Init
    main.o(i.main) refers to dma.o(i.MX_DMA_Init) for MX_DMA_Init
    main.o(i.main) refers to can.o(i.MX_CAN1_Init) for MX_CAN1_Init
    main.o(i.main) refers to can.o(i.MX_CAN2_Init) for MX_CAN2_Init
    main.o(i.main) refers to spi.o(i.MX_SPI1_Init) for MX_SPI1_Init
    main.o(i.main) refers to tim.o(i.MX_TIM1_Init) for MX_TIM1_Init
    main.o(i.main) refers to usart.o(i.MX_USART3_UART_Init) for MX_USART3_UART_Init
    main.o(i.main) refers to tim.o(i.MX_TIM8_Init) for MX_TIM8_Init
    main.o(i.main) refers to tim.o(i.MX_TIM12_Init) for MX_TIM12_Init
    main.o(i.main) refers to usart.o(i.MX_USART6_UART_Init) for MX_USART6_UART_Init
    main.o(i.main) refers to usart.o(i.MX_USART1_UART_Init) for MX_USART1_UART_Init
    main.o(i.main) refers to app_init.o(i.Init_InitAll) for Init_InitAll
    main.o(i.main) refers to freertos.o(i.MX_FREERTOS_Init) for MX_FREERTOS_Init
    main.o(i.main) refers to cmsis_os.o(i.osKernelStart) for osKernelStart
    gpio.o(i.MX_GPIO_Init) refers to memseta.o(.text) for __aeabi_memclr4
    gpio.o(i.MX_GPIO_Init) refers to stm32f4xx_hal_gpio.o(i.HAL_GPIO_WritePin) for HAL_GPIO_WritePin
    gpio.o(i.MX_GPIO_Init) refers to stm32f4xx_hal_gpio.o(i.HAL_GPIO_Init) for HAL_GPIO_Init
    gpio.o(i.MX_GPIO_Init) refers to stm32f4xx_hal_cortex.o(i.HAL_NVIC_SetPriority) for HAL_NVIC_SetPriority
    gpio.o(i.MX_GPIO_Init) refers to stm32f4xx_hal_cortex.o(i.HAL_NVIC_EnableIRQ) for HAL_NVIC_EnableIRQ
    freertos.o(i.Chassis_Task) refers to cmsis_os.o(i.osDelay) for osDelay
[...]
    Const_HeatCtrlWaitLimit                  0x0800cb4c   Data           4  sys_const.o(.constdata)
    Const_HeatCtrlStopLimit                  0x0800cb50   Data           4  sys_const.o(.constdata)
    Const_ShooterSlowSpeed                   0x0800cb54   Data           4  sys_const.o(.constdata)
    Const_ShooterFastSpeed                   0x0800cb58   Data           4  sys_const.o(.constdata)
    Const_WHEELLEG_REMOTE_YAW_GAIN           0x0800cb5c   Data           4  sys_const.o(.constdata)
    REMOTE_PITCH_ANGLE_TO_REF                0x0800cb60   Data           4  sys_const.o(.constdata)
    REMOTE_CHASSIS_VX_GAIN                   0x0800cb64   Data           4  sys_const.o(.constdata)
    REMOTE_CHASSIS_VY_GAIN                   0x0800cb68   Data           4  sys_const.o(.constdata)
    REMOTE_CHASSIS_SEP_WZ_GAIN               0x0800cb6c   Data           4  sys_const.o(.constdata)
    REMOTE_CHASSIS_FOLLOW_WZ_GAIN            0x0800cb70   Data           4  sys_const.o(.constdata)
    REMOTE_CHASSIS_XTL_WZ_GAIN               0x0800cb74   Data           4  sys_const.o(.constdata)
    CHASSIS_XTL_WZ                           0x0800cb78   Data           4  sys_const.o(.constdata)
    Const_GimbalPitchAngParam                0x0800cb7c   Data          80  sys_const.o(.constdata)
    Const_GimbalPitchSpdParam                0x0800cbcc   Data          80  sys_const.o(.constdata)
    Const_GimbalYawSpdParam                  0x0800cc1c   Data          80  sys_const.o(.constdata)
    Const_GimbalYawAngParam                  0x0800cc6c   Data          80  sys_const.o(.constdata)
    Const_FeedAngParam                       0x0800ccbc   Data          80  sys_const.o(.constdata)
    Const_FeedSpdParam                       0x0800cd0c   Data          80  sys_const.o(.constdata)
    Const_ChassisFontRightAngParam           0x0800cd5c   Data          80  sys_const.o(.constdata)
    Const_ChassisFontRightSpdParam           0x0800cdac   Data          80  sys_const.o(.constdata)
    Const_ChassisFontLeftAngParam            0x0800cdfc   Data          80  sys_const.o(.constdata)
    Const_ChassisFontLeftSpdParam            0x0800ce4c   Data          80  sys_const.o(.constdata)
    Const_ChassisBackLeftAngParam            0x0800ce9c   Data          80  sys_const.o(.constdata)
    Const_ChassisBackLeftSpdParam            0x0800ceec   Data          80  sys_const.o(.constdata)
    Const_ChassisBackRightAngParam           0x0800cf3c   Data          80  sys_const.o(.constdata)
    Const_ChassisBackRightSpdParam           0x0800cf8c   Data          80  sys_const.o(.constdata)
    Wz_SpeedLimit                            0x0800cfdc   Data           4  sys_const.o(.constdata)
    QuaternionEKF_F                          0x0800cfe0   Data         144  sys_const.o(.constdata)
    CRC8_TAB                                 0x0800d070   Data         256  alg_crc.o(.constdata)
    CRC16_Table                              0x0800d170   Data         512  alg_crc.o(.constdata)
    sinTable_f32                             0x0800d424   Data        2052  arm_common_tables.o(.rodata.sinTable_f32)
    Region$$Table$$Base                      0x0800dc28   Number         0  anon$$obj.o(Region$$Table)
    Region$$Table$$Limit                     0x0800dc48   Number         0  anon$$obj.o(Region$$Table)
    Init_TaskHandleHandle                    0x20000000   Data           4  freertos.o(.data)
    Ins_TaskHandlerHandle                    0x20000004   Data           4  freertos.o(.data)
    Shoot_TaskHandlHandle                    0x20000008   Data           4  freertos.o(.data)
    Remote_TaskHandHandle                    0x2000000c   Data           4  freertos.o(.data)
    Gimbal_TaskHandHandle                    0x20000010   Data           4  freertos.o(.data)
    Chassis_TaskHanHandle                    0x20000014   Data           4  freertos.o(.data)
    SoftTimerHandle                          0x20000018   Data           4  freertos.o(.data)
    uwTickFreq                               0x20000024   Data           1  stm32f4xx_hal.o(.data)
    uwTickPrio                               0x20000028   Data           4  stm32f4xx_hal.o(.data)
    uwTick                                   0x2000002c   Data           4  stm32f4xx_hal.o(.data)
    SystemCoreClock                          0x20000030   Data           4  system_stm32f4xx.o(.data)
    pxCurrentTCB                             0x20000034   Data           4  tasks.o(.data)
    Remote_remoteControlData                 0x200000fc   Data           8  app_remote.o(.data)
    Remote_ChassisFBSlope                    0x20000104   Data           8  app_remote.o(.data)
    shoot_num                                0x20000110   Data           4  app_autoaim.o(.data)
    remaining_shoot_num                      0x20000114   Data           4  app_autoaim.o(.data)
    last_remaining_shoot_num                 0x20000118   Data           4  app_autoaim.o(.data)
    average_shoot_speed                      0x2000011c   Data           4  app_autoaim.o(.data)
    last_shoot_speed                         0x20000120   Data           4  app_autoaim.o(.data)
    real_shoot_speed_save                    0x2000012c   Data          20  app_autoaim.o(.data)
    referee_setup_flag                       0x20000140   Data           1  module_referee.o(.data)
    syj                                      0x20000141   Data           1  module_referee.o(.data)
    CAP_STATE_TEXT_STR                       0x20000144   Data           4  module_referee.o(.data)
    PITCH_METER_TEXT_STR                     0x20000148   Data           4  module_referee.o(.data)
    AIM_MODE_TEXT_STR                        0x2000014c   Data           4  module_referee.o(.data)
    NORMAL_AIM_TEXT_STR                      0x20000150   Data           4  module_referee.o(.data)
    ARMOR_AIM_TEXT_STR                       0x20000154   Data           4  module_referee.o(.data)
    BIG_BUFF_AIM_TEXT_STR                    0x20000158   Data           4  module_referee.o(.data)
    SMALL_BUFF_AIM_TEXT_STR                  0x2000015c   Data           4  module_referee.o(.data)
    CHASSIS_MODE_TEXT_STR                    0x20000160   Data           4  module_referee.o(.data)
    NORMAL_RUN_TEXT_STR                      0x20000164   Data           4  module_referee.o(.data)
    GYRO_RUN_TEXT_STR                        0x20000168   Data           4  module_referee.o(.data)
    error                                    0x20000184   Data           1  periph_bmi088.o(.data)
    BMI088_ACCEL_SEN                         0x20000188   Data           4  periph_bmi088.o(.data)
    BMI088_GYRO_SEN                          0x2000018c   Data           4  periph_bmi088.o(.data)
    Const_BMI088_SPI_HANDLER                 0x20000190   Data           4  periph_bmi088.o(.data)
    Const_Referee_UART_HANDLER               0x200001bc   Data           4  periph_referee.o(.data)
    Const_Remote_UART_HANDLER                0x200001c0   Data           4  periph_remote.o(.data)
    LASER_START                              0x200001c4   Data          20  util_gpio.o(.data)
    CS_ACCEL_START                           0x200001d8   Data          20  util_gpio.o(.data)
    CS_GYRO_START                            0x200001ec   Data          20  util_gpio.o(.data)
    CS_ACCEL                                 0x20000200   Data           4  util_gpio.o(.data)
    CS_GYRO                                  0x20000204   Data           4  util_gpio.o(.data)
    LASER                                    0x20000208   Data           4  util_gpio.o(.data)
    Const_SERVO_INIT_OFFSET                  0x2000020c   Data           4  sys_const.o(.data)
    MOUSE_PITCH_ANGLE_TO_FACT                0x20000210   Data           4  sys_const.o(.data)
    MOUSE_YAW_ANGLE_TO_FACT                  0x20000214   Data           4  sys_const.o(.data)
    CHASSIS_YAW_ANGLE_OFFSET                 0x20000218   Data           4  sys_const.o(.data)
    Const_PITCH_UMAXANGLE                    0x2000021c   Data           4  sys_const.o(.data)
    Const_PITCH_UMAXANGLE_GRYO               0x20000220   Data           4  sys_const.o(.data)
    Const_PITCH_DMAXANGLE                    0x20000224   Data           4  sys_const.o(.data)
    Const_YAW_MAXANGLE                       0x20000228   Data           4  sys_const.o(.data)
    Const_PITCH_MOTOR_INIT_OFFSETf           0x2000022c   Data           4  sys_const.o(.data)
    Const_ShootLeftParam                     0x20000230   Data          80  sys_const.o(.data)
    Const_ShootRightParam                    0x20000280   Data          80  sys_const.o(.data)
    QuaternionEKF_P                          0x200002d0   Data         144  sys_const.o(.data)
    SysTime                                  0x20000390   Data           8  sys_dwt.o(.data)
    CYCCNT64                                 0x20000398   Data           8  sys_dwt.o(.data)
    CRC8_INIT                                0x200003a0   Data           1  alg_crc.o(.data)
    CRC16_INIT                               0x200003a2   Data           2  alg_crc.o(.data)
    __microlib_freelist                      0x200003e8   Data           4  mvars.o(.data)
    __microlib_freelist_initialised          0x200003ec   Data           4  mvars.o(.data)
    hcan1                                    0x20000a9c   Data          40  can.o(.bss)
    hcan2                                    0x20000ac4   Data          40  can.o(.bss)
    hspi1                                    0x20000aec   Data          88  spi.o(.bss)
    hdma_spi1_rx                             0x20000b44   Data          96  spi.o(.bss)
    hdma_spi1_tx                             0x20000ba4   Data          96  spi.o(.bss)
    htim1                                    0x20000c04   Data          72  tim.o(.bss)
    htim8                                    0x20000c4c   Data          72  tim.o(.bss)
    htim12                                   0x20000c94   Data          72  tim.o(.bss)
    huart1                                   0x20000cdc   Data          72  usart.o(.bss)
    huart3                                   0x20000d24   Data          72  usart.o(.bss)
    huart6                                   0x20000d6c   Data          72  usart.o(.bss)
    hdma_usart1_rx                           0x20000db4   Data          96  usart.o(.bss)
    hdma_usart1_tx                           0x20000e14   Data          96  usart.o(.bss)
    hdma_usart3_rx                           0x20000e74   Data          96  usart.o(.bss)
    hdma_usart6_rx                           0x20000ed4   Data          96  usart.o(.bss)
    htim6                                    0x20000f34   Data          72  stm32f4xx_hal_timebase_tim.o(.bss)
    xQueueRegistry                           0x20000f7c   Data          64  queue.o(.bss)
    INS                                      0x200071bc   Data         128  app_ins.o(.bss)
    Param                                    0x2000723c   Data          28  app_ins.o(.bss)
    ChariqotRecognition_data                 0x20007258   Data          60  app_autoaim.o(.bss)
    visionDataSend                           0x20007294   Data          16  app_autoaim.o(.bss)
    visionDataGet                            0x200072a4   Data          16  app_autoaim.o(.bss)
    Referee_DrawData                         0x200072b4   Data          16  module_referee.o(.bss)
    GimbalPitch_gimbalPitchControlData       0x200072c4   Data         276  module_gimbal.o(.bss)
    GimbalYaw_gimbalYawControlData           0x200073d8   Data         284  module_gimbal.o(.bss)
    Shooter_ShooterControl                   0x200074f4   Data         600  module_shoot.o(.bss)
    Chassis_ControlData                      0x2000774c   Data        1136  module_chassis.o(.bss)
    Chassis_StatusData                       0x20007bbc   Data          40  module_chassis.o(.bss)
    BMI088_BMI088Data                        0x20007be4   Data         100  periph_bmi088.o(.bss)
    Motor_groupHandle                        0x20007c48   Data          12  periph_motor.o(.bss)
    Motor_ChassisMotors                      0x20007c54   Data          52  periph_motor.o(.bss)
    Motor_PitchMotors                        0x20007c88   Data          52  periph_motor.o(.bss)
    Motor_ShootMotors                        0x20007cbc   Data          52  periph_motor.o(.bss)
    Motor_ChassisFontRightMotor              0x20007cf0   Data          80  periph_motor.o(.bss)
    Motor_ChassisFontLeftMotor               0x20007d40   Data          80  periph_motor.o(.bss)
    Motor_ChassisBackLeftMotor               0x20007d90   Data          80  periph_motor.o(.bss)
    Motor_ChassisBackRightMotor              0x20007de0   Data          80  periph_motor.o(.bss)
    Motor_PitchMotor                         0x20007e30   Data          80  periph_motor.o(.bss)
    Motor_YawMotor                           0x20007e80   Data          80  periph_motor.o(.bss)
    Motor_ShootLeftMotor                     0x20007ed0   Data          80  periph_motor.o(.bss)
    Motor_ShootRightMotor                    0x20007f20   Data          80  periph_motor.o(.bss)
    Motor_FeedMotor                          0x20007f70   Data          80  periph_motor.o(.bss)
    Referee_dummyGraphicCmd                  0x20007fc0   Data          15  periph_referee.o(.bss)
    bref_data                                0x20007fd0   Data          12  periph_referee.o(.bss)
    Referee_TxData                           0x20007fdc   Data         300  periph_referee.o(.bss)
    Referee_RxData                           0x20008108   Data         300  periph_referee.o(.bss)
    Referee_RefereeData                      0x20008234   Data         544  periph_referee.o(.bss)
    Remote_RxData                            0x20008454   Data          54  periph_remote.o(.bss)
    Remote_RemoteData                        0x2000848c   Data          44  periph_remote.o(.bss)
    Servo_ammoContainerCapServo              0x200084b8   Data          64  periph_servo.o(.bss)
    Can_RxHeader                             0x200084f8   Data          28  util_can.o(.bss)
    Can_RxData                               0x20008514   Data         200  util_can.o(.bss)
    QuaternionEKF_K                          0x200085e0   Data          72  alg_quaternionekf.o(.bss)
    QuaternionEKF_H                          0x20008628   Data          72  alg_quaternionekf.o(.bss)
    QEKF_INS                                 0x20008670   Data         480  alg_quaternionekf.o(.bss)
    BusComm_TxData                           0x20008850   Data         100  protocol_common.o(.bss)
    BusComm_RxData                           0x200088b4   Data         100  protocol_common.o(.bss)
    Protocol_Data                            0x20008918   Data          28  protocol_common.o(.bss)
    __heap_base                              0x20008938   Data           0  startup_stm32f407xx.o(HEAP)
    __heap_limit                             0x2000a938   Data           0  startup_stm32f407xx.o(HEAP)
    __initial_sp                             0x2000e938   Data           0  startup_stm32f407xx.o(STACK)



==============================================================================

Memory Map of the image

  Image Entry point : 0x08000189

  Load Region LR_IROM1 (Base: 0x08000000, Size: 0x0000e03c, Max: 0x00100000, ABSOLUTE, COMPRESSED[0x0000dd30])

    Execution Region ER_IROM1 (Exec base: 0x08000000, Load base: 0x08000000, Size: 0x0000dc48, Max: 0x00100000, ABSOLUTE)

    Exec Addr    Load Addr    Size         Type   Attr      Idx    E Section Name        Object

    0x08000000   0x08000000   0x00000188   Data   RO            3    RESET               startup_stm32f407xx.o
    0x08000188   0x08000188   0x00000000   Code   RO         9484  * .ARM.Collect$$$$00000000  mc_w.l(entry.o)
    0x08000188   0x08000188   0x00000004   Code   RO         9593    .ARM.Collect$$$$00000001  mc_w.l(entry2.o)
    0x0800018c   0x0800018c   0x00000004   Code   RO         9596    .ARM.Collect$$$$00000004  mc_w.l(entry5.o)
    0x08000190   0x08000190   0x00000000   Code   RO         9598    .ARM.Collect$$$$00000008  mc_w.l(entry7b.o)
    0x08000190   0x08000190   0x00000000   Code   RO         9600    .ARM.Collect$$$$0000000A  mc_w.l(entry8b.o)
    0x08000190   0x08000190   0x00000008   Code   RO         9601    .ARM.Collect$$$$0000000B  mc_w.l(entry9a.o)
    0x08000198   0x08000198   0x00000000   Code   RO         9603    .ARM.Collect$$$$0000000D  mc_w.l(entry10a.o)
    0x08000198   0x08000198   0x00000000   Code   RO         9605    .ARM.Collect$$$$0000000F  mc_w.l(entry11a.o)
    0x08000198   0x08000198   0x00000004   Code   RO         9594    .ARM.Collect$$$$00002712  mc_w.l(entry2.o)
    0x0800019c   0x0800019c   0x000000be   Code   RO         5468    .emb_text           port.o
    0x0800025a   0x0800025a   0x00000002   PAD
    0x0800025c   0x0800025c   0x00000024   Code   RO            4    .text               startup_stm32f407xx.o
    0x08000280   0x08000280   0x00000062   Code   RO         9487    .text               mc_w.l(uldiv.o)
    0x080002e2   0x080002e2   0x00000024   Code   RO         9489    .text               mc_w.l(memcpya.o)
    0x08000306   0x08000306   0x00000024   Code   RO         9493    .text               mc_w.l(memseta.o)
    0x0800032a   0x0800032a   0x0000014e   Code   RO         9555    .text               mf_w.l(dadd.o)
    0x08000478   0x08000478   0x000000e4   Code   RO         9557    .text               mf_w.l(dmul.o)
    0x0800055c   0x0800055c   0x000000de   Code   RO         9559    .text               mf_w.l(ddiv.o)
    0x0800063a   0x0800063a   0x00000022   Code   RO         9563    .text               mf_w.l(dflti.o)
    0x0800065c   0x0800065c   0x00000032   Code   RO         9567    .text               mf_w.l(dfixui.o)
    0x0800068e   0x0800068e   0x00000026   Code   RO         9569    .text               mf_w.l(f2d.o)
    0x080006b4   0x080006b4   0x00000030   Code   RO         9571    .text               mf_w.l(cdcmple.o)
    0x080006e4   0x080006e4   0x00000030   Code   RO         9573    .text               mf_w.l(cdrcmple.o)
    0x08000714   0x08000714   0x00000038   Code   RO         9575    .text               mf_w.l(d2f.o)
    0x0800074c   0x0800074c   0x0000001e   Code   RO         9612    .text               mc_w.l(llshl.o)
    0x0800076a   0x0800076a   0x00000020   Code   RO         9614    .text               mc_w.l(llushr.o)
    0x0800078a   0x0800078a   0x00000024   Code   RO         9616    .text               mc_w.l(llsshr.o)
    0x080007ae   0x080007ae   0x00000000   Code   RO         9627    .text               mc_w.l(iusefp.o)
    0x080007ae   0x080007ae   0x0000006e   Code   RO         9628    .text               mf_w.l(fepilogue.o)
    0x0800081c   0x0800081c   0x000000ba   Code   RO         9630    .text               mf_w.l(depilogue.o)
    0x080008d6   0x080008d6   0x00000002   PAD
    0x080008d8   0x080008d8   0x00000024   Code   RO         9638    .text               mc_w.l(init.o)
    0x080008fc   0x080008fc   0x00000056   Code   RO         9650    .text               mc_w.l(__dczerorl2.o)
    0x08000952   0x08000952   0x00000002   PAD
    0x08000954   0x08000954   0x000000a0   Code   RO         9261    .text.arm_cos_f32   arm_cortexM4lf_math.lib(arm_cos_f32.o)
    0x080009f4   0x080009f4   0x000000be   Code   RO         9281    .text.arm_mat_add_f32  arm_cortexM4lf_math.lib(arm_mat_add_f32.o)
    0x08000ab2   0x08000ab2   0x00000008   Code   RO         9291    .text.arm_mat_init_f32  arm_cortexM4lf_math.lib(arm_mat_init_f32.o)
    0x08000aba   0x08000aba   0x00000002   PAD
    0x08000abc   0x08000abc   0x000002d0   Code   RO         9300    .text.arm_mat_inverse_f32  arm_cortexM4lf_math.lib(arm_mat_inverse_f32.o)
    0x08000d8c   0x08000d8c   0x0000013c   Code   RO         9310    .text.arm_mat_mult_f32  arm_cortexM4lf_math.lib(arm_mat_mult_f32.o)
    0x08000ec8   0x08000ec8   0x000000be   Code   RO         9320    .text.arm_mat_sub_f32  arm_cortexM4lf_math.lib(arm_mat_sub_f32.o)
    0x08000f86   0x08000f86   0x00000002   PAD
    0x08000f88   0x08000f88   0x000000b2   Code   RO         9330    .text.arm_mat_trans_f32  arm_cortexM4lf_math.lib(arm_mat_trans_f32.o)
    0x0800103a   0x0800103a   0x00000002   PAD
    0x0800103c   0x0800103c   0x00000098   Code   RO         9271    .text.arm_sin_f32   arm_cortexM4lf_math.lib(arm_sin_f32.o)
    0x080010d4   0x080010d4   0x00000180   Code   RO         6877    i.BMI088_BMI088AccelInit  periph_bmi088.o
    0x08001254   0x08001254   0x00000360   Code   RO         6879    i.BMI088_BMI088AccelTest  periph_bmi088.o
    0x080015b4   0x080015b4   0x00000218   Code   RO         6880    i.BMI088_BMI088DecodeData  periph_bmi088.o
    0x080017cc   0x080017cc   0x00000148   Code   RO         6881    i.BMI088_BMI088GyroInit  periph_bmi088.o
    0x08001914   0x08001914   0x00000124   Code   RO         6883    i.BMI088_BMI088GyroTest  periph_bmi088.o
    0x08001a38   0x08001a38   0x00000008   Code   RO         6885    i.BMI088_GetBMI088DataPtr  periph_bmi088.o
    0x08001a40   0x08001a40   0x000000cc   Code   RO         6886    i.BMI088_GetOffset  periph_bmi088.o
    0x08001b0c   0x08001b0c   0x00000050   Code   RO         6887    i.BMI088_Init       periph_bmi088.o
    0x08001b5c   0x08001b5c   0x0000003c   Code   RO         6889    i.BMI088_ResetBMI088Data  periph_bmi088.o
    0x08001b98   0x08001b98   0x000003e8   Code   RO         6890    i.BMI088_SetOffset  periph_bmi088.o
    0x08001f80   0x08001f80   0x000000ea   Code   RO         5803    i.BodyFrameToEarthFrame  app_ins.o
    0x0800206a   0x0800206a   0x00000002   Code   RO          624    i.BusFault_Handler  stm32f4xx_it.o
    0x0800206c   0x0800206c   0x0000000c   Code   RO          625    i.CAN1_RX0_IRQHandler  stm32f4xx_it.o
    0x08002078   0x08002078   0x0000000c   Code   RO          626    i.CAN2_RX0_IRQHandler  stm32f4xx_it.o
    0x08002084   0x08002084   0x00000030   Code   RO         8500    i.CRC_GetCRC16CheckSum  alg_crc.o
    0x080020b4   0x080020b4   0x0000001c   Code   RO         8501    i.CRC_GetCRC8CheckSum  alg_crc.o
    0x080020d0   0x080020d0   0x00000002   Code   RO         7876    i.Can_ErrorHandler  util_can.o
    0x080020d2   0x080020d2   0x00000002   PAD
    0x080020d4   0x080020d4   0x0000005c   Code   RO         7877    i.Can_InitFilterAndStart  util_can.o
    0x08002130   0x08002130   0x00000010   Code   RO         7878    i.Can_InitTxHeader  util_can.o
    0x08002140   0x08002140   0x0000003c   Code   RO         7879    i.Can_RxMessageCallback  util_can.o
    0x0800217c   0x0800217c   0x00000012   Code   RO         7880    i.Can_SendMessage   util_can.o
    0x0800218e   0x0800218e   0x00000002   PAD
    0x08002190   0x08002190   0x00000008   Code   RO         6786    i.Chassis_ChassisPtr  module_chassis.o
    0x08002198   0x08002198   0x0000004c   Code   RO         5943    i.Chassis_Follow    app_remote.o
    0x080021e4   0x080021e4   0x00000218   Code   RO         6788    i.Chassis_InitChassis  module_chassis.o
    0x080023fc   0x080023fc   0x00000054   Code   RO         6790    i.Chassis_ResetYawAngle  module_chassis.o
    0x08002450   0x08002450   0x0000000c   Code   RO         6792    i.Chassis_SetChassisMode  module_chassis.o
    0x0800245c   0x0800245c   0x00000300   Code   RO         6794    i.Chassis_SetChassisRef  module_chassis.o
    0x0800275c   0x0800275c   0x0000007c   Code   RO         6795    i.Chassis_SetChassisYawAngle  module_chassis.o
    0x080027d8   0x080027d8   0x00000008   Code   RO         6796    i.Chassis_StatusPtr  module_chassis.o
    0x080027e0   0x080027e0   0x00000008   Code   RO         6232    i.Chassis_Task      app_chassis.o
    0x080027e8   0x080027e8   0x0000000c   Code   RO          627    i.DMA1_Stream1_IRQHandler  stm32f4xx_it.o
    0x080027f4   0x080027f4   0x0000000c   Code   RO          628    i.DMA2_Stream1_IRQHandler  stm32f4xx_it.o
    0x08002800   0x08002800   0x0000000c   Code   RO          629    i.DMA2_Stream5_IRQHandler  stm32f4xx_it.o
    0x0800280c   0x0800280c   0x0000000c   Code   RO          630    i.DMA2_Stream7_IRQHandler  stm32f4xx_it.o
    0x08002818   0x08002818   0x0000002c   Code   RO         1600    i.DMA_CalcBaseAndBitshift  stm32f4xx_hal_dma.o
    0x08002844   0x08002844   0x00000078   Code   RO         1601    i.DMA_CheckFifoParam  stm32f4xx_hal_dma.o
    0x080028bc   0x080028bc   0x0000002a   Code   RO         1602    i.DMA_SetConfig     stm32f4xx_hal_dma.o
    0x080028e6   0x080028e6   0x00000002   PAD
    0x080028e8   0x080028e8   0x00000028   Code   RO         8391    i.DWT_CNT_Update    sys_dwt.o
    0x08002910   0x08002910   0x00000034   Code   RO         8392    i.DWT_Delay         sys_dwt.o
    0x08002944   0x08002944   0x00000048   Code   RO         8393    i.DWT_GetDeltaT     sys_dwt.o
    0x0800298c   0x0800298c   0x00000044   Code   RO         8396    i.DWT_GetTimeline_s  sys_dwt.o
    0x080029d0   0x080029d0   0x00000048   Code   RO         8398    i.DWT_Init          sys_dwt.o
    0x08002a18   0x08002a18   0x00000090   Code   RO         8399    i.DWT_SysTimeUpdate  sys_dwt.o
    0x08002aa8   0x08002aa8   0x00000002   Code   RO          631    i.DebugMon_Handler  stm32f4xx_it.o
    0x08002aaa   0x08002aaa   0x00000044   Code   RO         7142    i.Draw_AddArc       periph_referee.o
    0x08002aee   0x08002aee   0x0000003a   Code   RO         7143    i.Draw_AddCircle    periph_referee.o
    0x08002b28   0x08002b28   0x00000034   Code   RO         7145    i.Draw_AddFloat     periph_referee.o
    0x08002b5c   0x08002b5c   0x0000003c   Code   RO         7147    i.Draw_AddLine      periph_referee.o
    0x08002b98   0x08002b98   0x00000028   Code   RO         7150    i.Draw_ClearAll     periph_referee.o
    0x08002bc0   0x08002bc0   0x00000006   Code   RO          632    i.EXTI3_IRQHandler  stm32f4xx_it.o
    0x08002bc6   0x08002bc6   0x00000006   Code   RO          633    i.EXTI4_IRQHandler  stm32f4xx_it.o
    0x08002bcc   0x08002bcc   0x00000006   Code   RO          634    i.EXTI9_5_IRQHandler  stm32f4xx_it.o
    0x08002bd2   0x08002bd2   0x000000ea   Code   RO         5804    i.EarthFrameToBodyFrame  app_ins.o
    0x08002cbc   0x08002cbc   0x00000004   Code   RO           13    i.Error_Handler     main.o
    0x08002cc0   0x08002cc0   0x00000040   Code   RO         8575    i.Filter_LowPass    alg_filter.o
    0x08002d00   0x08002d00   0x00000006   Code   RO         8576    i.Filter_LowPassInit  alg_filter.o
    0x08002d06   0x08002d06   0x00000010   Code   RO         7998    i.GPIO_ReadPin      util_gpio.o
    0x08002d16   0x08002d16   0x0000001e   Code   RO         7999    i.GPIO_Reset        util_gpio.o
    0x08002d34   0x08002d34   0x0000001e   Code   RO         8000    i.GPIO_Set          util_gpio.o
    0x08002d52   0x08002d52   0x0000009e   Code   RO         6112    i.GetVisionData     app_autoaim.o
    0x08002df0   0x08002df0   0x00000084   Code   RO         6470    i.GimbalPitch_Control  module_gimbal.o
    0x08002e74   0x08002e74   0x00000008   Code   RO         6471    i.GimbalPitch_GetGimbalPitchPtr  module_gimbal.o
    0x08002e7c   0x08002e7c   0x0000009c   Code   RO         6472    i.GimbalPitch_InitGimbalPitch  module_gimbal.o
    0x08002f18   0x08002f18   0x00000030   Code   RO         6473    i.GimbalPitch_Output  module_gimbal.o
    0x08002f48   0x08002f48   0x00000014   Code   RO         6476    i.GimbalPitch_SetPitchRef  module_gimbal.o
    0x08002f5c   0x08002f5c   0x00000070   Code   RO         6477    i.GimbalYaw_Control  module_gimbal.o
    0x08002fcc   0x08002fcc   0x00000008   Code   RO         6478    i.GimbalYaw_GetGimbalYawPtr  module_gimbal.o
    0x08002fd4   0x08002fd4   0x0000009c   Code   RO         6479    i.GimbalYaw_InitGimbalYaw  module_gimbal.o
    0x08003070   0x08003070   0x0000000c   Code   RO         6484    i.GimbalYaw_SetYawRef  module_gimbal.o
    0x0800307c   0x0800307c   0x00000084   Code   RO         6485    i.Gimbal_LimitPitch  module_gimbal.o
    0x08003100   0x08003100   0x00000078   Code   RO         6486    i.Gimbal_LimitYaw   module_gimbal.o
    0x08003178   0x08003178   0x0000002c   Code   RO         5769    i.Gimbal_Task       app_gimbal.o
    0x080031a4   0x080031a4   0x00000024   Code   RO          863    i.HAL_CAN_ActivateNotification  stm32f4xx_hal_can.o
    0x080031c8   0x080031c8   0x000000e2   Code   RO          864    i.HAL_CAN_AddTxMessage  stm32f4xx_hal_can.o
    0x080032aa   0x080032aa   0x00000002   PAD
    0x080032ac   0x080032ac   0x00000110   Code   RO          865    i.HAL_CAN_ConfigFilter  stm32f4xx_hal_can.o
    0x080033bc   0x080033bc   0x00000002   Code   RO          868    i.HAL_CAN_ErrorCallback  stm32f4xx_hal_can.o
    0x080033be   0x080033be   0x00000112   Code   RO          871    i.HAL_CAN_GetRxMessage  stm32f4xx_hal_can.o
    0x080034d0   0x080034d0   0x000001fc   Code   RO          875    i.HAL_CAN_IRQHandler  stm32f4xx_hal_can.o
    0x080036cc   0x080036cc   0x00000152   Code   RO          876    i.HAL_CAN_Init      stm32f4xx_hal_can.o
    0x0800381e   0x0800381e   0x00000002   PAD
    0x08003820   0x08003820   0x00000100   Code   RO          384    i.HAL_CAN_MspInit   can.o
    0x08003920   0x08003920   0x00000002   Code   RO          883    i.HAL_CAN_RxFifo0FullCallback  stm32f4xx_hal_can.o
    0x08003922   0x08003922   0x00000002   PAD
    0x08003924   0x08003924   0x0000002c   Code   RO         7881    i.HAL_CAN_RxFifo0MsgPendingCallback  util_can.o
    0x08003950   0x08003950   0x00000002   Code   RO          885    i.HAL_CAN_RxFifo1FullCallback  stm32f4xx_hal_can.o
    0x08003952   0x08003952   0x00000002   PAD
    0x08003954   0x08003954   0x0000002c   Code   RO         7882    i.HAL_CAN_RxFifo1MsgPendingCallback  util_can.o
    0x08003980   0x08003980   0x00000002   Code   RO          887    i.HAL_CAN_SleepCallback  stm32f4xx_hal_can.o
    0x08003982   0x08003982   0x00000058   Code   RO          888    i.HAL_CAN_Start     stm32f4xx_hal_can.o
    0x080039da   0x080039da   0x00000002   Code   RO          890    i.HAL_CAN_TxMailbox0AbortCallback  stm32f4xx_hal_can.o
    0x080039dc   0x080039dc   0x00000002   Code   RO          891    i.HAL_CAN_TxMailbox0CompleteCallback  stm32f4xx_hal_can.o
    0x080039de   0x080039de   0x00000002   Code   RO          892    i.HAL_CAN_TxMailbox1AbortCallback  stm32f4xx_hal_can.o
    0x080039e0   0x080039e0   0x00000002   Code   RO          893    i.HAL_CAN_TxMailbox1CompleteCallback  stm32f4xx_hal_can.o
    0x080039e2   0x080039e2   0x00000002   Code   RO          894    i.HAL_CAN_TxMailbox2AbortCallback  stm32f4xx_hal_can.o
    0x080039e4   0x080039e4   0x00000002   Code   RO          895    i.HAL_CAN_TxMailbox2CompleteCallback  stm32f4xx_hal_can.o
    0x080039e6   0x080039e6   0x00000002   Code   RO          897    i.HAL_CAN_WakeUpFromRxMsgCallback  stm32f4xx_hal_can.o
    0x080039e8   0x080039e8   0x0000008e   Code   RO         1603    i.HAL_DMA_Abort     stm32f4xx_hal_dma.o
    0x08003a76   0x08003a76   0x00000024   Code   RO         1604    i.HAL_DMA_Abort_IT  stm32f4xx_hal_dma.o
    0x08003a9a   0x08003a9a   0x00000002   PAD
    0x08003a9c   0x08003a9c   0x000001d0   Code   RO         1608    i.HAL_DMA_IRQHandler  stm32f4xx_hal_dma.o
    0x08003c6c   0x08003c6c   0x000000d4   Code   RO         1609    i.HAL_DMA_Init      stm32f4xx_hal_dma.o
    0x08003d40   0x08003d40   0x00000046   Code   RO         1612    i.HAL_DMA_Start     stm32f4xx_hal_dma.o
    0x08003d86   0x08003d86   0x00000002   PAD
    0x08003d88   0x08003d88   0x00000024   Code   RO         2040    i.HAL_Delay         stm32f4xx_hal.o
    0x08003dac   0x08003dac   0x00000002   Code   RO         1494    i.HAL_GPIO_EXTI_Callback  stm32f4xx_hal_gpio.o
    0x08003dae   0x08003dae   0x00000002   PAD
    0x08003db0   0x08003db0   0x00000018   Code   RO         1495    i.HAL_GPIO_EXTI_IRQHandler  stm32f4xx_hal_gpio.o
    0x08003dc8   0x08003dc8   0x000001d0   Code   RO         1496    i.HAL_GPIO_Init     stm32f4xx_hal_gpio.o
    0x08003f98   0x08003f98   0x0000000e   Code   RO         1498    i.HAL_GPIO_ReadPin  stm32f4xx_hal_gpio.o
    0x08003fa6   0x08003fa6   0x0000000e   Code   RO         1500    i.HAL_GPIO_WritePin  stm32f4xx_hal_gpio.o
    0x08003fb4   0x08003fb4   0x0000000c   Code   RO         2046    i.HAL_GetTick       stm32f4xx_hal.o
    0x08003fc0   0x08003fc0   0x00000010   Code   RO         2052    i.HAL_IncTick       stm32f4xx_hal.o
    0x08003fd0   0x08003fd0   0x00000034   Code   RO         2053    i.HAL_Init          stm32f4xx_hal.o
    0x08004004   0x08004004   0x00000098   Code   RO          823    i.HAL_InitTick      stm32f4xx_hal_timebase_tim.o
    0x0800409c   0x0800409c   0x00000038   Code   RO          799    i.HAL_MspInit       stm32f4xx_hal_msp.o
    0x080040d4   0x080040d4   0x0000001a   Code   RO         1888    i.HAL_NVIC_EnableIRQ  stm32f4xx_hal_cortex.o
    0x080040ee   0x080040ee   0x00000002   PAD
    0x080040f0   0x080040f0   0x00000040   Code   RO         1894    i.HAL_NVIC_SetPriority  stm32f4xx_hal_cortex.o
    0x08004130   0x08004130   0x00000024   Code   RO         1895    i.HAL_NVIC_SetPriorityGrouping  stm32f4xx_hal_cortex.o
    0x08004154   0x08004154   0x0000014c   Code   RO         1097    i.HAL_RCC_ClockConfig  stm32f4xx_hal_rcc.o
    0x080042a0   0x080042a0   0x0000003c   Code   RO         1101    i.HAL_RCC_GetClockConfig  stm32f4xx_hal_rcc.o
    0x080042dc   0x080042dc   0x0000000c   Code   RO         1102    i.HAL_RCC_GetHCLKFreq  stm32f4xx_hal_rcc.o
    0x080042e8   0x080042e8   0x00000020   Code   RO         1104    i.HAL_RCC_GetPCLK1Freq  stm32f4xx_hal_rcc.o
    0x08004308   0x08004308   0x00000020   Code   RO         1105    i.HAL_RCC_GetPCLK2Freq  stm32f4xx_hal_rcc.o
    0x08004328   0x08004328   0x0000006c   Code   RO         1106    i.HAL_RCC_GetSysClockFreq  stm32f4xx_hal_rcc.o
    0x08004394   0x08004394   0x000003c0   Code   RO         1109    i.HAL_RCC_OscConfig  stm32f4xx_hal_rcc.o
    0x08004754   0x08004754   0x00000002   Code   RO         2298    i.HAL_SPI_ErrorCallback  stm32f4xx_hal_spi.o
    0x08004756   0x08004756   0x00000002   PAD
    0x08004758   0x08004758   0x00000104   Code   RO         2301    i.HAL_SPI_IRQHandler  stm32f4xx_hal_spi.o
    0x0800485c   0x0800485c   0x000000be   Code   RO         2302    i.HAL_SPI_Init      stm32f4xx_hal_spi.o
    0x0800491a   0x0800491a   0x00000002   PAD
    0x0800491c   0x0800491c   0x00000120   Code   RO          457    i.HAL_SPI_MspInit   spi.o
    0x08004a3c   0x08004a3c   0x000001fa   Code   RO         2311    i.HAL_SPI_TransmitReceive  stm32f4xx_hal_spi.o
    0x08004c36   0x08004c36   0x00000002   Code   RO         3330    i.HAL_TIMEx_BreakCallback  stm32f4xx_hal_tim_ex.o
    0x08004c38   0x08004c38   0x00000002   Code   RO         3331    i.HAL_TIMEx_CommutCallback  stm32f4xx_hal_tim_ex.o
    0x08004c3a   0x08004c3a   0x00000054   Code   RO         3333    i.HAL_TIMEx_ConfigBreakDeadTime  stm32f4xx_hal_tim_ex.o
    0x08004c8e   0x08004c8e   0x00000002   PAD
    0x08004c90   0x08004c90   0x00000090   Code   RO         3349    i.HAL_TIMEx_MasterConfigSynchronization  stm32f4xx_hal_tim_ex.o
    0x08004d20   0x08004d20   0x0000004a   Code   RO         2615    i.HAL_TIM_Base_Init  stm32f4xx_hal_tim.o
    0x08004d6a   0x08004d6a   0x00000002   PAD
    0x08004d6c   0x08004d6c   0x00000048   Code   RO          499    i.HAL_TIM_Base_MspInit  tim.o
    0x08004db4   0x08004db4   0x0000008c   Code   RO         2620    i.HAL_TIM_Base_Start_IT  stm32f4xx_hal_tim.o
    0x08004e40   0x08004e40   0x000000e8   Code   RO         2624    i.HAL_TIM_ConfigClockSource  stm32f4xx_hal_tim.o
    0x08004f28   0x08004f28   0x00000002   Code   RO         2649    i.HAL_TIM_IC_CaptureCallback  stm32f4xx_hal_tim.o
    0x08004f2a   0x08004f2a   0x00000138   Code   RO         2663    i.HAL_TIM_IRQHandler  stm32f4xx_hal_tim.o
    0x08005062   0x08005062   0x00000002   PAD
    0x08005064   0x08005064   0x00000054   Code   RO          500    i.HAL_TIM_MspPostInit  tim.o
    0x080050b8   0x080050b8   0x00000002   Code   RO         2666    i.HAL_TIM_OC_DelayElapsedCallback  stm32f4xx_hal_tim.o
    0x080050ba   0x080050ba   0x000000d8   Code   RO         2687    i.HAL_TIM_PWM_ConfigChannel  stm32f4xx_hal_tim.o
    0x08005192   0x08005192   0x0000004a   Code   RO         2690    i.HAL_TIM_PWM_Init  stm32f4xx_hal_tim.o
    0x080051dc   0x080051dc   0x00000028   Code   RO          502    i.HAL_TIM_PWM_MspInit  tim.o
    0x08005204   0x08005204   0x00000002   Code   RO         2693    i.HAL_TIM_PWM_PulseFinishedCallback  stm32f4xx_hal_tim.o
    0x08005206   0x08005206   0x00000002   PAD
    0x08005208   0x08005208   0x000000dc   Code   RO         2695    i.HAL_TIM_PWM_Start  stm32f4xx_hal_tim.o
    0x080052e4   0x080052e4   0x0000007c   Code   RO         2698    i.HAL_TIM_PWM_Stop  stm32f4xx_hal_tim.o
    0x08005360   0x08005360   0x00000014   Code   RO           14    i.HAL_TIM_PeriodElapsedCallback  main.o
    0x08005374   0x08005374   0x00000002   Code   RO         2706    i.HAL_TIM_TriggerCallback  stm32f4xx_hal_tim.o
    0x08005376   0x08005376   0x00000002   Code   RO         3609    i.HAL_UARTEx_RxEventCallback  stm32f4xx_hal_uart.o
    0x08005378   0x08005378   0x00000002   Code   RO         3623    i.HAL_UART_ErrorCallback  stm32f4xx_hal_uart.o
    0x0800537a   0x0800537a   0x00000002   PAD
    0x0800537c   0x0800537c   0x00000230   Code   RO         3626    i.HAL_UART_IRQHandler  stm32f4xx_hal_uart.o
    0x080055ac   0x080055ac   0x00000066   Code   RO         3627    i.HAL_UART_Init     stm32f4xx_hal_uart.o
    0x08005612   0x08005612   0x00000002   PAD
    0x08005614   0x08005614   0x00000240   Code   RO          571    i.HAL_UART_MspInit  usart.o
    0x08005854   0x08005854   0x00000002   Code   RO         3633    i.HAL_UART_RxCpltCallback  stm32f4xx_hal_uart.o
    0x08005856   0x08005856   0x000000ae   Code   RO         3635    i.HAL_UART_Transmit  stm32f4xx_hal_uart.o
    0x08005904   0x08005904   0x00000002   Code   RO         3638    i.HAL_UART_TxCpltCallback  stm32f4xx_hal_uart.o
    0x08005906   0x08005906   0x00000002   Code   RO          635    i.HardFault_Handler  stm32f4xx_it.o
    0x08005908   0x08005908   0x0000013c   Code   RO         7009    i.Hero_FeedMotor_rm3508_encoder_callback  periph_motor.o
    0x08005a44   0x08005a44   0x00000008   Code   RO         5806    i.INS_GetINSPtr     app_ins.o
    0x08005a4c   0x08005a4c   0x0000006c   Code   RO         5807    i.INS_Init          app_ins.o
    0x08005ab8   0x08005ab8   0x0000005c   Code   RO         5586    i.Init_InitAll      app_init.o
    0x08005b14   0x08005b14   0x00000018   Code   RO         5587    i.Init_Task         app_init.o
    0x08005b2c   0x08005b2c   0x000001e8   Code   RO         5808    i.Ins_Task          app_ins.o
    0x08005d14   0x08005d14   0x000000ec   Code   RO         8621    i.Kalman_Adjustment_H_K_R  alg_kalman.o
    0x08005e00   0x08005e00   0x00000332   Code   RO         8622    i.Kalman_FilterInit  alg_kalman.o
    0x08006132   0x08006132   0x0000003c   Code   RO         8623    i.Kalman_FilterMeasure  alg_kalman.o
    0x0800616e   0x0800616e   0x00000062   Code   RO         8624    i.Kalman_FilterPUpdate  alg_kalman.o
    0x080061d0   0x080061d0   0x0000006c   Code   RO         8625    i.Kalman_FilterPminusUpdate  alg_kalman.o
    0x0800623c   0x0800623c   0x000000be   Code   RO         8626    i.Kalman_FilterSetK  alg_kalman.o
    0x080062fa   0x080062fa   0x000000dc   Code   RO         8627    i.Kalman_FilterUpdate  alg_kalman.o
    0x080063d6   0x080063d6   0x00000074   Code   RO         8628    i.Kalman_FilterxhatMinusUpdate  alg_kalman.o
    0x0800644a   0x0800644a   0x00000080   Code   RO         8629    i.Kalman_FilterxhatUpdate  alg_kalman.o
    0x080064ca   0x080064ca   0x00000002   PAD
    0x080064cc   0x080064cc   0x00000044   Code   RO          385    i.MX_CAN1_Init      can.o
    0x08006510   0x08006510   0x00000044   Code   RO          386    i.MX_CAN2_Init      can.o
    0x08006554   0x08006554   0x0000008c   Code   RO          432    i.MX_DMA_Init       dma.o
    0x080065e0   0x080065e0   0x000000ac   Code   RO          262    i.MX_FREERTOS_Init  freertos.o
    0x0800668c   0x0800668c   0x00000170   Code   RO          226    i.MX_GPIO_Init      gpio.o
    0x080067fc   0x080067fc   0x00000048   Code   RO          458    i.MX_SPI1_Init      spi.o
    0x08006844   0x08006844   0x0000004c   Code   RO          503    i.MX_TIM12_Init     tim.o
    0x08006890   0x08006890   0x000000a0   Code   RO          504    i.MX_TIM1_Init      tim.o
    0x08006930   0x08006930   0x00000068   Code   RO          505    i.MX_TIM8_Init      tim.o
    0x08006998   0x08006998   0x00000038   Code   RO          572    i.MX_USART1_UART_Init  usart.o
    0x080069d0   0x080069d0   0x00000040   Code   RO          573    i.MX_USART3_UART_Init  usart.o
    0x08006a10   0x08006a10   0x00000038   Code   RO          574    i.MX_USART6_UART_Init  usart.o
    0x08006a48   0x08006a48   0x0000001c   Code   RO         8696    i.Math_Angle2Rad    alg_math.o
    0x08006a64   0x08006a64   0x00000048   Code   RO         8699    i.Math_Differential  alg_math.o
    0x08006aac   0x08006aac   0x0000002c   Code   RO         8703    i.Math_InvSqrt      alg_math.o
    0x08006ad8   0x08006ad8   0x00000002   Code   RO          636    i.MemManage_Handler  stm32f4xx_it.o
    0x08006ada   0x08006ada   0x00000002   PAD
    0x08006adc   0x08006adc   0x00000050   Code   RO         7010    i.Motor_EncoderDecodeCallback  periph_motor.o
    0x08006b2c   0x08006b2c   0x00000040   Code   RO         7011    i.Motor_GetMotorOutput  periph_motor.o
    0x08006b6c   0x08006b6c   0x00000150   Code   RO         7012    i.Motor_InitAllMotors  periph_motor.o
    0x08006cbc   0x08006cbc   0x00000030   Code   RO         7013    i.Motor_InitMotor   periph_motor.o
    0x08006cec   0x08006cec   0x00000034   Code   RO         7014    i.Motor_InitMotorGroup  periph_motor.o
    0x08006d20   0x08006d20   0x0000007a   Code   RO         7017    i.Motor_SendMotorGroupOutput  periph_motor.o
    0x08006d9a   0x08006d9a   0x00000006   Code   RO         7019    i.Motor_SetMotorOutput  periph_motor.o
    0x08006da0   0x08006da0   0x00000004   Code   RO         6113    i.MyUART_Init       app_autoaim.o
    0x08006da4   0x08006da4   0x00000002   Code   RO          637    i.NMI_Handler       stm32f4xx_it.o
    0x08006da6   0x08006da6   0x0000000e   Code   RO         8774    i.PID_AddPIDRef     alg_pid.o
    0x08006db4   0x08006db4   0x000002f0   Code   RO         8775    i.PID_CalcPID       alg_pid.o
    0x080070a4   0x080070a4   0x00000006   Code   RO         8777    i.PID_GetPIDFdb     alg_pid.o
    0x080070aa   0x080070aa   0x00000006   Code   RO         8778    i.PID_GetPIDOutput  alg_pid.o
    0x080070b0   0x080070b0   0x00000006   Code   RO         8779    i.PID_GetPIDRef     alg_pid.o
    0x080070b6   0x080070b6   0x00000072   Code   RO         8780    i.PID_InitPIDParam  alg_pid.o
    0x08007128   0x08007128   0x00000006   Code   RO         8781    i.PID_SetPIDFdb     alg_pid.o
    0x0800712e   0x0800712e   0x00000006   Code   RO         8782    i.PID_SetPIDRef     alg_pid.o
    0x08007134   0x08007134   0x00000050   Code   RO         8055    i.PWM_InitPWM       util_pwm.o
    0x08007184   0x08007184   0x00000064   Code   RO         8056    i.PWM_SetPWMDuty    util_pwm.o
    0x080071e8   0x080071e8   0x00000064   Code   RO         8057    i.PWM_SetPWMFreq    util_pwm.o
    0x0800724c   0x0800724c   0x0000001c   Code   RO         8058    i.PWM_StartPWM      util_pwm.o
    0x08007268   0x08007268   0x0000001c   Code   RO         8059    i.PWM_StopPWM       util_pwm.o
    0x08007284   0x08007284   0x00000004   Code   RO         7161    i.P_aerial_robot_energy  periph_referee.o
    0x08007288   0x08007288   0x0000000a   Code   RO         7162    i.P_ext_buff        periph_referee.o
    0x08007292   0x08007292   0x00000004   Code   RO         7163    i.P_ext_bullet_remaining  periph_referee.o
    0x08007296   0x08007296   0x00000004   Code   RO         7164    i.P_ext_dart_cmd    periph_referee.o
    0x0800729a   0x0800729a   0x00000004   Code   RO         7165    i.P_ext_dart_remaining_time  periph_referee.o
    0x0800729e   0x0800729e   0x00000004   Code   RO         7166    i.P_ext_dart_status  periph_referee.o
    0x080072a2   0x080072a2   0x0000000a   Code   RO         7167    i.P_ext_event_data  periph_referee.o
    0x080072ac   0x080072ac   0x00000004   Code   RO         7168    i.P_ext_game_result  periph_referee.o
    0x080072b0   0x080072b0   0x00000004   Code   RO         7169    i.P_ext_game_robot_HP  periph_referee.o
    0x080072b4   0x080072b4   0x00000018   Code   RO         7170    i.P_ext_game_robot_pos  periph_referee.o
    0x080072cc   0x080072cc   0x0000005e   Code   RO         7171    i.P_ext_game_robot_status  periph_referee.o
    0x0800732a   0x0800732a   0x0000001e   Code   RO         7172    i.P_ext_game_status  periph_referee.o
    0x08007348   0x08007348   0x00000024   Code   RO         7173    i.P_ext_power_heat_data  periph_referee.o
    0x0800736c   0x0800736c   0x00000004   Code   RO         7174    i.P_ext_referee_warning  periph_referee.o
    0x08007370   0x08007370   0x00000004   Code   RO         7175    i.P_ext_rfid_status  periph_referee.o
    0x08007374   0x08007374   0x00000004   Code   RO         7176    i.P_ext_robot_hurt  periph_referee.o
    0x08007378   0x08007378   0x00000018   Code   RO         7177    i.P_ext_shoot_data  periph_referee.o
    0x08007390   0x08007390   0x00000004   Code   RO         7178    i.P_ext_supply_projectile_action  periph_referee.o
    0x08007394   0x08007394   0x0000023c   Code   RO         5809    i.Param_Correction  app_ins.o
    0x080075d0   0x080075d0   0x00000008   Code   RO         9071    i.Protocol_GetBusDataPtr  protocol_common.o
    0x080075d8   0x080075d8   0x00000004   Code   RO         9072    i.Protocol_InitProtocol  protocol_common.o
    0x080075dc   0x080075dc   0x00000010   Code   RO         9074    i.Protocol_ResetProtocolData  protocol_common.o
    0x080075ec   0x080075ec   0x00000168   Code   RO         8846    i.QuaternionEKF_F_Linearization_P_Fading  alg_quaternionekf.o
    0x08007754   0x08007754   0x000000e4   Code   RO         8847    i.QuaternionEKF_Init  alg_quaternionekf.o
    0x08007838   0x08007838   0x00000034   Code   RO         8848    i.QuaternionEKF_Observe  alg_quaternionekf.o
    0x0800786c   0x0800786c   0x000000bc   Code   RO         8849    i.QuaternionEKF_SetH  alg_quaternionekf.o
    0x08007928   0x08007928   0x00000420   Code   RO         8850    i.QuaternionEKF_Update  alg_quaternionekf.o
    0x08007d48   0x08007d48   0x000003b0   Code   RO         8851    i.QuaternionEKF_xhatUpdate  alg_quaternionekf.o
    0x080080f8   0x080080f8   0x0000003c   Code   RO         7179    i.Referee_DecodeRefereeData  periph_referee.o
    0x08008134   0x08008134   0x000000a4   Code   RO         7180    i.Referee_DrawingBufferFlush  periph_referee.o
    0x080081d8   0x080081d8   0x00000038   Code   RO         7181    i.Referee_DrawingBufferPush  periph_referee.o
    0x08008210   0x08008210   0x0000002c   Code   RO         7182    i.Referee_DrawingBufferPushDummy  periph_referee.o
    0x0800823c   0x0800823c   0x00000022   Code   RO         7184    i.Referee_GetClientIDByRobotID  periph_referee.o
    0x0800825e   0x0800825e   0x00000002   PAD
    0x08008260   0x08008260   0x00000008   Code   RO         7185    i.Referee_GetRefereeDataPtr  periph_referee.o
    0x08008268   0x08008268   0x00000034   Code   RO         7186    i.Referee_InitReferee  periph_referee.o
    0x0800829c   0x0800829c   0x00000018   Code   RO         7187    i.Referee_IsDrawingBufferEmpty  periph_referee.o
    0x080082b4   0x080082b4   0x00000050   Code   RO         7189    i.Referee_PackFloatGraphicData  periph_referee.o
    0x08008304   0x08008304   0x000000d8   Code   RO         7190    i.Referee_PackGraphicData  periph_referee.o
    0x080083dc   0x080083dc   0x0000005c   Code   RO         7195    i.Referee_RXCallback  periph_referee.o
    0x08008438   0x08008438   0x0000001c   Code   RO         7196    i.Referee_ResetRefereeData  periph_referee.o
    0x08008454   0x08008454   0x0000009c   Code   RO         7197    i.Referee_SendDrawingCmd  periph_referee.o
    0x080084f0   0x080084f0   0x000000a0   Code   RO         7199    i.Referee_SendInteractiveData  periph_referee.o
    0x08008590   0x08008590   0x00000064   Code   RO         6291    i.Referee_Setup     module_referee.o
    0x080085f4   0x080085f4   0x00000050   Code   RO         6292    i.Referee_SetupAimLine  module_referee.o
    0x08008644   0x08008644   0x000000b4   Code   RO         6294    i.Referee_SetupCapState  module_referee.o
    0x080086f8   0x080086f8   0x00000022   Code   RO         6295    i.Referee_SetupCrosshair  module_referee.o
    0x0800871a   0x0800871a   0x00000002   PAD
    0x0800871c   0x0800871c   0x00000034   Code   RO         6298    i.Referee_SetupPitchMeter  module_referee.o
    0x08008750   0x08008750   0x00000054   Code   RO         6299    i.Referee_SetupWidthMark  module_referee.o
    0x080087a4   0x080087a4   0x00000010   Code   RO         7552    i.Remote_CancelChannelOffset  periph_remote.o
    0x080087b4   0x080087b4   0x0000003e   Code   RO         5944    i.Remote_ControlCom  app_remote.o
    0x080087f2   0x080087f2   0x00000060   Code   RO         7553    i.Remote_DecodeKeyboardData  periph_remote.o
    0x08008852   0x08008852   0x000000f2   Code   RO         7554    i.Remote_DecodeRemoteData  periph_remote.o
    0x08008944   0x08008944   0x0000002e   Code   RO         5945    i.Remote_FeedStateJudge  app_remote.o
    0x08008972   0x08008972   0x00000002   PAD
    0x08008974   0x08008974   0x00000008   Code   RO         5946    i.Remote_GetControlDataPtr  app_remote.o
    0x0800897c   0x0800897c   0x00000008   Code   RO         7555    i.Remote_GetRemoteDataPtr  periph_remote.o
    0x08008984   0x08008984   0x00000030   Code   RO         7556    i.Remote_InitRemote  periph_remote.o
    0x080089b4   0x080089b4   0x00000038   Code   RO         7557    i.Remote_IsRemoteError  periph_remote.o
    0x080089ec   0x080089ec   0x000002bc   Code   RO         5947    i.Remote_KeyMouseProcess  app_remote.o
    0x08008ca8   0x08008ca8   0x00000098   Code   RO         5948    i.Remote_MouseShooterModeSet  app_remote.o
    0x08008d40   0x08008d40   0x0000003c   Code   RO         7559    i.Remote_RXCallback  periph_remote.o
    0x08008d7c   0x08008d7c   0x0000016c   Code   RO         5949    i.Remote_RemoteProcess  app_remote.o
    0x08008ee8   0x08008ee8   0x00000104   Code   RO         5950    i.Remote_RemoteShooterModeSet  app_remote.o
    0x08008fec   0x08008fec   0x00000040   Code   RO         7560    i.Remote_ResetRemoteData  periph_remote.o
    0x0800902c   0x0800902c   0x0000000c   Code   RO         5952    i.Remote_Task       app_remote.o
    0x08009038   0x08009038   0x00000002   Code   RO         7561    i.Remote_ToSwitchState  periph_remote.o
    0x0800903a   0x0800903a   0x0000002e   Code   RO         5953    i.Remote_YawStateJudge  app_remote.o
    0x08009068   0x08009068   0x0000000c   Code   RO          638    i.SPI1_IRQHandler   stm32f4xx_it.o
    0x08009074   0x08009074   0x00000010   Code   RO         2329    i.SPI_DMAAbortOnError  stm32f4xx_hal_spi.o
    0x08009084   0x08009084   0x0000007c   Code   RO         2340    i.SPI_EndRxTxTransaction  stm32f4xx_hal_spi.o
    0x08009100   0x08009100   0x000000bc   Code   RO         2345    i.SPI_WaitFlagStateUntilTimeout  stm32f4xx_hal_spi.o
    0x080091bc   0x080091bc   0x00000084   Code   RO         6114    i.SendVisionData    app_autoaim.o
    0x08009240   0x08009240   0x00000030   Code   RO         6115    i.SendVisionData_Init  app_autoaim.o
    0x08009270   0x08009270   0x00000014   Code   RO         7645    i.Servo_InitAllServos  periph_servo.o
    0x08009284   0x08009284   0x00000040   Code   RO         7646    i.Servo_InitServo   periph_servo.o
    0x080092c4   0x080092c4   0x0000002c   Code   RO         7647    i.Servo_SetServoAngle  periph_servo.o
    0x080092f0   0x080092f0   0x0000000a   Code   RO         7648    i.Servo_StartServo  periph_servo.o
    0x080092fa   0x080092fa   0x0000000c   Code   RO         6053    i.Shoot_Task        app_shoot.o
    0x08009306   0x08009306   0x0000001a   Code   RO         6608    i.Shooter_AngleCorrect  module_shoot.o
    0x08009320   0x08009320   0x00000014   Code   RO         6609    i.Shooter_ChangeFeederMode  module_shoot.o
    0x08009334   0x08009334   0x0000000c   Code   RO         6610    i.Shooter_ChangeShooterMode  module_shoot.o
    0x08009340   0x08009340   0x00000012   Code   RO         6611    i.Shooter_Control   module_shoot.o
    0x08009352   0x08009352   0x00000002   PAD
    0x08009354   0x08009354   0x000000fc   Code   RO         6612    i.Shooter_FeederControl  module_shoot.o
    0x08009450   0x08009450   0x000000b0   Code   RO         6613    i.Shooter_FeederMotorLockedJudge  module_shoot.o
    0x08009500   0x08009500   0x00000028   Code   RO         6614    i.Shooter_FeederReady  module_shoot.o
    0x08009528   0x08009528   0x0000000c   Code   RO         6615    i.Shooter_ForceChangeFeederMode  module_shoot.o
    0x08009534   0x08009534   0x0000003e   Code   RO         6616    i.Shooter_GetRefereeSpeed  module_shoot.o
    0x08009572   0x08009572   0x0000003e   Code   RO         6617    i.Shooter_GetShootSpeedOffset  module_shoot.o
    0x080095b0   0x080095b0   0x00000008   Code   RO         6618    i.Shooter_GetShooterControlPtr  module_shoot.o
    0x080095b8   0x080095b8   0x000000d0   Code   RO         6619    i.Shooter_HeatCtrl  module_shoot.o
    0x08009688   0x08009688   0x00000158   Code   RO         6620    i.Shooter_InitShooter  module_shoot.o
    0x080097e0   0x080097e0   0x0000000c   Code   RO         6623    i.Shooter_SetFeederSpeed  module_shoot.o
    0x080097ec   0x080097ec   0x00000014   Code   RO         6624    i.Shooter_SetShooterSpeed  module_shoot.o
    0x08009800   0x08009800   0x000000f0   Code   RO         6625    i.Shooter_ShootControl  module_shoot.o
    0x080098f0   0x080098f0   0x0000001c   Code   RO         6626    i.Shooter_ShooterMotorOutput  module_shoot.o
    0x0800990c   0x0800990c   0x00000044   Code   RO         6627    i.Shooter_SingleShootCtrl  module_shoot.o
    0x08009950   0x08009950   0x0000000c   Code   RO         6628    i.Shooter_SingleShootReset  module_shoot.o
    0x0800995c   0x0800995c   0x00000036   Code   RO         6629    i.Shooter_UpdataControlData  module_shoot.o
    0x08009992   0x08009992   0x00000002   Code   RO         8468    i.SoftTimerCallback  sys_softtimer.o
    0x08009994   0x08009994   0x00000010   Code   RO         8469    i.SoftTimer_StartAll  sys_softtimer.o
    0x080099a4   0x080099a4   0x00000002   Code   RO         8105    i.Spi_ErrorHandler  util_spi.o
    0x080099a6   0x080099a6   0x00000020   Code   RO         8107    i.Spi_ReadMuliReg   util_spi.o
    0x080099c6   0x080099c6   0x00000020   Code   RO         8110    i.Spi_SwapAbyteData  util_spi.o
    0x080099e6   0x080099e6   0x00000002   PAD
    0x080099e8   0x080099e8   0x0000002c   Code   RO         5469    i.SysTick_Handler   port.o
    0x08009a14   0x08009a14   0x00000094   Code   RO           15    i.SystemClock_Config  main.o
    0x08009aa8   0x08009aa8   0x00000010   Code   RO         3971    i.SystemInit        system_stm32f4xx.o
    0x08009ab8   0x08009ab8   0x0000000c   Code   RO          639    i.TIM6_DAC_IRQHandler  stm32f4xx_it.o
    0x08009ac4   0x08009ac4   0x000000dc   Code   RO         2708    i.TIM_Base_SetConfig  stm32f4xx_hal_tim.o
    0x08009ba0   0x08009ba0   0x0000001a   Code   RO         2709    i.TIM_CCxChannelCmd  stm32f4xx_hal_tim.o
    0x08009bba   0x08009bba   0x00000014   Code   RO         2719    i.TIM_ETR_SetConfig  stm32f4xx_hal_tim.o
    0x08009bce   0x08009bce   0x00000010   Code   RO         2720    i.TIM_ITRx_SetConfig  stm32f4xx_hal_tim.o
    0x08009bde   0x08009bde   0x00000002   PAD
    0x08009be0   0x08009be0   0x00000068   Code   RO         2721    i.TIM_OC1_SetConfig  stm32f4xx_hal_tim.o
    0x08009c48   0x08009c48   0x00000074   Code   RO         2722    i.TIM_OC2_SetConfig  stm32f4xx_hal_tim.o
    0x08009cbc   0x08009cbc   0x00000070   Code   RO         2723    i.TIM_OC3_SetConfig  stm32f4xx_hal_tim.o
    0x08009d2c   0x08009d2c   0x00000054   Code   RO         2724    i.TIM_OC4_SetConfig  stm32f4xx_hal_tim.o
    0x08009d80   0x08009d80   0x00000022   Code   RO         2726    i.TIM_TI1_ConfigInputStage  stm32f4xx_hal_tim.o
    0x08009da2   0x08009da2   0x00000024   Code   RO         2728    i.TIM_TI2_ConfigInputStage  stm32f4xx_hal_tim.o
    0x08009dc6   0x08009dc6   0x00000002   PAD
    0x08009dc8   0x08009dc8   0x000000b8   Code   RO         6116    i.Tidy_send_vision  app_autoaim.o
    0x08009e80   0x08009e80   0x00000010   Code   RO         3640    i.UART_DMAAbortOnError  stm32f4xx_hal_uart.o
    0x08009e90   0x08009e90   0x0000004e   Code   RO         3650    i.UART_EndRxTransfer  stm32f4xx_hal_uart.o
    0x08009ede   0x08009ede   0x0000001a   Code   RO         3651    i.UART_EndTransmit_IT  stm32f4xx_hal_uart.o
    0x08009ef8   0x08009ef8   0x000000c8   Code   RO         3653    i.UART_Receive_IT   stm32f4xx_hal_uart.o
    0x08009fc0   0x08009fc0   0x00000114   Code   RO         3654    i.UART_SetConfig    stm32f4xx_hal_uart.o
    0x0800a0d4   0x0800a0d4   0x0000005e   Code   RO         3657    i.UART_Transmit_IT  stm32f4xx_hal_uart.o
    0x0800a132   0x0800a132   0x00000074   Code   RO         3658    i.UART_WaitOnFlagUntilTimeout  stm32f4xx_hal_uart.o
    0x0800a1a6   0x0800a1a6   0x00000002   PAD
    0x0800a1a8   0x0800a1a8   0x000000c4   Code   RO          640    i.USART1_IRQHandler  stm32f4xx_it.o
    0x0800a26c   0x0800a26c   0x00000018   Code   RO          641    i.USART3_IRQHandler  stm32f4xx_it.o
    0x0800a284   0x0800a284   0x00000018   Code   RO          642    i.USART6_IRQHandler  stm32f4xx_it.o
    0x0800a29c   0x0800a29c   0x00000006   Code   RO         8194    i.Uart_DMACurrentDataCounter  util_uart.o
    0x0800a2a2   0x0800a2a2   0x00000002   Code   RO         8195    i.Uart_ErrorHandler  util_uart.o
    0x0800a2a4   0x0800a2a4   0x00000014   Code   RO         8196    i.Uart_InitUartDMA  util_uart.o
    0x0800a2b8   0x0800a2b8   0x0000003a   Code   RO         8197    i.Uart_ReceiveDMA   util_uart.o
    0x0800a2f2   0x0800a2f2   0x00000026   Code   RO         8198    i.Uart_ReceiveHandler  util_uart.o
    0x0800a318   0x0800a318   0x00000030   Code   RO         8199    i.Uart_RxIdleCallback  util_uart.o
    0x0800a348   0x0800a348   0x00000014   Code   RO         8200    i.Uart_SendMessage  util_uart.o
    0x0800a35c   0x0800a35c   0x00000002   Code   RO          643    i.UsageFault_Handler  stm32f4xx_it.o
    0x0800a35e   0x0800a35e   0x00000026   Code   RO         9577    i.__ARM_fpclassifyf  m_wm.l(fpclassifyf.o)
    0x0800a384   0x0800a384   0x00000020   Code   RO         1901    i.__NVIC_SetPriority  stm32f4xx_hal_cortex.o
    0x0800a3a4   0x0800a3a4   0x00000118   Code   RO         9404    i.__hardfp_acosf    m_wm.l(acosf.o)
    0x0800a4bc   0x0800a4bc   0x0000012c   Code   RO         9416    i.__hardfp_asinf    m_wm.l(asinf.o)
    0x0800a5e8   0x0800a5e8   0x00000250   Code   RO         9428    i.__hardfp_atan2f   m_wm.l(atan2f.o)
    0x0800a838   0x0800a838   0x00000014   Code   RO         9440    i.__hardfp_fabs     m_wm.l(fabs.o)
    0x0800a84c   0x0800a84c   0x0000003a   Code   RO         9472    i.__hardfp_sqrtf    m_wm.l(sqrtf.o)
    0x0800a886   0x0800a886   0x00000006   Code   RO         9580    i.__mathlib_flt_infnan  m_wm.l(funder.o)
    0x0800a88c   0x0800a88c   0x00000006   Code   RO         9581    i.__mathlib_flt_infnan2  m_wm.l(funder.o)
    0x0800a892   0x0800a892   0x00000002   PAD
    0x0800a894   0x0800a894   0x00000010   Code   RO         9582    i.__mathlib_flt_invalid  m_wm.l(funder.o)
    0x0800a8a4   0x0800a8a4   0x00000010   Code   RO         9585    i.__mathlib_flt_underflow  m_wm.l(funder.o)
    0x0800a8b4   0x0800a8b4   0x0000000e   Code   RO         9644    i.__scatterload_copy  mc_w.l(handlers.o)
    0x0800a8c2   0x0800a8c2   0x00000002   Code   RO         9645    i.__scatterload_null  mc_w.l(handlers.o)
    0x0800a8c4   0x0800a8c4   0x0000000e   Code   RO         9646    i.__scatterload_zeroinit  mc_w.l(handlers.o)
    0x0800a8d2   0x0800a8d2   0x00000002   PAD
    0x0800a8d4   0x0800a8d4   0x0000000c   Code   RO         9622    i.__set_errno       mc_w.l(errno.o)
    0x0800a8e0   0x0800a8e0   0x0000000c   Code   RO         8972    i.buff2float        lib_buff.o
    0x0800a8ec   0x0800a8ec   0x000000d4   Code   RO         7022    i.gm6020_encoder_callback  periph_motor.o
    0x0800a9c0   0x0800a9c0   0x00000010   Code   RO         5032    i.inHandlerMode     cmsis_os.o
    0x0800a9d0   0x0800a9d0   0x00000024   Code   RO         7201    i.lqw_update_referee  periph_referee.o
    0x0800a9f4   0x0800a9f4   0x00000042   Code   RO           16    i.main              main.o
    0x0800aa36   0x0800aa36   0x0000000c   Code   RO         5034    i.makeFreeRtosPriority  cmsis_os.o
    0x0800aa42   0x0800aa42   0x00000002   PAD
    0x0800aa44   0x0800aa44   0x0000006c   Code   RO         9528    i.malloc            mc_w.l(malloc.o)
    0x0800aab0   0x0800aab0   0x00000010   Code   RO         5036    i.osDelay           cmsis_os.o
    0x0800aac0   0x0800aac0   0x0000000a   Code   RO         5039    i.osKernelStart     cmsis_os.o
    0x0800aaca   0x0800aaca   0x00000058   Code   RO         5073    i.osThreadCreate    cmsis_os.o
    0x0800ab22   0x0800ab22   0x00000002   PAD
    0x0800ab24   0x0800ab24   0x0000003c   Code   RO         5086    i.osTimerCreate     cmsis_os.o
    0x0800ab60   0x0800ab60   0x00000064   Code   RO         5088    i.osTimerStart      cmsis_os.o
    0x0800abc4   0x0800abc4   0x00000078   Code   RO         4502    i.prvAddCurrentTaskToDelayedList  tasks.o
    0x0800ac3c   0x0800ac3c   0x00000088   Code   RO         4503    i.prvAddNewTaskToReadyList  tasks.o
    0x0800acc4   0x0800acc4   0x00000058   Code   RO         4866    i.prvCheckForValidListAndQueue  timers.o
    0x0800ad1c   0x0800ad1c   0x0000003c   Code   RO         4504    i.prvCheckTasksWaitingTermination  tasks.o
    0x0800ad58   0x0800ad58   0x00000028   Code   RO         4149    i.prvCopyDataFromQueue  queue.o
    0x0800ad80   0x0800ad80   0x0000006e   Code   RO         4150    i.prvCopyDataToQueue  queue.o
    0x0800adee   0x0800adee   0x00000040   Code   RO         4505    i.prvDeleteTCB      tasks.o
    0x0800ae2e   0x0800ae2e   0x00000002   PAD
    0x0800ae30   0x0800ae30   0x00000024   Code   RO         4867    i.prvGetNextExpireTime  timers.o
    0x0800ae54   0x0800ae54   0x0000004c   Code   RO         5413    i.prvHeapInit       heap_4.o
    0x0800aea0   0x0800aea0   0x00000028   Code   RO         4506    i.prvIdleTask       tasks.o
    0x0800aec8   0x0800aec8   0x00000018   Code   RO         4153    i.prvInitialiseNewQueue  queue.o
    0x0800aee0   0x0800aee0   0x000000ac   Code   RO         4507    i.prvInitialiseNewTask  tasks.o
    0x0800af8c   0x0800af8c   0x00000050   Code   RO         4868    i.prvInitialiseNewTimer  timers.o
    0x0800afdc   0x0800afdc   0x00000058   Code   RO         4508    i.prvInitialiseTaskLists  tasks.o
    0x0800b034   0x0800b034   0x00000054   Code   RO         5414    i.prvInsertBlockIntoFreeList  heap_4.o
    0x0800b088   0x0800b088   0x00000040   Code   RO         4869    i.prvInsertTimerInActiveList  timers.o
    0x0800b0c8   0x0800b0c8   0x0000001a   Code   RO         4154    i.prvIsQueueEmpty   queue.o
    0x0800b0e2   0x0800b0e2   0x0000001e   Code   RO         4155    i.prvIsQueueFull    queue.o
    0x0800b100   0x0800b100   0x00000068   Code   RO         4870    i.prvProcessExpiredTimer  timers.o
    0x0800b168   0x0800b168   0x000000fc   Code   RO         4871    i.prvProcessReceivedCommands  timers.o
    0x0800b264   0x0800b264   0x0000006c   Code   RO         4872    i.prvProcessTimerOrBlockTask  timers.o
    0x0800b2d0   0x0800b2d0   0x00000024   Code   RO         4509    i.prvResetNextTaskUnblockTime  tasks.o
    0x0800b2f4   0x0800b2f4   0x0000002c   Code   RO         4873    i.prvSampleTimeNow  timers.o
    0x0800b320   0x0800b320   0x00000070   Code   RO         4874    i.prvSwitchTimerLists  timers.o
    0x0800b390   0x0800b390   0x0000002c   Code   RO         5470    i.prvTaskExitError  port.o
    0x0800b3bc   0x0800b3bc   0x00000014   Code   RO         4875    i.prvTimerTask      timers.o
    0x0800b3d0   0x0800b3d0   0x0000006a   Code   RO         4156    i.prvUnlockQueue    queue.o
    0x0800b43a   0x0800b43a   0x00000002   PAD
    0x0800b43c   0x0800b43c   0x000000dc   Code   RO         5415    i.pvPortMalloc      heap_4.o
    0x0800b518   0x0800b518   0x00000024   Code   RO         5471    i.pxPortInitialiseStack  port.o
    0x0800b53c   0x0800b53c   0x0000018c   Code   RO         7024    i.rm3508_encoder_callback  periph_motor.o
    0x0800b6c8   0x0800b6c8   0x00000020   Code   RO         5954    i.shooter_control   app_remote.o
    0x0800b6e8   0x0800b6e8   0x0000003e   Code   RO         9474    i.sqrtf             m_wm.l(sqrtf.o)
    0x0800b726   0x0800b726   0x00000004   Code   RO         8978    i.ui322buff         lib_buff.o
    0x0800b72a   0x0800b72a   0x00000002   PAD
    0x0800b72c   0x0800b72c   0x000000b8   Code   RO         7713    i.usart1_rx_dma_init  periph_autoaim.o
    0x0800b7e4   0x0800b7e4   0x00000054   Code   RO         7715    i.usart1_tx_dma_init  periph_autoaim.o
    0x0800b838   0x0800b838   0x00000026   Code   RO         4109    i.uxListRemove      list.o
    0x0800b85e   0x0800b85e   0x00000002   PAD
    0x0800b860   0x0800b860   0x00000014   Code   RO          269    i.vApplicationGetIdleTaskMemory  freertos.o
    0x0800b874   0x0800b874   0x00000018   Code   RO          270    i.vApplicationGetTimerTaskMemory  freertos.o
    0x0800b88c   0x0800b88c   0x00000016   Code   RO         4110    i.vListInitialise   list.o
    0x0800b8a2   0x0800b8a2   0x00000006   Code   RO         4111    i.vListInitialiseItem  list.o
    0x0800b8a8   0x0800b8a8   0x00000030   Code   RO         4112    i.vListInsert       list.o
    0x0800b8d8   0x0800b8d8   0x00000018   Code   RO         4113    i.vListInsertEnd    list.o
    0x0800b8f0   0x0800b8f0   0x00000040   Code   RO         5473    i.vPortEnterCritical  port.o
    0x0800b930   0x0800b930   0x0000002c   Code   RO         5474    i.vPortExitCritical  port.o
    0x0800b95c   0x0800b95c   0x00000064   Code   RO         5416    i.vPortFree         heap_4.o
    0x0800b9c0   0x0800b9c0   0x00000024   Code   RO         5475    i.vPortSetupTimerInterrupt  port.o
    0x0800b9e4   0x0800b9e4   0x00000054   Code   RO         5476    i.vPortValidateInterruptPriority  port.o
    0x0800ba38   0x0800ba38   0x00000024   Code   RO         4160    i.vQueueAddToRegistry  queue.o
    0x0800ba5c   0x0800ba5c   0x00000046   Code   RO         4163    i.vQueueWaitForMessageRestricted  queue.o
    0x0800baa2   0x0800baa2   0x00000002   PAD
    0x0800baa4   0x0800baa4   0x00000050   Code   RO         4521    i.vTaskDelay        tasks.o
    0x0800baf4   0x0800baf4   0x00000010   Code   RO         4525    i.vTaskInternalSetTimeOutState  tasks.o
    0x0800bb04   0x0800bb04   0x0000000c   Code   RO         4526    i.vTaskMissedYield  tasks.o
    0x0800bb10   0x0800bb10   0x00000034   Code   RO         4528    i.vTaskPlaceOnEventList  tasks.o
    0x0800bb44   0x0800bb44   0x0000003c   Code   RO         4529    i.vTaskPlaceOnEventListRestricted  tasks.o
    0x0800bb80   0x0800bb80   0x00000090   Code   RO         4536    i.vTaskStartScheduler  tasks.o
    0x0800bc10   0x0800bc10   0x000000bc   Code   RO         4537    i.vTaskSuspend      tasks.o
    0x0800bccc   0x0800bccc   0x00000010   Code   RO         4538    i.vTaskSuspendAll   tasks.o
    0x0800bcdc   0x0800bcdc   0x00000060   Code   RO         4539    i.vTaskSwitchContext  tasks.o
    0x0800bd3c   0x0800bd3c   0x000000f4   Code   RO         5477    i.xPortStartScheduler  port.o
    0x0800be30   0x0800be30   0x0000006c   Code   RO         4167    i.xQueueGenericCreateStatic  queue.o
    0x0800be9c   0x0800be9c   0x0000008c   Code   RO         4168    i.xQueueGenericReset  queue.o
    0x0800bf28   0x0800bf28   0x00000164   Code   RO         4169    i.xQueueGenericSend  queue.o
    0x0800c08c   0x0800c08c   0x000000c0   Code   RO         4170    i.xQueueGenericSendFromISR  queue.o
    0x0800c14c   0x0800c14c   0x0000013c   Code   RO         4178    i.xQueueReceive     queue.o
    0x0800c288   0x0800c288   0x00000090   Code   RO         4542    i.xTaskCheckForTimeOut  tasks.o
    0x0800c318   0x0800c318   0x00000064   Code   RO         4543    i.xTaskCreate       tasks.o
    0x0800c37c   0x0800c37c   0x0000005c   Code   RO         4544    i.xTaskCreateStatic  tasks.o
    0x0800c3d8   0x0800c3d8   0x0000001c   Code   RO         4549    i.xTaskGetSchedulerState  tasks.o
    0x0800c3f4   0x0800c3f4   0x0000000c   Code   RO         4550    i.xTaskGetTickCount  tasks.o
    0x0800c400   0x0800c400   0x000000d0   Code   RO         4552    i.xTaskIncrementTick  tasks.o
    0x0800c4d0   0x0800c4d0   0x00000098   Code   RO         4555    i.xTaskPriorityDisinherit  tasks.o
    0x0800c568   0x0800c568   0x0000007c   Code   RO         4557    i.xTaskRemoveFromEventList  tasks.o
    0x0800c5e4   0x0800c5e4   0x000000cc   Code   RO         4558    i.xTaskResumeAll    tasks.o
    0x0800c6b0   0x0800c6b0   0x00000034   Code   RO         4880    i.xTimerCreate      timers.o
    0x0800c6e4   0x0800c6e4   0x00000034   Code   RO         4881    i.xTimerCreateStatic  timers.o
    0x0800c718   0x0800c718   0x00000068   Code   RO         4882    i.xTimerCreateTimerTask  timers.o
    0x0800c780   0x0800c780   0x0000006c   Code   RO         4883    i.xTimerGenericCommand  timers.o
    0x0800c7ec   0x0800c7ec   0x0000008c   Code   RO         6488    i.yaw_reset_offset  module_gimbal.o
    0x0800c878   0x0800c878   0x000000b0   Data   RO          272    .constdata          freertos.o
    0x0800c928   0x0800c928   0x00000008   Data   RO         1615    .constdata          stm32f4xx_hal_dma.o
    0x0800c930   0x0800c930   0x00000010   Data   RO         3972    .constdata          system_stm32f4xx.o
    0x0800c940   0x0800c940   0x00000008   Data   RO         3973    .constdata          system_stm32f4xx.o
    0x0800c948   0x0800c948   0x00000030   Data   RO         5813    .constdata          app_ins.o
    0x0800c978   0x0800c978   0x000000c0   Data   RO         6311    .constdata          module_referee.o
    0x0800ca38   0x0800ca38   0x00000012   Data   RO         6892    .constdata          periph_bmi088.o
    0x0800ca4a   0x0800ca4a   0x00000002   PAD
    0x0800ca4c   0x0800ca4c   0x000000d0   Data   RO         7221    .constdata          periph_referee.o
    0x0800cb1c   0x0800cb1c   0x00000004   Data   RO         8305    .constdata          sys_const.o
    0x0800cb20   0x0800cb20   0x00000004   Data   RO         8306    .constdata          sys_const.o
    0x0800cb24   0x0800cb24   0x00000004   Data   RO         8307    .constdata          sys_const.o
    0x0800cb28   0x0800cb28   0x00000004   Data   RO         8308    .constdata          sys_const.o
    0x0800cb2c   0x0800cb2c   0x00000004   Data   RO         8309    .constdata          sys_const.o
    0x0800cb30   0x0800cb30   0x00000004   Data   RO         8310    .constdata          sys_const.o
    0x0800cb34   0x0800cb34   0x00000004   Data   RO         8311    .constdata          sys_const.o
    0x0800cb38   0x0800cb38   0x00000004   Data   RO         8314    .constdata          sys_const.o
    0x0800cb3c   0x0800cb3c   0x00000004   Data   RO         8315    .constdata          sys_const.o
    0x0800cb40   0x0800cb40   0x00000004   Data   RO         8316    .constdata          sys_const.o
    0x0800cb44   0x0800cb44   0x00000004   Data   RO         8317    .constdata          sys_const.o
    0x0800cb48   0x0800cb48   0x00000004   Data   RO         8318    .constdata          sys_const.o
    0x0800cb4c   0x0800cb4c   0x00000004   Data   RO         8319    .constdata          sys_const.o
    0x0800cb50   0x0800cb50   0x00000004   Data   RO         8321    .constdata          sys_const.o
    0x0800cb54   0x0800cb54   0x00000004   Data   RO         8322    .constdata          sys_const.o
    0x0800cb58   0x0800cb58   0x00000004   Data   RO         8323    .constdata          sys_const.o
    0x0800cb5c   0x0800cb5c   0x00000004   Data   RO         8327    .constdata          sys_const.o
    0x0800cb60   0x0800cb60   0x00000004   Data   RO         8330    .constdata          sys_const.o
    0x0800cb64   0x0800cb64   0x00000004   Data   RO         8331    .constdata          sys_const.o
    0x0800cb68   0x0800cb68   0x00000004   Data   RO         8332    .constdata          sys_const.o
    0x0800cb6c   0x0800cb6c   0x00000004   Data   RO         8333    .constdata          sys_const.o
    0x0800cb70   0x0800cb70   0x00000004   Data   RO         8334    .constdata          sys_const.o
    0x0800cb74   0x0800cb74   0x00000004   Data   RO         8335    .constdata          sys_const.o
    0x0800cb78   0x0800cb78   0x00000004   Data   RO         8336    .constdata          sys_const.o
    0x0800cb7c   0x0800cb7c   0x00000050   Data   RO         8337    .constdata          sys_const.o
    0x0800cbcc   0x0800cbcc   0x00000050   Data   RO         8338    .constdata          sys_const.o
    0x0800cc1c   0x0800cc1c   0x00000050   Data   RO         8339    .constdata          sys_const.o
    0x0800cc6c   0x0800cc6c   0x00000050   Data   RO         8340    .constdata          sys_const.o
    0x0800ccbc   0x0800ccbc   0x00000050   Data   RO         8341    .constdata          sys_const.o
    0x0800cd0c   0x0800cd0c   0x00000050   Data   RO         8342    .constdata          sys_const.o
    0x0800cd5c   0x0800cd5c   0x00000050   Data   RO         8343    .constdata          sys_const.o
    0x0800cdac   0x0800cdac   0x00000050   Data   RO         8344    .constdata          sys_const.o
    0x0800cdfc   0x0800cdfc   0x00000050   Data   RO         8345    .constdata          sys_const.o
    0x0800ce4c   0x0800ce4c   0x00000050   Data   RO         8346    .constdata          sys_const.o
    0x0800ce9c   0x0800ce9c   0x00000050   Data   RO         8347    .constdata          sys_const.o
    0x0800ceec   0x0800ceec   0x00000050   Data   RO         8348    .constdata          sys_const.o
    0x0800cf3c   0x0800cf3c   0x00000050   Data   RO         8349    .constdata          sys_const.o
    0x0800cf8c   0x0800cf8c   0x00000050   Data   RO         8350    .constdata          sys_const.o
    0x0800cfdc   0x0800cfdc   0x00000004   Data   RO         8351    .constdata          sys_const.o
    0x0800cfe0   0x0800cfe0   0x00000090   Data   RO         8353    .constdata          sys_const.o
    0x0800d070   0x0800d070   0x00000300   Data   RO         8506    .constdata          alg_crc.o
    0x0800d370   0x0800d370   0x00000060   Data   RO          273    .conststring        freertos.o
    0x0800d3d0   0x0800d3d0   0x00000052   Data   RO         6335    .conststring        module_referee.o
    0x0800d422   0x0800d422   0x00000002   PAD
    0x0800d424   0x0800d424   0x00000804   Data   RO         9396    .rodata.sinTable_f32  arm_cortexM4lf_math.lib(arm_common_tables.o)
    0x0800dc28   0x0800dc28   0x00000020   Data   RO         9642    Region$$Table       anon$$obj.o


    Execution Region RW_IRAM1 (Exec base: 0x20000000, Load base: 0x0800dc48, Size: 0x0000e938, Max: 0x0001c000, ABSOLUTE, COMPRESSED[0x000000e8])

    Exec Addr    Load Addr    Size         Type   Attr      Idx    E Section Name        Object

    0x20000000   COMPRESSED   0x0000001c   Data   RW          275    .data               freertos.o
    0x2000001c   COMPRESSED   0x00000004   Data   RW          388    .data               can.o
    0x20000020   COMPRESSED   0x00000001   Data   RW          644    .data               stm32f4xx_it.o
    0x20000021   COMPRESSED   0x00000003   PAD
    0x20000024   COMPRESSED   0x0000000c   Data   RW         2060    .data               stm32f4xx_hal.o
    0x20000030   COMPRESSED   0x00000004   Data   RW         3974    .data               system_stm32f4xx.o
    0x20000034   COMPRESSED   0x0000003c   Data   RW         4561    .data               tasks.o
    0x20000070   COMPRESSED   0x00000014   Data   RW         4891    .data               timers.o
    0x20000084   COMPRESSED   0x00000020   Data   RW         5422    .data               heap_4.o
    0x200000a4   COMPRESSED   0x0000000c   Data   RW         5478    .data               port.o
    0x200000b0   COMPRESSED   0x0000003c   Data   RW         5814    .data               app_ins.o
    0x200000ec   COMPRESSED   0x00000020   Data   RW         5955    .data               app_remote.o
    0x2000010c   COMPRESSED   0x00000034   Data   RW         6168    .data               app_autoaim.o
    0x20000140   COMPRESSED   0x00000030   Data   RW         6336    .data               module_referee.o
    0x20000170   COMPRESSED   0x00000010   Data   RW         6631    .data               module_shoot.o
    0x20000180   COMPRESSED   0x00000004   Data   RW         6798    .data               module_chassis.o
    0x20000184   COMPRESSED   0x00000034   Data   RW         6894    .data               periph_bmi088.o
    0x200001b8   COMPRESSED   0x00000008   Data   RW         7227    .data               periph_referee.o
    0x200001c0   COMPRESSED   0x00000004   Data   RW         7568    .data               periph_remote.o
    0x200001c4   COMPRESSED   0x00000014   Data   RW         8001    .data               util_gpio.o
    0x200001d8   COMPRESSED   0x00000014   Data   RW         8002    .data               util_gpio.o
    0x200001ec   COMPRESSED   0x00000014   Data   RW         8003    .data               util_gpio.o
    0x20000200   COMPRESSED   0x00000004   Data   RW         8006    .data               util_gpio.o
    0x20000204   COMPRESSED   0x00000004   Data   RW         8007    .data               util_gpio.o
    0x20000208   COMPRESSED   0x00000004   Data   RW         8010    .data               util_gpio.o
    0x2000020c   COMPRESSED   0x00000004   Data   RW         8354    .data               sys_const.o
    0x20000210   COMPRESSED   0x00000004   Data   RW         8355    .data               sys_const.o
    0x20000214   COMPRESSED   0x00000004   Data   RW         8356    .data               sys_const.o
    0x20000218   COMPRESSED   0x00000004   Data   RW         8358    .data               sys_const.o
    0x2000021c   COMPRESSED   0x00000004   Data   RW         8359    .data               sys_const.o
    0x20000220   COMPRESSED   0x00000004   Data   RW         8360    .data               sys_const.o
    0x20000224   COMPRESSED   0x00000004   Data   RW         8361    .data               sys_const.o
    0x20000228   COMPRESSED   0x00000004   Data   RW         8362    .data               sys_const.o
    0x2000022c   COMPRESSED   0x00000004   Data   RW         8363    .data               sys_const.o
    0x20000230   COMPRESSED   0x00000050   Data   RW         8364    .data               sys_const.o
    0x20000280   COMPRESSED   0x00000050   Data   RW         8365    .data               sys_const.o
    0x200002d0   COMPRESSED   0x00000090   Data   RW         8366    .data               sys_const.o
    0x20000360   COMPRESSED   0x00000040   Data   RW         8400    .data               sys_dwt.o
    0x200003a0   COMPRESSED   0x00000004   Data   RW         8507    .data               alg_crc.o
    0x200003a4   COMPRESSED   0x00000044   Data   RW         8853    .data               alg_quaternionekf.o
    0x200003e8   COMPRESSED   0x00000004   Data   RW         9618    .data               mc_w.l(mvars.o)
    0x200003ec   COMPRESSED   0x00000004   Data   RW         9619    .data               mc_w.l(mvars.o)
    0x200003f0   COMPRESSED   0x00000004   Data   RW         9623    .data               mc_w.l(errno.o)
    0x200003f4        -       0x000006a8   Zero   RW          271    .bss                freertos.o
    0x20000a9c        -       0x00000050   Zero   RW          387    .bss                can.o
    0x20000aec        -       0x00000118   Zero   RW          459    .bss                spi.o
    0x20000c04        -       0x000000d8   Zero   RW          506    .bss                tim.o
    0x20000cdc        -       0x00000258   Zero   RW          575    .bss                usart.o
    0x20000f34        -       0x00000048   Zero   RW          826    .bss                stm32f4xx_hal_timebase_tim.o
    0x20000f7c        -       0x00000040   Zero   RW         4181    .bss                queue.o
    0x20000fbc        -       0x000000f0   Zero   RW         4560    .bss                tasks.o
    0x200010ac        -       0x00000110   Zero   RW         4890    .bss                timers.o
    0x200011bc        -       0x00006000   Zero   RW         5421    .bss                heap_4.o
    0x200071bc        -       0x0000009c   Zero   RW         5812    .bss                app_ins.o
    0x20007258        -       0x0000003c   Zero   RW         6121    .bss                app_autoaim.o
    0x20007294        -       0x00000010   Zero   RW         6126    .bss                app_autoaim.o
    0x200072a4        -       0x00000010   Zero   RW         6127    .bss                app_autoaim.o
    0x200072b4        -       0x00000010   Zero   RW         6308    .bss                module_referee.o
    0x200072c4        -       0x00000230   Zero   RW         6489    .bss                module_gimbal.o
    0x200074f4        -       0x00000258   Zero   RW         6630    .bss                module_shoot.o
    0x2000774c        -       0x00000498   Zero   RW         6797    .bss                module_chassis.o
    0x20007be4        -       0x00000064   Zero   RW         6891    .bss                periph_bmi088.o
    0x20007c48        -       0x00000378   Zero   RW         7026    .bss                periph_motor.o
    0x20007fc0        -       0x00000494   Zero   RW         7202    .bss                periph_referee.o
    0x20008454        -       0x00000064   Zero   RW         7562    .bss                periph_remote.o
    0x200084b8        -       0x00000040   Zero   RW         7650    .bss                periph_servo.o
    0x200084f8        -       0x000000e4   Zero   RW         7883    .bss                util_can.o
    0x200085dc   COMPRESSED   0x00000004   PAD
    0x200085e0        -       0x00000270   Zero   RW         8852    .bss                alg_quaternionekf.o
    0x20008850        -       0x000000e4   Zero   RW         9081    .bss                protocol_common.o
    0x20008934   COMPRESSED   0x00000004   PAD
    0x20008938        -       0x00002000   Zero   RW            2    HEAP                startup_stm32f407xx.o
    0x2000a938        -       0x00004000   Zero   RW            1    STACK               startup_stm32f407xx.o


    Execution Region RW_IRAM2 (Exec base: 0x2001c000, Load base: 0x0800dd30, Size: 0x00000000, Max: 0x00004000, ABSOLUTE)

    **** No section assigned to this execution region ****


==============================================================================

Image component sizes


      Code (inc. data)   RO Data    RW Data    ZI Data      Debug   Object Name

        76          8        768          4          0       2164   alg_crc.o
        70          0          0          0          0       2230   alg_filter.o
      1974          0          0          0          0       8322   alg_kalman.o
       144         14          0          0          0       1856   alg_math.o
       910          0          0          0          0       6028   alg_pid.o
      2828        164          0         68        624       7426   alg_quaternionekf.o
       526         40          0         52         92       9765   app_autoaim.o
         8          0          0          0          0        499   app_chassis.o
         0          0          0          0          0        972   app_communicate.o
        44          4          0          0          0        558   app_gimbal.o
       116         14          0          0          0      12556   app_init.o
      1644         72         48         60        156       6362   app_ins.o
      1758        178          0         32          0       9855   app_remote.o
        12          0          0          0          0        497   app_shoot.o
       392         42          0          4         80       2446   can.o
       302          8          0          0          0      30434   cmsis_os.o
       140          4          0          0          0        818   dma.o
         0          0          0          0          0      19652   event_groups.o
       216         20        272         28       1704       8204   freertos.o
       368         20          0          0          0       1131   gpio.o
       480         26          0         32      24576       4975   heap_4.o
        16          0          0          0          0       1397   lib_buff.o
       138          0          0          0          0       3538   list.o
       238         14          0          0          0     737788   main.o
      1540        120          0          4       1176       6610   module_chassis.o
      1044        108          0          0        560       9648   module_gimbal.o
       530         50        274         48         16       7513   module_referee.o
      1674        148          0         16        600      17049   module_shoot.o
       268         38          0          0          0       1130   periph_autoaim.o
      3756        156         18         52        100      20632   periph_bmi088.o
      1632         84          0          0        888      10362   periph_motor.o
      1760         94        208          8       1172      36628   periph_referee.o
       592         24          0          4        100       8186   periph_remote.o
       138         34          0          0         64       3747   periph_servo.o
       786         84          0         12          0      11893   port.o
        28          4          0          0        228       3514   protocol_common.o
      1554         20          0          0         64      17568   queue.o
       360         32          0          0        280       1879   spi.o
        36          8        392          0      24576        832   startup_stm32f407xx.o
       116         18          0         12          0       8690   stm32f4xx_hal.o
      1764          6          0          0          0      14019   stm32f4xx_hal_can.o
       158         14          0          0          0      33098   stm32f4xx_hal_cortex.o
      1130         14          8          0          0       7359   stm32f4xx_hal_dma.o
       518         50          0          0          0       4179   stm32f4xx_hal_gpio.o
        56          4          0          0          0        826   stm32f4xx_hal_msp.o
      1536         88          0          0          0       6969   stm32f4xx_hal_rcc.o
      1286         20          0          0          0       7186   stm32f4xx_hal_spi.o
      2168        150          0          0          0      17209   stm32f4xx_hal_tim.o
       232         30          0          0          0       3385   stm32f4xx_hal_tim_ex.o
       152         20          0          0         72       1515   stm32f4xx_hal_timebase_tim.o
      1650         14          0          0          0      11728   stm32f4xx_hal_uart.o
       370         86          0          1          0      18751   stm32f4xx_it.o
         0          0          0          0          0        384   stream_buffer.o
         0          0       1364        340          0       4774   sys_const.o
       448         70          0         64          0       4398   sys_dwt.o
        18          6          0          0          0        989   sys_softtimer.o
        16          4         24          4          0       1095   system_stm32f4xx.o
      2444        186          0         60        240      28965   tasks.o
       536         64          0          0        216       4122   tim.o
      1224         88          0         20        272      33887   timers.o
       752         78          0          0        600       3484   usart.o
       276         22          0          0        228       5135   util_can.o
        76          0          0         72          0       3223   util_gpio.o
       336         24          0          0          0       3485   util_pwm.o
        66          0          0          0          0       2181   util_spi.o
       192         10          0          0          0       4589   util_uart.o

    ----------------------------------------------------------------------
     45692       2698       3412       1000      58692    1272289   Object Totals
         0          0         32          0          0          0   (incl. Generated)
        74          0          4          3          8          0   (incl. Padding)

    ----------------------------------------------------------------------

      Code (inc. data)   RO Data    RW Data    ZI Data      Debug   Library Member Name

         0          0       2052          0          0       3698   arm_common_tables.o
       160         12          0          0          0       1107   arm_cos_f32.o
       190          0          0          0          0       1726   arm_mat_add_f32.o
         8          0          0          0          0        845   arm_mat_init_f32.o
       720          4          0          0          0       3399   arm_mat_inverse_f32.o
       316          4          0          0          0       2307   arm_mat_mult_f32.o
       190          0          0          0          0       1726   arm_mat_sub_f32.o
       178          0          0          0          0       1817   arm_mat_trans_f32.o
       152         12          0          0          0       1102   arm_sin_f32.o
       280         46          0          0          0        176   acosf.o
       300         42          0          0          0        176   asinf.o
       592         90          0          0          0        184   atan2f.o
        20          0          0          0          0        124   fabs.o
        38          0          0          0          0        116   fpclassifyf.o
        44         12          0          0          0        464   funder.o
       120          0          0          0          0        272   sqrtf.o
        86          0          0          0          0          0   __dczerorl2.o
         0          0          0          0          0          0   entry.o
         0          0          0          0          0          0   entry10a.o
         0          0          0          0          0          0   entry11a.o
         8          4          0          0          0          0   entry2.o
         4          0          0          0          0          0   entry5.o
         0          0          0          0          0          0   entry7b.o
         0          0          0          0          0          0   entry8b.o
         8          4          0          0          0          0   entry9a.o
        12          6          0          4          0         68   errno.o
        30          0          0          0          0          0   handlers.o
        36          8          0          0          0         68   init.o
         0          0          0          0          0          0   iusefp.o
        30          0          0          0          0         68   llshl.o
        36          0          0          0          0         68   llsshr.o
        32          0          0          0          0         68   llushr.o
       108         16          0          0          0         84   malloc.o
        36          0          0          0          0         68   memcpya.o
        36          0          0          0          0        108   memseta.o
         0          0          0          8          0          0   mvars.o
        98          0          0          0          0         92   uldiv.o
        48          0          0          0          0         68   cdcmple.o
        48          0          0          0          0         68   cdrcmple.o
        56          0          0          0          0         88   d2f.o
       334          0          0          0          0        148   dadd.o
       222          0          0          0          0        100   ddiv.o
       186          0          0          0          0        176   depilogue.o
        50          0          0          0          0         76   dfixui.o
        34          0          0          0          0         76   dflti.o
       228          0          0          0          0         96   dmul.o
        38          0          0          0          0         68   f2d.o
       110          0          0          0          0        168   fepilogue.o

    ----------------------------------------------------------------------
      5236        260       2052         12          0      21063   Library Totals
        14          0          0          0          0          0   (incl. Padding)

    ----------------------------------------------------------------------

      Code (inc. data)   RO Data    RW Data    ZI Data      Debug   Library Name

      1914         32       2052          0          0      17727   arm_cortexM4lf_math.lib
      1394        190          0          0          0       1512   m_wm.l
       560         38          0         12          0        692   mc_w.l
      1354          0          0          0          0       1132   mf_w.l

    ----------------------------------------------------------------------
      5236        260       2052         12          0      21063   Library Totals

    ----------------------------------------------------------------------

==============================================================================


      Code (inc. data)   RO Data    RW Data    ZI Data      Debug   

     50928       2958       5464       1012      58692    1250240   Grand Totals
     50928       2958       5464        232      58692    1250240   ELF Image Totals (compressed)
     50928       2958       5464        232          0          0   ROM Totals

==============================================================================

    Total RO  Size (Code + RO Data)                56392 (  55.07kB)
    Total RW  Size (RW Data + ZI Data)             59704 (  58.30kB)
    Total ROM Size (Code + RO Data + RW Data)      56624 (  55.30kB)

==============================================================================

